Archive member included to satisfy reference by file (symbol)

/usr/lib/gcc/x86_64-linux-gnu/11/../../../x86_64-linux-gnu/libc.a(libc-start.o)
                              /usr/lib/gcc/x86_64-linux-gnu/11/../../../x86_64-linux-gnu/crt1.o (__libc_start_main)
/usr/lib/gcc/x86_64-linux-gnu/11/../../../x86_64-linux-gnu/libc.a(check_fds.o)
                              /usr/lib/gcc/x86_64-linux-gnu/11/../../../x86_64-linux-gnu/libc.a(libc-start.o) (__libc_check_standard_fds)
/usr/lib/gcc/x86_64-linux-gnu/11/../../../x86_64-linux-gnu/libc.a(libc-tls.o)
                              /usr/lib/gcc/x86_64-linux-gnu/11/../../../x86_64-linux-gnu/libc.a(libc-start.o) (__libc_setup_tls)
/usr/lib/gcc/x86_64-linux-gnu/11/../../../x86_64-linux-gnu/libc.a(errno.o)
                              /usr/lib/gcc/x86_64-linux-gnu/11/../../../x86_64-linux-gnu/libc.a(check_fds.o) (__libc_errno)
/usr/lib/gcc/x86_64-linux-gnu/11/../../../x86_64-linux-gnu/libc.a(assert.o)
                              /usr/lib/gcc/x86_64-linux-gnu/11/../../../x86_64-linux-gnu/libc.a(libc-start.o) (__assert_fail)
/usr/lib/gcc/x86_64-linux-gnu/11/../../../x86_64-linux-gnu/libc.a(dcgettext.o)
                              /usr/lib/gcc/x86_64-linux-gnu/11/../../../x86_64-linux-gnu/libc.a(assert.o) (__dcgettext)
/usr/lib/gcc/x86_64-linux-gnu/11/../../../x86_64-linux-gnu/libc.a(dcigettext.o)
                              /usr/lib/gcc/x86_64-linux-gnu/11/../../../x86_64-linux-gnu/libc.a(dcgettext.o) (__dcigettext)
/usr/lib/gcc/x86_64-linux-gnu/11/../../../x86_64-linux-gnu/libc.a(finddomain.o)
                              /usr/lib/gcc/x86_64-linux-gnu/11/../../../x86_64-linux-gnu/libc.a(dcigettext.o) (_nl_find_domain)
/usr/lib/gcc/x86_64-linux-gnu/11/../../../x86_64-linux-gnu/libc.a(loadmsgcat.o)
                              /usr/lib/gcc/x86_64-linux-gnu/11/../../../x86_64-linux-gnu/libc.a(dcigettext.o) (_nl_load_domain)
/usr/lib/gcc/x86_64-linux-gnu/11/../../../x86_64-linux-gnu/libc.a(localealias.o)
                              /usr/lib/gcc/x86_64-linux-gnu/11/../../../x86_64-linux-gnu/libc.a(finddomain.o) (_nl_expand_alias)
/usr/lib/gcc/x86_64-linux-gnu/11/../../../x86_64-linux-gnu/libc.a(l10nflist.o)
                              /usr/lib/gcc/x86_64-linux-gnu/11/../../../x86_64-linux-gnu/libc.a(finddomain.o) (_nl_make_l10nflist)
/usr/lib/gcc/x86_64-linux-gnu/11/../../../x86_64-linux-gnu/libc.a(explodename.o)
                              /usr/lib/gcc/x86_64-linux-gnu/11/../../../x86_64-linux-gnu/libc.a(finddomain.o) (_nl_explode_name)
/usr/lib/gcc/x86_64-linux-gnu/11/../../../x86_64-linux-gnu/libc.a(plural.o)
                              /usr/lib/gcc/x86_64-linux-gnu/11/../../../x86_64-linux-gnu/libc.a(loadmsgcat.o) (__gettext_free_exp)
/usr/lib/gcc/x86_64-linux-gnu/11/../../../x86_64-linux-gnu/libc.a(plural-exp.o)
                              /usr/lib/gcc/x86_64-linux-gnu/11/../../../x86_64-linux-gnu/libc.a(loadmsgcat.o) (__gettext_extract_plural)
/usr/lib/gcc/x86_64-linux-gnu/11/../../../x86_64-linux-gnu/libc.a(hash-string.o)
                              /usr/lib/gcc/x86_64-linux-gnu/11/../../../x86_64-linux-gnu/libc.a(dcigettext.o) (__hash_string)
/usr/lib/gcc/x86_64-linux-gnu/11/../../../x86_64-linux-gnu/libc.a(bsd-_setjmp.o)
                              /usr/lib/gcc/x86_64-linux-gnu/11/../../../x86_64-linux-gnu/libc.a(libc-start.o) (_setjmp)
/usr/lib/gcc/x86_64-linux-gnu/11/../../../x86_64-linux-gnu/libc.a(raise.o)
                              /usr/lib/gcc/x86_64-linux-gnu/11/../../../x86_64-linux-gnu/libc.a(dcigettext.o) (raise)
/usr/lib/gcc/x86_64-linux-gnu/11/../../../x86_64-linux-gnu/libc.a(atoi.o)
                              /tmp/ccfCGNxb.o (atoi)
/usr/lib/gcc/x86_64-linux-gnu/11/../../../x86_64-linux-gnu/libc.a(abort.o)
                              /usr/lib/gcc/x86_64-linux-gnu/11/../../../x86_64-linux-gnu/libc.a(assert.o) (abort)
/usr/lib/gcc/x86_64-linux-gnu/11/../../../x86_64-linux-gnu/libc.a(msort.o)
                              /usr/lib/gcc/x86_64-linux-gnu/11/../../../x86_64-linux-gnu/libc.a(localealias.o) (qsort)
/usr/lib/gcc/x86_64-linux-gnu/11/../../../x86_64-linux-gnu/libc.a(getenv.o)
                              /usr/lib/gcc/x86_64-linux-gnu/11/../../../x86_64-linux-gnu/libc.a(dcigettext.o) (getenv)
/usr/lib/gcc/x86_64-linux-gnu/11/../../../x86_64-linux-gnu/libc.a(exit.o)
                              /tmp/ccfCGNxb.o (exit)
/usr/lib/gcc/x86_64-linux-gnu/11/../../../x86_64-linux-gnu/libc.a(cxa_atexit.o)
                              /usr/lib/gcc/x86_64-linux-gnu/11/../../../x86_64-linux-gnu/libc.a(exit.o) (__exit_funcs_lock)
/usr/lib/gcc/x86_64-linux-gnu/11/../../../x86_64-linux-gnu/libc.a(strtol.o)
                              /usr/lib/gcc/x86_64-linux-gnu/11/../../../x86_64-linux-gnu/libc.a(atoi.o) (strtol)
/usr/lib/gcc/x86_64-linux-gnu/11/../../../x86_64-linux-gnu/libc.a(strtoul.o)
                              /usr/lib/gcc/x86_64-linux-gnu/11/../../../x86_64-linux-gnu/libc.a(plural-exp.o) (strtoul)
[...]
Memory Configuration

Name             Origin             Length             Attributes
*default*        0x0000000000000000 0xffffffffffffffff

Linker script and memory map

LOAD /usr/lib/gcc/x86_64-linux-gnu/11/../../../x86_64-linux-gnu/crt1.o
LOAD /usr/lib/gcc/x86_64-linux-gnu/11/../../../x86_64-linux-gnu/crti.o
LOAD /usr/lib/gcc/x86_64-linux-gnu/11/crtbeginT.o
LOAD /tmp/ccfCGNxb.o
LOAD /tmp/cc5LRLbs.o
LOAD /tmp/ccFysyVx.o
START GROUP
LOAD /usr/lib/gcc/x86_64-linux-gnu/11/libgcc.a
LOAD /usr/lib/gcc/x86_64-linux-gnu/11/libgcc_eh.a
LOAD /usr/lib/gcc/x86_64-linux-gnu/11/../../../x86_64-linux-gnu/libc.a
END GROUP
LOAD /usr/lib/gcc/x86_64-linux-gnu/11/crtend.o
LOAD /usr/lib/gcc/x86_64-linux-gnu/11/../../../x86_64-linux-gnu/crtn.o
                [!provide]                        PROVIDE (__executable_start = SEGMENT_START ("text-segment", 0x400000))
                0x0000000000400270                . = (SEGMENT_START ("text-segment", 0x400000) + SIZEOF_HEADERS)

.interp
 *(.interp)

.note.gnu.property
                0x0000000000400270       0x30
 .note.gnu.property
                0x0000000000400270       0x30 /usr/lib/gcc/x86_64-linux-gnu/11/../../../x86_64-linux-gnu/crt1.o

.note.gnu.build-id
                0x00000000004002a0       0x24
 *(.note.gnu.build-id)
 .note.gnu.build-id
                0x00000000004002a0       0x24 /usr/lib/gcc/x86_64-linux-gnu/11/../../../x86_64-linux-gnu/crt1.o

.note.ABI-tag   0x00000000004002c4       0x20
 .note.ABI-tag  0x00000000004002c4       0x20 /usr/lib/gcc/x86_64-linux-gnu/11/../../../x86_64-linux-gnu/crt1.o

.hash
 *(.hash)

.gnu.hash
 *(.gnu.hash)

.dynsym
 *(.dynsym)

.dynstr
 *(.dynstr)

.gnu.version
 *(.gnu.version)

.gnu.version_d
 *(.gnu.version_d)

.gnu.version_r
 *(.gnu.version_r)

.rela.dyn       0x00000000004002e8        0x0
 *(.rela.init)
 *(.rela.text .rela.text.* .rela.gnu.linkonce.t.*)
 .rela.text     0x00000000004002e8        0x0 /usr/lib/gcc/x86_64-linux-gnu/11/../../../x86_64-linux-gnu/crt1.o
 *(.rela.fini)
 *(.rela.rodata .rela.rodata.* .rela.gnu.linkonce.r.*)
 *(.rela.data .rela.data.* .rela.gnu.linkonce.d.*)
 .rela.data.rel.ro
                0x00000000004002e8        0x0 /usr/lib/gcc/x86_64-linux-gnu/11/../../../x86_64-linux-gnu/crt1.o
 *(.rela.tdata .rela.tdata.* .rela.gnu.linkonce.td.*)
 *(.rela.tbss .rela.tbss.* .rela.gnu.linkonce.tb.*)
 *(.rela.ctors)
 *(.rela.dtors)
 *(.rela.got)
 .rela.got      0x00000000004002e8        0x0 /usr/lib/gcc/x86_64-linux-gnu/11/../../../x86_64-linux-gnu/crt1.o
 *(.rela.bss .rela.bss.* .rela.gnu.linkonce.b.*)
 *(.rela.ldata .rela.ldata.* .rela.gnu.linkonce.l.*)
 *(.rela.lbss .rela.lbss.* .rela.gnu.linkonce.lb.*)
 *(.rela.lrodata .rela.lrodata.* .rela.gnu.linkonce.lr.*)
 *(.rela.ifunc)
 .rela.eh_frame
                0x00000000004002e8        0x0 /usr/lib/gcc/x86_64-linux-gnu/11/../../../x86_64-linux-gnu/crt1.o
 .rela__libc_IO_vtables
                0x00000000004002e8        0x0 /usr/lib/gcc/x86_64-linux-gnu/11/../../../x86_64-linux-gnu/crt1.o

.rela.plt       0x00000000004002e8      0x240
 *(.rela.plt)
                0x00000000004002e8                PROVIDE (__rela_iplt_start = .)
 *(.rela.iplt)
 .rela.iplt     0x00000000004002e8      0x240 /usr/lib/gcc/x86_64-linux-gnu/11/../../../x86_64-linux-gnu/crt1.o
                0x0000000000400528                PROVIDE (__rela_iplt_end = .)

.relr.dyn
 *(.relr.dyn)
                0x0000000000401000                . = ALIGN (CONSTANT (MAXPAGESIZE))

.init           0x0000000000401000       0x1b
 *(SORT_NONE(.init))
 .init          0x0000000000401000       0x16 /usr/lib/gcc/x86_64-linux-gnu/11/../../../x86_64-linux-gnu/crti.o
                0x0000000000401000                _init
 .init          0x0000000000401016        0x5 /usr/lib/gcc/x86_64-linux-gnu/11/../../../x86_64-linux-gnu/crtn.o

.plt            0x0000000000401020      0x180
 *(.plt)
 *(.iplt)
 *fill*         0x0000000000401020        0x0 
 .iplt          0x0000000000401020      0x180 /usr/lib/gcc/x86_64-linux-gnu/11/../../../x86_64-linux-gnu/crt1.o

.plt.got
 *(.plt.got)

.plt.sec
 *(.plt.sec)

.text           0x00000000004011c0    0x95ad8
 *(.text.unlikely .text.*_unlikely .text.unlikely.*)
 .text.unlikely
                0x00000000004011c0        0xf /usr/lib/gcc/x86_64-linux-gnu/11/../../../x86_64-linux-gnu/libc.a(assert.o)
 .text.unlikely
                0x00000000004011cf        0x5 /usr/lib/gcc/x86_64-linux-gnu/11/../../../x86_64-linux-gnu/libc.a(loadmsgcat.o)
 .text.unlikely
                0x00000000004011d4      0x199 /usr/lib/gcc/x86_64-linux-gnu/11/../../../x86_64-linux-gnu/libc.a(abort.o)
                0x00000000004011d4                abort
 .text.unlikely
                0x000000000040136d       0x37 /usr/lib/gcc/x86_64-linux-gnu/11/../../../x86_64-linux-gnu/libc.a(iofclose.o)
 .text.unlikely
                0x00000000004013a4       0x36 /usr/lib/gcc/x86_64-linux-gnu/11/../../../x86_64-linux-gnu/libc.a(iofflush.o)
 .text.unlikely
                0x00000000004013da       0x37 /usr/lib/gcc/x86_64-linux-gnu/11/../../../x86_64-linux-gnu/libc.a(ioputs.o)
 .text.unlikely
                0x0000000000401411       0x37 /usr/lib/gcc/x86_64-linux-gnu/11/../../../x86_64-linux-gnu/libc.a(wfileops.o)
 .text.unlikely
                0x0000000000401448       0x39 /usr/lib/gcc/x86_64-linux-gnu/11/../../../x86_64-linux-gnu/libc.a(fileops.o)
 .text.unlikely
                0x0000000000401481        0xa /usr/lib/gcc/x86_64-linux-gnu/11/../../../x86_64-linux-gnu/libc.a(sysconf.o)
 .text.unlikely
                0x000000000040148b        0xc /usr/lib/gcc/x86_64-linux-gnu/11/../../../x86_64-linux-gnu/libc.a(init-first.o)
                0x000000000040148b                _dl_start
 .text.unlikely
                0x0000000000401497        0x5 /usr/lib/gcc/x86_64-linux-gnu/11/../../../x86_64-linux-gnu/libc.a(printf_fp.o)
 .text.unlikely
                0x000000000040149c        0x5 /usr/lib/gcc/x86_64-linux-gnu/11/../../../x86_64-linux-gnu/libc.a(printf_fphex.o)
 .text.unlikely
                0x00000000004014a1       0x36 /usr/lib/gcc/x86_64-linux-gnu/11/../../../x86_64-linux-gnu/libc.a(iofputs.o)
 .text.unlikely
                0x00000000004014d7       0x36 /usr/lib/gcc/x86_64-linux-gnu/11/../../../x86_64-linux-gnu/libc.a(iofwrite.o)
 .text.unlikely
                0x000000000040150d       0x36 /usr/lib/gcc/x86_64-linux-gnu/11/../../../x86_64-linux-gnu/libc.a(iogetdelim.o)
 .text.unlikely
                0x0000000000401543       0x29 /usr/lib/gcc/x86_64-linux-gnu/11/../../../x86_64-linux-gnu/libc.a(pthread_once.o)
 .text.unlikely
                0x000000000040156c       0x34 /usr/lib/gcc/x86_64-linux-gnu/11/../../../x86_64-linux-gnu/libc.a(dl-load.o)
 .text.unlikely
                0x00000000004015a0        0x5 /usr/lib/gcc/x86_64-linux-gnu/11/../../../x86_64-linux-gnu/libc.a(nptl-stack.o)
 .text.unlikely
                0x00000000004015a5       0x57 /usr/lib/gcc/x86_64-linux-gnu/11/libgcc_eh.a(unwind-dw2.o)
 .text.unlikely
                0x00000000004015fc       0x33 /usr/lib/gcc/x86_64-linux-gnu/11/libgcc_eh.a(unwind-dw2-fde-dip.o)
 .text.unlikely
                0x000000000040162f       0x11 /usr/lib/gcc/x86_64-linux-gnu/11/libgcc_eh.a(unwind-c.o)
 .text.unlikely
                0x0000000000401640       0x10 /usr/lib/gcc/x86_64-linux-gnu/11/../../../x86_64-linux-gnu/libc.a(dl-iteratephdr.o)
 *(.text.exit .text.exit.*)
 *(.text.startup .text.startup.*)
 *(.text.hot .text.hot.*)
 *(SORT_BY_NAME(.text.sorted.*))
 *(.text .stub .text.* .gnu.linkonce.t.*)
 .text          0x0000000000401650       0x35 /usr/lib/gcc/x86_64-linux-gnu/11/../../../x86_64-linux-gnu/crt1.o
                0x0000000000401650                _start
                0x0000000000401680                _dl_relocate_static_pie
 .text          0x0000000000401685        0x0 /usr/lib/gcc/x86_64-linux-gnu/11/../../../x86_64-linux-gnu/crti.o
 *fill*         0x0000000000401685        0xb 
 .text          0x0000000000401690       0xe5 /usr/lib/gcc/x86_64-linux-gnu/11/crtbeginT.o
 .text          0x0000000000401775      0x326 /tmp/ccfCGNxb.o
                0x0000000000401775                main
 .text          0x0000000000401a9b      0x37c /tmp/cc5LRLbs.o
                0x0000000000401a9b                deleteNode
                0x0000000000401c0c                insert_node_mod
 .text          0x0000000000401e17      0x3c8 /tmp/ccFysyVx.o
                0x0000000000401e17                HmmAlloc
                0x00000000004020a7                HmmFree
 *fill*         0x00000000004021df        0x1 
 .text          0x00000000004021e0     0x26cf /usr/lib/gcc/x86_64-linux-gnu/11/../../../x86_64-linux-gnu/libc.a(libc-start.o)
                0x0000000000403480                __libc_start_main_impl
                0x0000000000403480                __libc_start_main
 *fill*         0x00000000004048af        0x1 
 .text          0x00000000004048b0      0x19f /usr/lib/gcc/x86_64-linux-gnu/11/../../../x86_64-linux-gnu/libc.a(check_fds.o)
                0x00000000004048b0                __libc_check_standard_fds
 *fill*         0x0000000000404a4f        0x1 
 .text          0x0000000000404a50      0x2ca /usr/lib/gcc/x86_64-linux-gnu/11/../../../x86_64-linux-gnu/libc.a(libc-tls.o)
                0x0000000000404a50                __libc_setup_tls
 .text          0x0000000000404d1a        0x0 /usr/lib/gcc/x86_64-linux-gnu/11/../../../x86_64-linux-gnu/libc.a(errno.o)
 *fill*         0x0000000000404d1a        0x6 
 .text          0x0000000000404d20      0x196 /usr/lib/gcc/x86_64-linux-gnu/11/../../../x86_64-linux-gnu/libc.a(assert.o)
                0x0000000000404d20                __assert_fail_base
                0x0000000000404e70                __assert_fail
 *fill*         0x0000000000404eb6        0xa 
 .text          0x0000000000404ec0       0x13 /usr/lib/gcc/x86_64-linux-gnu/11/../../../x86_64-linux-gnu/libc.a(dcgettext.o)
                0x0000000000404ec0                __dcgettext
                0x0000000000404ec0                dcgettext
 *fill*         0x0000000000404ed3        0xd 
 .text          0x0000000000404ee0     0x14df /usr/lib/gcc/x86_64-linux-gnu/11/../../../x86_64-linux-gnu/libc.a(dcigettext.o)
                0x0000000000405150                _nl_find_msg
                0x0000000000405ae0                __dcigettext
 *fill*         0x00000000004063bf        0x1 
 .text          0x00000000004063c0      0x277 /usr/lib/gcc/x86_64-linux-gnu/11/../../../x86_64-linux-gnu/libc.a(finddomain.o)
                0x00000000004063c0                _nl_find_domain
 *fill*         0x0000000000406637        0x9 
 .text          0x0000000000406640     0x14b5 /usr/lib/gcc/x86_64-linux-gnu/11/../../../x86_64-linux-gnu/libc.a(loadmsgcat.o)
                0x0000000000406640                _nl_load_domain
 *fill*         0x0000000000407af5        0xb 
 .text          0x0000000000407b00      0x6c1 /usr/lib/gcc/x86_64-linux-gnu/11/../../../x86_64-linux-gnu/libc.a(localealias.o)
                0x0000000000408020                _nl_expand_alias
 *fill*         0x00000000004081c1        0xf 
 .text          0x00000000004081d0      0x6f2 /usr/lib/gcc/x86_64-linux-gnu/11/../../../x86_64-linux-gnu/libc.a(l10nflist.o)
                0x00000000004081d0                _nl_make_l10nflist
                0x00000000004087b0                _nl_normalize_codeset
 *fill*         0x00000000004088c2        0xe 
 .text          0x00000000004088d0      0x1f5 /usr/lib/gcc/x86_64-linux-gnu/11/../../../x86_64-linux-gnu/libc.a(explodename.o)
                0x00000000004088d0                _nl_explode_name
 *fill*         0x0000000000408ac5        0xb 
 .text          0x0000000000408ad0     0x1d0b /usr/lib/gcc/x86_64-linux-gnu/11/../../../x86_64-linux-gnu/libc.a(plural.o)
                0x0000000000408ad0                __gettext_free_exp
                0x0000000000409f90                __gettextparse
 *fill*         0x000000000040a7db        0x5 
 .text          0x000000000040a7e0      0x115 /usr/lib/gcc/x86_64-linux-gnu/11/../../../x86_64-linux-gnu/libc.a(plural-exp.o)
                0x000000000040a7e0                __gettext_extract_plural
 *fill*         0x000000000040a8f5        0xb 
 .text          0x000000000040a900       0x5b /usr/lib/gcc/x86_64-linux-gnu/11/../../../x86_64-linux-gnu/libc.a(hash-string.o)
                0x000000000040a900                __hash_string
 *fill*         0x000000000040a95b        0x5 
 .text          0x000000000040a960        0xb /usr/lib/gcc/x86_64-linux-gnu/11/../../../x86_64-linux-gnu/libc.a(bsd-_setjmp.o)
                0x000000000040a960                _setjmp
 *fill*         0x000000000040a96b        0x5 
 .text          0x000000000040a970       0x31 /usr/lib/gcc/x86_64-linux-gnu/11/../../../x86_64-linux-gnu/libc.a(raise.o)
                0x000000000040a970                gsignal
                0x000000000040a970                raise
 *fill*         0x000000000040a9a1        0xf 
 .text          0x000000000040a9b0       0x19 /usr/lib/gcc/x86_64-linux-gnu/11/../../../x86_64-linux-gnu/libc.a(atoi.o)
                0x000000000040a9b0                atoi
 .text          0x000000000040a9c9        0x0 /usr/lib/gcc/x86_64-linux-gnu/11/../../../x86_64-linux-gnu/libc.a(abort.o)
 *fill*         0x000000000040a9c9        0x7 
 .text          0x000000000040a9d0      0x80c /usr/lib/gcc/x86_64-linux-gnu/11/../../../x86_64-linux-gnu/libc.a(msort.o)
                0x000000000040adf0                __qsort_r
                0x000000000040adf0                qsort_r
                0x000000000040b1d0                qsort
 *fill*         0x000000000040b1dc        0x4 
 .text          0x000000000040b1e0       0xe8 /usr/lib/gcc/x86_64-linux-gnu/11/../../../x86_64-linux-gnu/libc.a(getenv.o)
                0x000000000040b1e0                getenv
 *fill*         0x000000000040b2c8        0x8 
 .text          0x000000000040b2d0      0x280 /usr/lib/gcc/x86_64-linux-gnu/11/../../../x86_64-linux-gnu/libc.a(exit.o)
                0x000000000040b2d0                __run_exit_handlers
                0x000000000040b530                exit
 .text          0x000000000040b550      0x2cd /usr/lib/gcc/x86_64-linux-gnu/11/../../../x86_64-linux-gnu/libc.a(cxa_atexit.o)
                0x000000000040b550                __new_exitfn
                0x000000000040b660                __internal_atexit
                0x000000000040b740                __cxa_atexit
 *fill*         0x000000000040b81d        0x3 
 .text          0x000000000040b820       0x36 /usr/lib/gcc/x86_64-linux-gnu/11/../../../x86_64-linux-gnu/libc.a(strtol.o)
                0x000000000040b820                __strtol_internal
                0x000000000040b820                __strtoll_internal
                0x000000000040b840                strtoimax
                0x000000000040b840                strtoll
                0x000000000040b840                strtoq
                0x000000000040b840                strtol
                0x000000000040b840                __strtol
 *fill*         0x000000000040b856        0xa 
 .text          0x000000000040b860       0x36 /usr/lib/gcc/x86_64-linux-gnu/11/../../../x86_64-linux-gnu/libc.a(strtoul.o)
                0x000000000040b860                __strtoull_internal
                0x000000000040b860                __strtoul_internal
                0x000000000040b880                strtoumax
                0x000000000040b880                strtoul
                0x000000000040b880                strtoull
                0x000000000040b880                strtouq
                0x000000000040b880                __strtoul
 *fill*         0x000000000040b896        0xa 
 .text          0x000000000040b8a0      0x52e /usr/lib/gcc/x86_64-linux-gnu/11/../../../x86_64-linux-gnu/libc.a(strtol_l.o)
                0x000000000040b8a0                ____strtol_l_internal
                0x000000000040b8a0                ____strtoll_l_internal
                0x000000000040bdc0                strtoll_l
                0x000000000040bdc0                strtol_l
                0x000000000040bdc0                __strtoll_l
                0x000000000040bdc0                __strtol_l
 *fill*         0x000000000040bdce        0x2 
 .text          0x000000000040bdd0      0x4ce /usr/lib/gcc/x86_64-linux-gnu/11/../../../x86_64-linux-gnu/libc.a(strtoul_l.o)
                0x000000000040bdd0                ____strtoul_l_internal
                0x000000000040bdd0                ____strtoull_l_internal
                0x000000000040c290                __strtoull_l
                0x000000000040c290                strtoull_l
                0x000000000040c290                strtoul_l
                0x000000000040c290                __strtoul_l
 *fill*         0x000000000040c29e        0x2 
 .text          0x000000000040c2a0      0x327 /usr/lib/gcc/x86_64-linux-gnu/11/../../../x86_64-linux-gnu/libc.a(grouping.o)
                0x000000000040c2a0                __correctly_grouped_prefixmb
 *fill*         0x000000000040c5c7        0x9 
 .text          0x000000000040c5d0       0xc9 /usr/lib/gcc/x86_64-linux-gnu/11/../../../x86_64-linux-gnu/libc.a(printf.o)
                0x000000000040c5d0                __printf
                0x000000000040c5d0                printf
                0x000000000040c5d0                _IO_printf
 *fill*         0x000000000040c699        0x7 
 .text          0x000000000040c6a0       0xb7 /usr/lib/gcc/x86_64-linux-gnu/11/../../../x86_64-linux-gnu/libc.a(asprintf.o)
                0x000000000040c6a0                __asprintf
                0x000000000040c6a0                asprintf
                0x000000000040c6a0                ___asprintf
 *fill*         0x000000000040c757        0x9 
 .text          0x000000000040c760     0x550f /usr/lib/gcc/x86_64-linux-gnu/11/../../../x86_64-linux-gnu/libc.a(vfprintf-internal.o)
                0x000000000040f6f0                __vfprintf_internal
 *fill*         0x0000000000411c6f        0x1 
 .text          0x0000000000411c70       0x53 /usr/lib/gcc/x86_64-linux-gnu/11/../../../x86_64-linux-gnu/libc.a(errlist.o)
                0x0000000000411c70                __get_errlist
                0x0000000000411c90                __get_errname
 *fill*         0x0000000000411cc3        0xd 
 .text          0x0000000000411cd0      0x8c8 /usr/lib/gcc/x86_64-linux-gnu/11/../../../x86_64-linux-gnu/libc.a(printf-parsemb.o)
                0x0000000000411cd0                __parse_one_specmb
 *fill*         0x0000000000412598        0x8 
 .text          0x00000000004125a0      0x579 /usr/lib/gcc/x86_64-linux-gnu/11/../../../x86_64-linux-gnu/libc.a(fxprintf.o)
                0x0000000000412760                __vfxprintf
                0x0000000000412830                __fxprintf
                0x00000000004129a0                __fxprintf_nocancel
 *fill*         0x0000000000412b19        0x7 
 .text          0x0000000000412b20      0x1e6 /usr/lib/gcc/x86_64-linux-gnu/11/../../../x86_64-linux-gnu/libc.a(iofclose.o)
                0x0000000000412b20                _IO_fclose
                0x0000000000412b20                _IO_new_fclose
                0x0000000000412b20                fclose
                0x0000000000412b20                __new_fclose
 *fill*         0x0000000000412d06        0xa 
 .text          0x0000000000412d10       0xf6 /usr/lib/gcc/x86_64-linux-gnu/11/../../../x86_64-linux-gnu/libc.a(iofflush.o)
                0x0000000000412d10                _IO_fflush
                0x0000000000412d10                fflush
 *fill*         0x0000000000412e06        0xa 
 .text          0x0000000000412e10      0x246 /usr/lib/gcc/x86_64-linux-gnu/11/../../../x86_64-linux-gnu/libc.a(iofopen.o)
                0x0000000000412e10                __fopen_maybe_mmap
                0x0000000000412e60                __fopen_internal
                0x0000000000412f60                _IO_fopen64
                0x0000000000412f60                _IO_new_fopen
                0x0000000000412f60                fopen
                0x0000000000412f60                _IO_fopen
                0x0000000000412f60                __new_fopen
                0x0000000000412f60                fopen64
 *fill*         0x0000000000413056        0xa 
 .text          0x0000000000413060      0x135 /usr/lib/gcc/x86_64-linux-gnu/11/../../../x86_64-linux-gnu/libc.a(iopadn.o)
                0x0000000000413060                _IO_padn
 *fill*         0x0000000000413195        0xb 
 .text          0x00000000004131a0      0x199 /usr/lib/gcc/x86_64-linux-gnu/11/../../../x86_64-linux-gnu/libc.a(ioputs.o)
                0x00000000004131a0                puts
                0x00000000004131a0                _IO_puts
 *fill*         0x0000000000413339        0x7 
 .text          0x0000000000413340     0x1a94 /usr/lib/gcc/x86_64-linux-gnu/11/../../../x86_64-linux-gnu/libc.a(wfileops.o)
                0x0000000000413340                _IO_wfile_underflow
                0x0000000000413ab0                _IO_wfile_seekoff
                0x0000000000414500                _IO_wdo_write
                0x00000000004146f0                _IO_wfile_overflow
                0x0000000000414a00                _IO_wfile_sync
                0x0000000000414ba0                _IO_wfile_xsputn
 *fill*         0x0000000000414dd4        0xc 
 .text          0x0000000000414de0      0x4b8 /usr/lib/gcc/x86_64-linux-gnu/11/../../../x86_64-linux-gnu/libc.a(iofwide.o)
                0x0000000000414de0                _IO_fwide
                0x0000000000414f60                __libio_codecvt_out
                0x0000000000415060                __libio_codecvt_in
                0x0000000000415160                __libio_codecvt_encoding
                0x0000000000415190                __libio_codecvt_length
 *fill*         0x0000000000415298        0x8 
 .text          0x00000000004152a0      0x1ab /usr/lib/gcc/x86_64-linux-gnu/11/../../../x86_64-linux-gnu/libc.a(vasprintf.o)
                0x00000000004152a0                __vasprintf_internal
                0x0000000000415440                __vasprintf
                0x0000000000415440                vasprintf
 *fill*         0x000000000041544b        0x5 
 .text          0x0000000000415450      0x470 /usr/lib/gcc/x86_64-linux-gnu/11/../../../x86_64-linux-gnu/libc.a(libc_fatal.o)
                0x00000000004155b0                __libc_message
                0x00000000004158a0                __libc_fatal
 .text          0x00000000004158c0       0x1c /usr/lib/gcc/x86_64-linux-gnu/11/../../../x86_64-linux-gnu/libc.a(vtables.o)
                0x00000000004158c0                _IO_vtable_check
 *fill*         0x00000000004158dc        0x4 
 .text          0x00000000004158e0       0x98 /usr/lib/gcc/x86_64-linux-gnu/11/../../../x86_64-linux-gnu/libc.a(iofgets_u.o)
                0x00000000004158e0                __fgets_unlocked
                0x00000000004158e0                fgets_unlocked
 *fill*         0x0000000000415978        0x8 
 .text          0x0000000000415980     0x2b11 /usr/lib/gcc/x86_64-linux-gnu/11/../../../x86_64-linux-gnu/libc.a(fileops.o)
                0x00000000004159f0                _IO_file_close
                0x0000000000415a00                _IO_file_setbuf
                0x0000000000415a00                _IO_new_file_setbuf
                0x0000000000415a30                _IO_file_setbuf_mmap
                0x0000000000415ab0                _IO_file_underflow
                0x0000000000415ab0                _IO_new_file_underflow
                0x0000000000415da0                _IO_file_close_mmap
                0x0000000000415dd0                _IO_file_seek
                0x0000000000416040                _IO_file_seekoff
                0x0000000000416040                _IO_new_file_seekoff
                0x0000000000416610                _IO_file_stat
                0x0000000000416620                _IO_file_write
                0x0000000000416620                _IO_new_file_write
                0x0000000000416a00                _IO_file_xsgetn
                0x0000000000416c00                _IO_file_seekoff_mmap
                0x0000000000416d30                _IO_new_file_xsputn
                0x0000000000416d30                _IO_file_xsputn
                0x0000000000417030                _IO_file_read
                0x0000000000417060                _IO_file_underflow_maybe_mmap
                0x0000000000417250                _IO_file_underflow_mmap
                0x0000000000417510                _IO_new_file_init_internal
                0x0000000000417540                _IO_new_file_init
                0x0000000000417540                _IO_file_init
                0x0000000000417570                _IO_file_open
                0x0000000000417660                _IO_new_file_attach
                0x0000000000417660                _IO_file_attach
                0x0000000000417710                _IO_new_do_write
                0x0000000000417710                _IO_do_write
                0x0000000000417890                _IO_new_file_close_it
                0x0000000000417890                _IO_file_close_it
                0x00000000004179f0                _IO_new_file_fopen
                0x00000000004179f0                _IO_file_fopen
                0x00000000004180f0                _IO_file_finish
                0x00000000004180f0                _IO_new_file_finish
                0x0000000000418190                _IO_file_overflow
                0x0000000000418190                _IO_new_file_overflow
                0x00000000004183b0                _IO_file_sync
                0x00000000004183b0                _IO_new_file_sync
 *fill*         0x0000000000418491        0xf 
 .text          0x00000000004184a0     0x26db /usr/lib/gcc/x86_64-linux-gnu/11/../../../x86_64-linux-gnu/libc.a(genops.o)
                0x0000000000418950                _IO_un_link
                0x0000000000418970                _IO_link_in
                0x0000000000418b70                _IO_least_marker
                0x0000000000418ba0                _IO_switch_to_main_get_area
                0x0000000000418be0                _IO_switch_to_backup_area
                0x0000000000418c10                _IO_switch_to_get_mode
                0x0000000000418cb0                _IO_free_backup_area
                0x0000000000418d00                __overflow
                0x0000000000418d70                __underflow
                0x0000000000418f40                __uflow
                0x0000000000419130                _IO_setb
                0x00000000004191a0                _IO_doallocbuf
                0x0000000000419260                _IO_default_underflow
                0x0000000000419270                _IO_default_uflow
                0x00000000004192d0                _IO_default_xsputn
                0x00000000004194b0                _IO_sgetn
                0x0000000000419520                _IO_default_xsgetn
                0x0000000000419860                _IO_default_setbuf
                0x0000000000419960                _IO_default_seekpos
                0x00000000004199d0                _IO_default_doallocate
                0x0000000000419a50                _IO_init_internal
                0x0000000000419ae0                _IO_init
                0x0000000000419b70                _IO_enable_locks
                0x0000000000419bb0                _IO_old_init
                0x0000000000419c20                _IO_no_init
                0x0000000000419cf0                _IO_default_sync
                0x0000000000419d00                _IO_default_finish
                0x0000000000419d70                _IO_default_seekoff
                0x0000000000419d80                _IO_sputbackc
                0x0000000000419e00                _IO_sungetc
                0x0000000000419e80                _IO_adjust_column
                0x0000000000419eb0                _IO_flush_all_lockp
                0x000000000041a120                _IO_cleanup
                0x000000000041a3d0                _IO_flush_all
                0x000000000041a3e0                _IO_flush_all_linebuffered
                0x000000000041a3e0                _flushlbf
                0x000000000041a600                _IO_init_marker
                0x000000000041a6f0                _IO_remove_marker
                0x000000000041a730                _IO_marker_difference
                0x000000000041a740                _IO_marker_delta
                0x000000000041a780                _IO_seekmark
                0x000000000041a830                _IO_unsave_markers
                0x000000000041a890                _IO_default_pbackfail
                0x000000000041aa30                _IO_default_seek
                0x000000000041aa40                _IO_default_stat
                0x000000000041aa50                _IO_default_read
                0x000000000041aa60                _IO_default_write
                0x000000000041aa70                _IO_default_showmanyc
                0x000000000041aa80                _IO_default_imbue
                0x000000000041aa90                _IO_iter_begin
                0x000000000041aaa0                _IO_iter_end
                0x000000000041aab0                _IO_iter_next
                0x000000000041aac0                _IO_iter_file
                0x000000000041aad0                _IO_list_lock
                0x000000000041ab20                _IO_list_unlock
                0x000000000041ab60                _IO_list_resetlock
 .text          0x000000000041ab7b        0x0 /usr/lib/gcc/x86_64-linux-gnu/11/../../../x86_64-linux-gnu/libc.a(stdfiles.o)
 .text          0x000000000041ab7b        0x0 /usr/lib/gcc/x86_64-linux-gnu/11/../../../x86_64-linux-gnu/libc.a(stdio.o)
 *fill*         0x000000000041ab7b        0x5 
 .text          0x000000000041ab80      0x9d8 /usr/lib/gcc/x86_64-linux-gnu/11/../../../x86_64-linux-gnu/libc.a(strops.o)
                0x000000000041ab80                _IO_str_underflow
                0x000000000041abe0                _IO_str_overflow
                0x000000000041afa0                _IO_str_seekoff
                0x000000000041b280                _IO_str_pbackfail
                0x000000000041b2a0                _IO_str_finish
                0x000000000041b2e0                _IO_str_init_static_internal
                0x000000000041b3b0                _IO_str_init_static
                0x000000000041b490                _IO_str_init_readonly
                0x000000000041b540                _IO_str_count
 *fill*         0x000000000041b558        0x8 
 .text          0x000000000041b560       0x48 /usr/lib/gcc/x86_64-linux-gnu/11/../../../x86_64-linux-gnu/libc.a(alloca_cutoff.o)
                0x000000000041b560                __libc_alloca_cutoff
 *fill*         0x000000000041b5a8        0x8 
 .text          0x000000000041b5b0       0x6d /usr/lib/gcc/x86_64-linux-gnu/11/../../../x86_64-linux-gnu/libc.a(libc-cleanup.o)
                0x000000000041b5b0                __libc_cleanup_push_defer
                0x000000000041b5f0                __libc_cleanup_pop_restore
 *fill*         0x000000000041b61d        0x3 
 .text          0x000000000041b620      0x108 /usr/lib/gcc/x86_64-linux-gnu/11/../../../x86_64-linux-gnu/libc.a(lowlevellock.o)
                0x000000000041b620                __lll_lock_wait_private
                0x000000000041b680                __lll_lock_wait
                0x000000000041b6f0                __lll_lock_wake_private
                0x000000000041b710                __lll_lock_wake
 *fill*         0x000000000041b728        0x8 
 .text          0x000000000041b730      0x143 /usr/lib/gcc/x86_64-linux-gnu/11/../../../x86_64-linux-gnu/libc.a(nptl_deallocate_tsd.o)
                0x000000000041b730                __nptl_deallocate_tsd
 .text          0x000000000041b873        0x0 /usr/lib/gcc/x86_64-linux-gnu/11/../../../x86_64-linux-gnu/libc.a(nptl_nthreads.o)
 .text          0x000000000041b873        0x0 /usr/lib/gcc/x86_64-linux-gnu/11/../../../x86_64-linux-gnu/libc.a(pthread_keys.o)
 *fill*         0x000000000041b873        0xd 
 .text          0x000000000041b880      0x2ca /usr/lib/gcc/x86_64-linux-gnu/11/../../../x86_64-linux-gnu/libc.a(pthread_kill.o)
                0x000000000041b880                __pthread_kill_internal
                0x000000000041b9e0                pthread_kill
                0x000000000041b9e0                __pthread_kill
 *fill*         0x000000000041bb4a        0x6 
 .text          0x000000000041bb50       0x3e /usr/lib/gcc/x86_64-linux-gnu/11/../../../x86_64-linux-gnu/libc.a(pthread_rwlock_init.o)
                0x000000000041bb50                pthread_rwlock_init
                0x000000000041bb50                __pthread_rwlock_init
                0x000000000041bb50                ___pthread_rwlock_init
 *fill*         0x000000000041bb8e        0x2 
 .text          0x000000000041bb90      0x1ed /usr/lib/gcc/x86_64-linux-gnu/11/../../../x86_64-linux-gnu/libc.a(pthread_rwlock_rdlock.o)
                0x000000000041bb90                pthread_rwlock_rdlock
                0x000000000041bb90                __pthread_rwlock_rdlock
                0x000000000041bb90                ___pthread_rwlock_rdlock
 *fill*         0x000000000041bd7d        0x3 
 .text          0x000000000041bd80      0x1cf /usr/lib/gcc/x86_64-linux-gnu/11/../../../x86_64-linux-gnu/libc.a(pthread_rwlock_unlock.o)
                0x000000000041bd80                pthread_rwlock_unlock
                0x000000000041bd80                __pthread_rwlock_unlock
                0x000000000041bd80                ___pthread_rwlock_unlock
 *fill*         0x000000000041bf4f        0x1 
 .text          0x000000000041bf50      0x36e /usr/lib/gcc/x86_64-linux-gnu/11/../../../x86_64-linux-gnu/libc.a(pthread_rwlock_wrlock.o)
                0x000000000041bf50                ___pthread_rwlock_wrlock
                0x000000000041bf50                __pthread_rwlock_wrlock
                0x000000000041bf50                pthread_rwlock_wrlock
 *fill*         0x000000000041c2be        0x2 
 .text          0x000000000041c2c0        0xe /usr/lib/gcc/x86_64-linux-gnu/11/../../../x86_64-linux-gnu/libc.a(pthread_self.o)
                0x000000000041c2c0                pthread_self
                0x000000000041c2c0                __pthread_self
 *fill*         0x000000000041c2ce        0x2 
 .text          0x000000000041c2d0       0x2f /usr/lib/gcc/x86_64-linux-gnu/11/../../../x86_64-linux-gnu/libc.a(pthread_setcancelstate.o)
                0x000000000041c2d0                __pthread_setcancelstate
                0x000000000041c2d0                pthread_setcancelstate
 *fill*         0x000000000041c2ff        0x1 
 .text          0x000000000041c300       0x4b /usr/lib/gcc/x86_64-linux-gnu/11/../../../x86_64-linux-gnu/libc.a(pthread_testcancel.o)
                0x000000000041c300                ___pthread_testcancel
                0x000000000041c300                pthread_testcancel
                0x000000000041c300                __pthread_testcancel
 *fill*         0x000000000041c34b        0x5 
 .text          0x000000000041c350     0x67da /usr/lib/gcc/x86_64-linux-gnu/11/../../../x86_64-linux-gnu/libc.a(malloc.o)
                0x00000000004205d0                __glibc_morecore
                0x0000000000420610                __malloc_fork_lock_parent
                0x0000000000420690                __malloc_fork_unlock_parent
                0x0000000000420710                __malloc_fork_unlock_child
                0x00000000004207c0                malloc
                0x00000000004207c0                __malloc
                0x00000000004207c0                __libc_malloc
                0x0000000000420b00                __free
                0x0000000000420b00                __libc_free
                0x0000000000420b00                free
                0x0000000000420c00                __malloc_arena_thread_freeres
                0x0000000000420e50                __libc_realloc
                0x0000000000420e50                realloc
                0x0000000000420e50                __realloc
                0x0000000000421350                __libc_memalign
                0x0000000000421350                __memalign
                0x0000000000421350                memalign
                0x0000000000421350                aligned_alloc
                0x0000000000421630                __libc_valloc
                0x0000000000421630                valloc
                0x0000000000421630                __valloc
                0x0000000000421910                pvalloc
                0x0000000000421910                __libc_pvalloc
                0x0000000000421910                __pvalloc
                0x0000000000421c10                __calloc
                0x0000000000421c10                calloc
                0x0000000000421c10                __libc_calloc
                0x0000000000421f60                __malloc_trim
                0x0000000000421f60                malloc_trim
                0x0000000000422200                malloc_usable_size
                0x0000000000422200                __malloc_usable_size
                0x0000000000422240                __mallinfo2
                0x0000000000422240                mallinfo2
                0x0000000000422240                __libc_mallinfo2
                0x0000000000422360                __mallinfo
                0x0000000000422360                __libc_mallinfo
                0x0000000000422360                mallinfo
                0x00000000004223e0                malloc_stats
                0x00000000004223e0                __malloc_stats
                0x0000000000422610                __libc_mallopt
                0x0000000000422610                mallopt
                0x0000000000422610                __mallopt
                0x00000000004227f0                __posix_memalign
                0x00000000004227f0                posix_memalign
                0x0000000000422af0                __malloc_info
                0x0000000000422af0                malloc_info
 *fill*         0x0000000000422b2a        0x6 
 .text          0x0000000000422b30       0xb1 /usr/lib/gcc/x86_64-linux-gnu/11/../../../x86_64-linux-gnu/libc.a(scratch_buffer_grow_preserve.o)
                0x0000000000422b30                __libc_scratch_buffer_grow_preserve
 *fill*         0x0000000000422be1        0xf 
 .text          0x0000000000422bf0       0xae /usr/lib/gcc/x86_64-linux-gnu/11/../../../x86_64-linux-gnu/libc.a(scratch_buffer_set_array_size.o)
                0x0000000000422bf0                __libc_scratch_buffer_set_array_size
 *fill*         0x0000000000422c9e        0x2 
 .text          0x0000000000422ca0       0x70 /usr/lib/gcc/x86_64-linux-gnu/11/../../../x86_64-linux-gnu/libc.a(strchr.o)
                0x0000000000422ca0                index
                0x0000000000422ca0                strchr
 .text          0x0000000000422d10       0x79 /usr/lib/gcc/x86_64-linux-gnu/11/../../../x86_64-linux-gnu/libc.a(strcmp.o)
                0x0000000000422d10                strcmp
 *fill*         0x0000000000422d89        0x7 
 .text          0x0000000000422d90       0x71 /usr/lib/gcc/x86_64-linux-gnu/11/../../../x86_64-linux-gnu/libc.a(strcpy.o)
                0x0000000000422d90                strcpy
 *fill*         0x0000000000422e01        0xf 
 .text          0x0000000000422e10       0x1e /usr/lib/gcc/x86_64-linux-gnu/11/../../../x86_64-linux-gnu/libc.a(strcspn.o)
                0x0000000000422e10                strcspn
 *fill*         0x0000000000422e2e        0x2 
 .text          0x0000000000422e30       0x40 /usr/lib/gcc/x86_64-linux-gnu/11/../../../x86_64-linux-gnu/libc.a(strdup.o)
                0x0000000000422e30                __strdup
                0x0000000000422e30                strdup
 .text          0x0000000000422e70       0x72 /usr/lib/gcc/x86_64-linux-gnu/11/../../../x86_64-linux-gnu/libc.a(_strerror.o)
                0x0000000000422e70                __strerror_r
                0x0000000000422e70                strerror_r
 *fill*         0x0000000000422ee2        0xe 
 .text          0x0000000000422ef0       0x70 /usr/lib/gcc/x86_64-linux-gnu/11/../../../x86_64-linux-gnu/libc.a(strlen.o)
                0x0000000000422ef0                strlen
 .text          0x0000000000422f60       0x70 /usr/lib/gcc/x86_64-linux-gnu/11/../../../x86_64-linux-gnu/libc.a(strnlen.o)
                0x0000000000422f60                __strnlen
                0x0000000000422f60                strnlen
 .text          0x0000000000422fd0       0x91 /usr/lib/gcc/x86_64-linux-gnu/11/../../../x86_64-linux-gnu/libc.a(strncmp.o)
                0x0000000000422fd0                strncmp
 *fill*         0x0000000000423061        0xf 
 .text          0x0000000000423070      0x7fe /usr/lib/gcc/x86_64-linux-gnu/11/../../../x86_64-linux-gnu/libc.a(strstr.o)
                0x0000000000423500                __strstr_sse2
                0x0000000000423850                strstr
                0x0000000000423850                __libc_strstr
 *fill*         0x000000000042386e        0x2 
 .text          0x0000000000423870       0x91 /usr/lib/gcc/x86_64-linux-gnu/11/../../../x86_64-linux-gnu/libc.a(memcmp.o)
                0x0000000000423870                bcmp
                0x0000000000423870                memcmp
 *fill*         0x0000000000423901        0xf 
 .text          0x0000000000423910      0x106 /usr/lib/gcc/x86_64-linux-gnu/11/../../../x86_64-linux-gnu/libc.a(memmove.o)
                0x0000000000423910                memmove
                0x0000000000423910                __libc_memmove
 *fill*         0x0000000000423a16        0xa 
 .text          0x0000000000423a20       0xf1 /usr/lib/gcc/x86_64-linux-gnu/11/../../../x86_64-linux-gnu/libc.a(memset.o)
                0x0000000000423a20                memset
 *fill*         0x0000000000423b11        0xf 
 .text          0x0000000000423b20      0x106 /usr/lib/gcc/x86_64-linux-gnu/11/../../../x86_64-linux-gnu/libc.a(mempcpy.o)
                0x0000000000423b20                mempcpy
                0x0000000000423b20                __mempcpy
 *fill*         0x0000000000423c26        0xa 
 .text          0x0000000000423c30       0x71 /usr/lib/gcc/x86_64-linux-gnu/11/../../../x86_64-linux-gnu/libc.a(stpcpy.o)
                0x0000000000423c30                stpcpy
                0x0000000000423c30                __stpcpy
 *fill*         0x0000000000423ca1        0xf 
 .text          0x0000000000423cb0       0x47 /usr/lib/gcc/x86_64-linux-gnu/11/../../../x86_64-linux-gnu/libc.a(strcasecmp_l.o)
                0x0000000000423cb0                strcasecmp_l
                0x0000000000423cb0                __strcasecmp_l
 *fill*         0x0000000000423cf7        0x9 
 .text          0x0000000000423d00      0x106 /usr/lib/gcc/x86_64-linux-gnu/11/../../../x86_64-linux-gnu/libc.a(memcpy.o)
                0x0000000000423d00                memcpy
                0x0000000000423d00                __new_memcpy
 *fill*         0x0000000000423e06        0xa 
 .text          0x0000000000423e10       0x7d /usr/lib/gcc/x86_64-linux-gnu/11/../../../x86_64-linux-gnu/libc.a(rawmemchr.o)
                0x0000000000423e10                __rawmemchr
                0x0000000000423e10                rawmemchr
 *fill*         0x0000000000423e8d        0x3 
 .text          0x0000000000423e90       0x70 /usr/lib/gcc/x86_64-linux-gnu/11/../../../x86_64-linux-gnu/libc.a(strchrnul.o)
                0x0000000000423e90                __strchrnul
                0x0000000000423e90                strchrnul
 .text          0x0000000000423f00     0x1449 /usr/lib/gcc/x86_64-linux-gnu/11/../../../x86_64-linux-gnu/libc.a(strcmp-sse2.o)
                0x0000000000423f00                __strcmp_sse2
 *fill*         0x0000000000425349        0x7 
 .text          0x0000000000425350      0x2a3 /usr/lib/gcc/x86_64-linux-gnu/11/../../../x86_64-linux-gnu/libc.a(strcmp-sse2-unaligned.o)
                0x0000000000425350                __strcmp_sse2_unaligned
 .text          0x00000000004255f3        0x0 /usr/lib/gcc/x86_64-linux-gnu/11/../../../x86_64-linux-gnu/libc.a(strcmp-ssse3.o)
 *fill*         0x00000000004255f3        0xd 
 .text.ssse3    0x0000000000425600     0x1269 /usr/lib/gcc/x86_64-linux-gnu/11/../../../x86_64-linux-gnu/libc.a(strcmp-ssse3.o)
                0x0000000000425600                __strcmp_ssse3
 .text          0x0000000000426869        0x0 /usr/lib/gcc/x86_64-linux-gnu/11/../../../x86_64-linux-gnu/libc.a(strcmp-avx2.o)
 *fill*         0x0000000000426869        0x7 
 .text.avx      0x0000000000426870      0x43f /usr/lib/gcc/x86_64-linux-gnu/11/../../../x86_64-linux-gnu/libc.a(strcmp-avx2.o)
                0x0000000000426870                __strcmp_avx2
 *fill*         0x0000000000426caf        0x1 
 .text          0x0000000000426cb0     0x1859 /usr/lib/gcc/x86_64-linux-gnu/11/../../../x86_64-linux-gnu/libc.a(strncmp-sse2.o)
                0x0000000000426cb0                __strncmp_sse2
 .text          0x0000000000428509        0x0 /usr/lib/gcc/x86_64-linux-gnu/11/../../../x86_64-linux-gnu/libc.a(strncmp-ssse3.o)
 *fill*         0x0000000000428509        0x7 
 .text.ssse3    0x0000000000428510     0x1769 /usr/lib/gcc/x86_64-linux-gnu/11/../../../x86_64-linux-gnu/libc.a(strncmp-ssse3.o)
                0x0000000000428510                __strncmp_ssse3
 .text          0x0000000000429c79        0x0 /usr/lib/gcc/x86_64-linux-gnu/11/../../../x86_64-linux-gnu/libc.a(strncmp-sse4_2.o)
 *fill*         0x0000000000429c79        0x7 
 .text.sse4.2   0x0000000000429c80      0xfd9 /usr/lib/gcc/x86_64-linux-gnu/11/../../../x86_64-linux-gnu/libc.a(strncmp-sse4_2.o)
                0x0000000000429c80                __strncmp_sse42
 .text          0x000000000042ac59        0x0 /usr/lib/gcc/x86_64-linux-gnu/11/../../../x86_64-linux-gnu/libc.a(strncmp-avx2.o)
 *fill*         0x000000000042ac59        0x7 
 .text.avx      0x000000000042ac60      0x528 /usr/lib/gcc/x86_64-linux-gnu/11/../../../x86_64-linux-gnu/libc.a(strncmp-avx2.o)
                0x000000000042ac60                __strncmp_avx2
 *fill*         0x000000000042b188        0x8 
 .text          0x000000000042b190      0x209 /usr/lib/gcc/x86_64-linux-gnu/11/../../../x86_64-linux-gnu/libc.a(rawmemchr-sse2.o)
                0x000000000042b190                __rawmemchr_sse2
 .text          0x000000000042b399        0x0 /usr/lib/gcc/x86_64-linux-gnu/11/../../../x86_64-linux-gnu/libc.a(rawmemchr-avx2.o)
 *fill*         0x000000000042b399        0x7 
 .text.avx      0x000000000042b3a0      0x16f /usr/lib/gcc/x86_64-linux-gnu/11/../../../x86_64-linux-gnu/libc.a(rawmemchr-avx2.o)
                0x000000000042b3a0                __rawmemchr_avx2
 *fill*         0x000000000042b50f        0x1 
 .text          0x000000000042b510      0x400 /usr/lib/gcc/x86_64-linux-gnu/11/../../../x86_64-linux-gnu/libc.a(memcmp-sse2.o)
                0x000000000042b510                __memcmp_sse2
 .text          0x000000000042b910        0x0 /usr/lib/gcc/x86_64-linux-gnu/11/../../../x86_64-linux-gnu/libc.a(memcmp-avx2-movbe.o)
 *fill*         0x000000000042b910       0x10 
 .text.avx      0x000000000042b920      0x43d /usr/lib/gcc/x86_64-linux-gnu/11/../../../x86_64-linux-gnu/libc.a(memcmp-avx2-movbe.o)
                0x000000000042b920                __memcmp_avx2_movbe
 .text          0x000000000042bd5d        0x0 /usr/lib/gcc/x86_64-linux-gnu/11/../../../x86_64-linux-gnu/libc.a(memcmp-sse4.o)
 *fill*         0x000000000042bd5d        0x3 
 .text.sse4.1   0x000000000042bd60      0x89f /usr/lib/gcc/x86_64-linux-gnu/11/../../../x86_64-linux-gnu/libc.a(memcmp-sse4.o)
                0x000000000042bd60                __memcmp_sse4_1
 .text          0x000000000042c5ff        0x0 /usr/lib/gcc/x86_64-linux-gnu/11/../../../x86_64-linux-gnu/libc.a(memcpy-ssse3.o)
 *fill*         0x000000000042c5ff        0x1 
 .text.ssse3    0x000000000042c600     0x29f7 /usr/lib/gcc/x86_64-linux-gnu/11/../../../x86_64-linux-gnu/libc.a(memcpy-ssse3.o)
                0x000000000042c600                __mempcpy_chk_ssse3
                0x000000000042c610                __mempcpy_ssse3
                0x000000000042c620                __memcpy_chk_ssse3
                0x000000000042c630                __memcpy_ssse3
 .text          0x000000000042eff7        0x0 /usr/lib/gcc/x86_64-linux-gnu/11/../../../x86_64-linux-gnu/libc.a(memmove-ssse3.o)
 *fill*         0x000000000042eff7        0x9 
 .text.ssse3    0x000000000042f000     0x2b88 /usr/lib/gcc/x86_64-linux-gnu/11/../../../x86_64-linux-gnu/libc.a(memmove-ssse3.o)
                0x000000000042f000                __memmove_chk_ssse3
                0x000000000042f010                __memmove_ssse3
 .text          0x0000000000431b88        0x0 /usr/lib/gcc/x86_64-linux-gnu/11/../../../x86_64-linux-gnu/libc.a(memcpy-ssse3-back.o)
 *fill*         0x0000000000431b88        0x8 
 .text.ssse3    0x0000000000431b90     0x2b06 /usr/lib/gcc/x86_64-linux-gnu/11/../../../x86_64-linux-gnu/libc.a(memcpy-ssse3-back.o)
                0x0000000000431b90                __mempcpy_chk_ssse3_back
                0x0000000000431ba0                __mempcpy_ssse3_back
                0x0000000000431bb0                __memcpy_chk_ssse3_back
                0x0000000000431bc0                __memcpy_ssse3_back
 .text          0x0000000000434696        0x0 /usr/lib/gcc/x86_64-linux-gnu/11/../../../x86_64-linux-gnu/libc.a(memmove-ssse3-back.o)
 *fill*         0x0000000000434696        0xa 
 .text.ssse3    0x00000000004346a0     0x2b26 /usr/lib/gcc/x86_64-linux-gnu/11/../../../x86_64-linux-gnu/libc.a(memmove-ssse3-back.o)
                0x00000000004346a0                __memmove_chk_ssse3_back
                0x00000000004346b0                __memmove_ssse3_back
 .text          0x00000000004371c6        0x0 /usr/lib/gcc/x86_64-linux-gnu/11/../../../x86_64-linux-gnu/libc.a(memmove-avx512-no-vzeroupper.o)
 *fill*         0x00000000004371c6        0xa 
 .text.avx512   0x00000000004371d0      0x76f /usr/lib/gcc/x86_64-linux-gnu/11/../../../x86_64-linux-gnu/libc.a(memmove-avx512-no-vzeroupper.o)
                0x00000000004371d0                __mempcpy_chk_avx512_no_vzeroupper
                0x00000000004371e0                __mempcpy_avx512_no_vzeroupper
                0x00000000004371f0                __memcpy_chk_avx512_no_vzeroupper
                0x00000000004371f0                __memmove_chk_avx512_no_vzeroupper
                0x0000000000437200                __memcpy_avx512_no_vzeroupper
                0x0000000000437200                __memmove_avx512_no_vzeroupper
 *fill*         0x000000000043793f        0x1 
 .text          0x0000000000437940     0x2246 /usr/lib/gcc/x86_64-linux-gnu/11/../../../x86_64-linux-gnu/libc.a(strcasecmp_l-sse2.o)
                0x0000000000437940                __strcasecmp_sse2
                0x0000000000437960                __strcasecmp_l_sse2
 .text          0x0000000000439b86        0x0 /usr/lib/gcc/x86_64-linux-gnu/11/../../../x86_64-linux-gnu/libc.a(strcasecmp_l-ssse3.o)
 *fill*         0x0000000000439b86        0xa 
 .text.ssse3    0x0000000000439b90     0x2156 /usr/lib/gcc/x86_64-linux-gnu/11/../../../x86_64-linux-gnu/libc.a(strcasecmp_l-ssse3.o)
                0x0000000000439b90                __strcasecmp_ssse3
                0x0000000000439bb0                __strcasecmp_l_ssse3
 .text          0x000000000043bce6        0x0 /usr/lib/gcc/x86_64-linux-gnu/11/../../../x86_64-linux-gnu/libc.a(strcasecmp_l-sse4_2.o)
 *fill*         0x000000000043bce6        0xa 
 .text.sse4.2   0x000000000043bcf0     0x1ba6 /usr/lib/gcc/x86_64-linux-gnu/11/../../../x86_64-linux-gnu/libc.a(strcasecmp_l-sse4_2.o)
                0x000000000043bcf0                __strcasecmp_sse42
                0x000000000043bd04                __strcasecmp_l_sse42
 .text          0x000000000043d896        0x0 /usr/lib/gcc/x86_64-linux-gnu/11/../../../x86_64-linux-gnu/libc.a(strcasecmp_l-avx.o)
 *fill*         0x000000000043d896        0xa 
 .text.avx      0x000000000043d8a0     0x1676 /usr/lib/gcc/x86_64-linux-gnu/11/../../../x86_64-linux-gnu/libc.a(strcasecmp_l-avx.o)
                0x000000000043d8a0                __strcasecmp_avx
                0x000000000043d8b4                __strcasecmp_l_avx
 *fill*         0x000000000043ef16        0xa 
 .text          0x000000000043ef20      0x22a /usr/lib/gcc/x86_64-linux-gnu/11/../../../x86_64-linux-gnu/libc.a(strchr-sse2.o)
                0x000000000043ef20                __strchr_sse2
 *fill*         0x000000000043f14a        0x6 
 .text          0x000000000043f150      0x20a /usr/lib/gcc/x86_64-linux-gnu/11/../../../x86_64-linux-gnu/libc.a(strchrnul-sse2.o)
                0x000000000043f150                __strchrnul_sse2
 .text          0x000000000043f35a        0x0 /usr/lib/gcc/x86_64-linux-gnu/11/../../../x86_64-linux-gnu/libc.a(strchr-avx2.o)
 *fill*         0x000000000043f35a        0x6 
 .text.avx      0x000000000043f360      0x271 /usr/lib/gcc/x86_64-linux-gnu/11/../../../x86_64-linux-gnu/libc.a(strchr-avx2.o)
                0x000000000043f360                __strchr_avx2
 .text          0x000000000043f5d1        0x0 /usr/lib/gcc/x86_64-linux-gnu/11/../../../x86_64-linux-gnu/libc.a(strchrnul-avx2.o)
 *fill*         0x000000000043f5d1        0xf 
 .text.avx      0x000000000043f5e0      0x206 /usr/lib/gcc/x86_64-linux-gnu/11/../../../x86_64-linux-gnu/libc.a(strchrnul-avx2.o)
                0x000000000043f5e0                __strchrnul_avx2
 *fill*         0x000000000043f7e6        0xa 
 .text          0x000000000043f7f0      0x19c /usr/lib/gcc/x86_64-linux-gnu/11/../../../x86_64-linux-gnu/libc.a(strlen-sse2.o)
                0x000000000043f7f0                __strlen_sse2
 *fill*         0x000000000043f98c        0x4 
 .text          0x000000000043f990      0x218 /usr/lib/gcc/x86_64-linux-gnu/11/../../../x86_64-linux-gnu/libc.a(strnlen-sse2.o)
                0x000000000043f990                __strnlen_sse2
 .text          0x000000000043fba8        0x0 /usr/lib/gcc/x86_64-linux-gnu/11/../../../x86_64-linux-gnu/libc.a(strlen-avx2.o)
 *fill*         0x000000000043fba8       0x18 
 .text.avx      0x000000000043fbc0      0x172 /usr/lib/gcc/x86_64-linux-gnu/11/../../../x86_64-linux-gnu/libc.a(strlen-avx2.o)
                0x000000000043fbc0                __strlen_avx2
 .text          0x000000000043fd32        0x0 /usr/lib/gcc/x86_64-linux-gnu/11/../../../x86_64-linux-gnu/libc.a(strnlen-avx2.o)
 *fill*         0x000000000043fd32        0xe 
 .text.avx      0x000000000043fd40      0x2ce /usr/lib/gcc/x86_64-linux-gnu/11/../../../x86_64-linux-gnu/libc.a(strnlen-avx2.o)
                0x000000000043fd40                __strnlen_avx2
 .text          0x000000000044000e        0x0 /usr/lib/gcc/x86_64-linux-gnu/11/../../../x86_64-linux-gnu/libc.a(strcpy-avx2.o)
 *fill*         0x000000000044000e        0x2 
 .text.avx      0x0000000000440010      0x388 /usr/lib/gcc/x86_64-linux-gnu/11/../../../x86_64-linux-gnu/libc.a(strcpy-avx2.o)
                0x0000000000440010                __strcpy_avx2
 *fill*         0x0000000000440398        0x8 
 .text          0x00000000004403a0       0xec /usr/lib/gcc/x86_64-linux-gnu/11/../../../x86_64-linux-gnu/libc.a(strcpy-sse2.o)
                0x00000000004403a0                __strcpy_sse2
 *fill*         0x000000000044048c        0x4 
 .text          0x0000000000440490       0xec /usr/lib/gcc/x86_64-linux-gnu/11/../../../x86_64-linux-gnu/libc.a(stpcpy-sse2.o)
                0x0000000000440490                __stpcpy_sse2
 .text          0x000000000044057c        0x0 /usr/lib/gcc/x86_64-linux-gnu/11/../../../x86_64-linux-gnu/libc.a(strcpy-ssse3.o)
 *fill*         0x000000000044057c        0x4 
 .text.ssse3    0x0000000000440580     0x17a2 /usr/lib/gcc/x86_64-linux-gnu/11/../../../x86_64-linux-gnu/libc.a(strcpy-ssse3.o)
                0x0000000000440580                __strcpy_ssse3
 .text          0x0000000000441d22        0x0 /usr/lib/gcc/x86_64-linux-gnu/11/../../../x86_64-linux-gnu/libc.a(stpcpy-ssse3.o)
 *fill*         0x0000000000441d22        0xe 
 .text.ssse3    0x0000000000441d30     0x1803 /usr/lib/gcc/x86_64-linux-gnu/11/../../../x86_64-linux-gnu/libc.a(stpcpy-ssse3.o)
                0x0000000000441d30                __stpcpy_ssse3
 *fill*         0x0000000000443533        0xd 
 .text          0x0000000000443540      0x630 /usr/lib/gcc/x86_64-linux-gnu/11/../../../x86_64-linux-gnu/libc.a(strcpy-sse2-unaligned.o)
                0x0000000000443540                __strcpy_sse2_unaligned
 .text          0x0000000000443b70      0x6c0 /usr/lib/gcc/x86_64-linux-gnu/11/../../../x86_64-linux-gnu/libc.a(stpcpy-sse2-unaligned.o)
                0x0000000000443b70                __stpcpy_sse2_unaligned
 .text          0x0000000000444230        0x0 /usr/lib/gcc/x86_64-linux-gnu/11/../../../x86_64-linux-gnu/libc.a(stpcpy-avx2.o)
 .text.avx      0x0000000000444230      0x3ac /usr/lib/gcc/x86_64-linux-gnu/11/../../../x86_64-linux-gnu/libc.a(stpcpy-avx2.o)
                0x0000000000444230                __stpcpy_avx2
 .text          0x00000000004445dc        0x0 /usr/lib/gcc/x86_64-linux-gnu/11/../../../x86_64-linux-gnu/libc.a(strchr-sse2-no-bsf.o)
 *fill*         0x00000000004445dc        0x4 
 .text.atom     0x00000000004445e0      0x315 /usr/lib/gcc/x86_64-linux-gnu/11/../../../x86_64-linux-gnu/libc.a(strchr-sse2-no-bsf.o)
                0x00000000004445e0                __strchr_sse2_no_bsf
 .text          0x00000000004448f5        0x0 /usr/lib/gcc/x86_64-linux-gnu/11/../../../x86_64-linux-gnu/libc.a(memcmp-ssse3.o)
 *fill*         0x00000000004448f5        0xb 
 .text.atom     0x0000000000444900     0x1763 /usr/lib/gcc/x86_64-linux-gnu/11/../../../x86_64-linux-gnu/libc.a(memcmp-ssse3.o)
                0x0000000000444900                __memcmp_ssse3
 *fill*         0x0000000000446063        0xd 
 .text          0x0000000000446070      0x493 /usr/lib/gcc/x86_64-linux-gnu/11/../../../x86_64-linux-gnu/libc.a(strstr-sse2-unaligned.o)
                0x0000000000446070                __strstr_sse2_unaligned
 *fill*         0x0000000000446503        0xd 
 .text          0x0000000000446510       0xa7 /usr/lib/gcc/x86_64-linux-gnu/11/../../../x86_64-linux-gnu/libc.a(strcspn-sse2.o)
                0x0000000000446510                __strcspn_sse2
 .text          0x00000000004465b7        0x0 /usr/lib/gcc/x86_64-linux-gnu/11/../../../x86_64-linux-gnu/libc.a(strcspn-c.o)
 *fill*         0x00000000004465b7        0x9 
 .text.sse4.2   0x00000000004465c0      0x13f /usr/lib/gcc/x86_64-linux-gnu/11/../../../x86_64-linux-gnu/libc.a(strcspn-c.o)
                0x00000000004465c0                __strcspn_sse42
 .text          0x00000000004466ff        0x0 /usr/lib/gcc/x86_64-linux-gnu/11/../../../x86_64-linux-gnu/libc.a(varshift.o)
 .text          0x00000000004466ff        0x0 /usr/lib/gcc/x86_64-linux-gnu/11/../../../x86_64-linux-gnu/libc.a(memset-avx512-no-vzeroupper.o)
 *fill*         0x00000000004466ff        0x1 
 .text.avx512   0x0000000000446700      0x284 /usr/lib/gcc/x86_64-linux-gnu/11/../../../x86_64-linux-gnu/libc.a(memset-avx512-no-vzeroupper.o)
                0x0000000000446700                __memset_chk_avx512_no_vzeroupper
                0x0000000000446710                __memset_avx512_no_vzeroupper
 *fill*         0x0000000000446984       0x3c 
 .text          0x00000000004469c0      0x652 /usr/lib/gcc/x86_64-linux-gnu/11/../../../x86_64-linux-gnu/libc.a(memmove-sse2-unaligned-erms.o)
                0x00000000004469c0                __mempcpy_sse2_unaligned
                0x00000000004469d0                __memmove_sse2_unaligned
                0x00000000004469d0                __memcpy_sse2_unaligned
                0x0000000000446a00                __mempcpy_chk_erms
                0x0000000000446a10                __mempcpy_erms
                0x0000000000446a30                __memcpy_chk_erms
                0x0000000000446a30                __memmove_chk_erms
                0x0000000000446a40                __memmove_erms
                0x0000000000446a40                __memcpy_erms
                0x0000000000446a80                __mempcpy_sse2_unaligned_erms
                0x0000000000446ac0                __memmove_sse2_unaligned_erms
                0x0000000000446ac0                __memcpy_sse2_unaligned_erms
 .text          0x0000000000447012        0x0 /usr/lib/gcc/x86_64-linux-gnu/11/../../../x86_64-linux-gnu/libc.a(memmove-avx-unaligned-erms.o)
 *fill*         0x0000000000447012       0x2e 
 .text.avx      0x0000000000447040      0x75e /usr/lib/gcc/x86_64-linux-gnu/11/../../../x86_64-linux-gnu/libc.a(memmove-avx-unaligned-erms.o)
                0x0000000000447040                __mempcpy_avx_unaligned
                0x0000000000447050                __memcpy_avx_unaligned
                0x0000000000447050                __memmove_avx_unaligned
                0x0000000000447090                __mempcpy_avx_unaligned_erms
                0x00000000004470c0                __memcpy_avx_unaligned_erms
                0x00000000004470c0                __memmove_avx_unaligned_erms
 .text          0x000000000044779e        0x0 /usr/lib/gcc/x86_64-linux-gnu/11/../../../x86_64-linux-gnu/libc.a(memmove-avx512-unaligned-erms.o)
 *fill*         0x000000000044779e       0x22 
 .text.evex512  0x00000000004477c0      0x840 /usr/lib/gcc/x86_64-linux-gnu/11/../../../x86_64-linux-gnu/libc.a(memmove-avx512-unaligned-erms.o)
                0x00000000004477c0                __mempcpy_avx512_unaligned
                0x00000000004477d0                __memmove_avx512_unaligned
                0x00000000004477d0                __memcpy_avx512_unaligned
                0x0000000000447810                __mempcpy_avx512_unaligned_erms
                0x0000000000447840                __memmove_avx512_unaligned_erms
                0x0000000000447840                __memcpy_avx512_unaligned_erms
 .text          0x0000000000448000      0x1b9 /usr/lib/gcc/x86_64-linux-gnu/11/../../../x86_64-linux-gnu/libc.a(memset-sse2-unaligned-erms.o)
                0x0000000000448000                __bzero
                0x0000000000448000                bzero
                0x0000000000448020                __wmemset_sse2_unaligned
                0x0000000000448040                __memset_sse2_unaligned
                0x0000000000448080                __memset_chk_erms
                0x0000000000448090                __memset_erms
                0x00000000004480c0                __memset_sse2_unaligned_erms
 .text          0x00000000004481b9        0x0 /usr/lib/gcc/x86_64-linux-gnu/11/../../../x86_64-linux-gnu/libc.a(memset-avx2-unaligned-erms.o)
 *fill*         0x00000000004481b9        0x7 
 .text.avx      0x00000000004481c0      0x1bc /usr/lib/gcc/x86_64-linux-gnu/11/../../../x86_64-linux-gnu/libc.a(memset-avx2-unaligned-erms.o)
                0x00000000004481c0                __wmemset_avx2_unaligned
                0x00000000004481e0                __memset_avx2_unaligned
                0x0000000000448220                __memset_avx2_erms
                0x0000000000448240                __memset_avx2_unaligned_erms
 .text          0x000000000044837c        0x0 /usr/lib/gcc/x86_64-linux-gnu/11/../../../x86_64-linux-gnu/libc.a(memset-avx512-unaligned-erms.o)
 *fill*         0x000000000044837c        0x4 
 .text.evex512  0x0000000000448380      0x1e9 /usr/lib/gcc/x86_64-linux-gnu/11/../../../x86_64-linux-gnu/libc.a(memset-avx512-unaligned-erms.o)
                0x0000000000448380                __wmemset_avx512_unaligned
                0x00000000004483a0                __memset_avx512_unaligned
                0x00000000004483e0                __memset_avx512_erms
                0x0000000000448400                __memset_avx512_unaligned_erms
 .text          0x0000000000448569        0x0 /usr/lib/gcc/x86_64-linux-gnu/11/../../../x86_64-linux-gnu/libc.a(memcmp-avx2-movbe-rtm.o)
 *fill*         0x0000000000448569       0x17 
 .text.avx.rtm  0x0000000000448580      0x43d /usr/lib/gcc/x86_64-linux-gnu/11/../../../x86_64-linux-gnu/libc.a(memcmp-avx2-movbe-rtm.o)
                0x0000000000448580                __memcmp_avx2_movbe_rtm
 .text          0x00000000004489bd        0x0 /usr/lib/gcc/x86_64-linux-gnu/11/../../../x86_64-linux-gnu/libc.a(memmove-avx-unaligned-erms-rtm.o)
 *fill*         0x00000000004489bd        0x3 
 .text.avx.rtm  0x00000000004489c0      0x75f /usr/lib/gcc/x86_64-linux-gnu/11/../../../x86_64-linux-gnu/libc.a(memmove-avx-unaligned-erms-rtm.o)
                0x00000000004489c0                __mempcpy_avx_unaligned_rtm
                0x00000000004489d0                __memcpy_avx_unaligned_rtm
                0x00000000004489d0                __memmove_avx_unaligned_rtm
                0x0000000000448a10                __mempcpy_avx_unaligned_erms_rtm
                0x0000000000448a40                __memmove_avx_unaligned_erms_rtm
                0x0000000000448a40                __memcpy_avx_unaligned_erms_rtm
 .text          0x000000000044911f        0x0 /usr/lib/gcc/x86_64-linux-gnu/11/../../../x86_64-linux-gnu/libc.a(memset-avx2-unaligned-erms-rtm.o)
 *fill*         0x000000000044911f       0x21 
 .text.avx.rtm  0x0000000000449140      0x1bd /usr/lib/gcc/x86_64-linux-gnu/11/../../../x86_64-linux-gnu/libc.a(memset-avx2-unaligned-erms-rtm.o)
                0x0000000000449140                __wmemset_avx2_unaligned_rtm
                0x0000000000449160                __memset_avx2_unaligned_rtm
                0x00000000004491a0                __memset_avx2_erms_rtm
                0x00000000004491c0                __memset_avx2_unaligned_erms_rtm
 .text          0x00000000004492fd        0x0 /usr/lib/gcc/x86_64-linux-gnu/11/../../../x86_64-linux-gnu/libc.a(rawmemchr-avx2-rtm.o)
 *fill*         0x00000000004492fd        0x3 
 .text.avx.rtm  0x0000000000449300      0x160 /usr/lib/gcc/x86_64-linux-gnu/11/../../../x86_64-linux-gnu/libc.a(rawmemchr-avx2-rtm.o)
                0x0000000000449300                __rawmemchr_avx2_rtm
 .text          0x0000000000449460        0x0 /usr/lib/gcc/x86_64-linux-gnu/11/../../../x86_64-linux-gnu/libc.a(strchr-avx2-rtm.o)
 .text.avx.rtm  0x0000000000449460      0x27a /usr/lib/gcc/x86_64-linux-gnu/11/../../../x86_64-linux-gnu/libc.a(strchr-avx2-rtm.o)
                0x0000000000449460                __strchr_avx2_rtm
 .text          0x00000000004496da        0x0 /usr/lib/gcc/x86_64-linux-gnu/11/../../../x86_64-linux-gnu/libc.a(strcmp-avx2-rtm.o)
 *fill*         0x00000000004496da        0x6 
 .text.avx.rtm  0x00000000004496e0      0x470 /usr/lib/gcc/x86_64-linux-gnu/11/../../../x86_64-linux-gnu/libc.a(strcmp-avx2-rtm.o)
                0x00000000004496e0                __strcmp_avx2_rtm
 .text          0x0000000000449b50        0x0 /usr/lib/gcc/x86_64-linux-gnu/11/../../../x86_64-linux-gnu/libc.a(strchrnul-avx2-rtm.o)
 *fill*         0x0000000000449b50       0x10 
 .text.avx.rtm  0x0000000000449b60      0x20f /usr/lib/gcc/x86_64-linux-gnu/11/../../../x86_64-linux-gnu/libc.a(strchrnul-avx2-rtm.o)
                0x0000000000449b60                __strchrnul_avx2_rtm
 .text          0x0000000000449d6f        0x0 /usr/lib/gcc/x86_64-linux-gnu/11/../../../x86_64-linux-gnu/libc.a(stpcpy-avx2-rtm.o)
 *fill*         0x0000000000449d6f        0x1 
 .text.avx.rtm  0x0000000000449d70      0x3bd /usr/lib/gcc/x86_64-linux-gnu/11/../../../x86_64-linux-gnu/libc.a(stpcpy-avx2-rtm.o)
                0x0000000000449d70                __stpcpy_avx2_rtm
 .text          0x000000000044a12d        0x0 /usr/lib/gcc/x86_64-linux-gnu/11/../../../x86_64-linux-gnu/libc.a(strcpy-avx2-rtm.o)
 *fill*         0x000000000044a12d        0x3 
 .text.avx.rtm  0x000000000044a130      0x3a9 /usr/lib/gcc/x86_64-linux-gnu/11/../../../x86_64-linux-gnu/libc.a(strcpy-avx2-rtm.o)
                0x000000000044a130                __strcpy_avx2_rtm
 .text          0x000000000044a4d9        0x0 /usr/lib/gcc/x86_64-linux-gnu/11/../../../x86_64-linux-gnu/libc.a(strlen-avx2-rtm.o)
 *fill*         0x000000000044a4d9        0x7 
 .text.avx.rtm  0x000000000044a4e0      0x16b /usr/lib/gcc/x86_64-linux-gnu/11/../../../x86_64-linux-gnu/libc.a(strlen-avx2-rtm.o)
                0x000000000044a4e0                __strlen_avx2_rtm
 .text          0x000000000044a64b        0x0 /usr/lib/gcc/x86_64-linux-gnu/11/../../../x86_64-linux-gnu/libc.a(strncmp-avx2-rtm.o)
 *fill*         0x000000000044a64b        0x5 
 .text.avx.rtm  0x000000000044a650      0x54d /usr/lib/gcc/x86_64-linux-gnu/11/../../../x86_64-linux-gnu/libc.a(strncmp-avx2-rtm.o)
                0x000000000044a650                __strncmp_avx2_rtm
 .text          0x000000000044ab9d        0x0 /usr/lib/gcc/x86_64-linux-gnu/11/../../../x86_64-linux-gnu/libc.a(strnlen-avx2-rtm.o)
 *fill*         0x000000000044ab9d        0x3 
 .text.avx.rtm  0x000000000044aba0      0x2fc /usr/lib/gcc/x86_64-linux-gnu/11/../../../x86_64-linux-gnu/libc.a(strnlen-avx2-rtm.o)
                0x000000000044aba0                __strnlen_avx2_rtm
 .text          0x000000000044ae9c        0x0 /usr/lib/gcc/x86_64-linux-gnu/11/../../../x86_64-linux-gnu/libc.a(memcmp-evex-movbe.o)
 *fill*         0x000000000044ae9c       0x24 
 .text.evex     0x000000000044aec0      0x2ff /usr/lib/gcc/x86_64-linux-gnu/11/../../../x86_64-linux-gnu/libc.a(memcmp-evex-movbe.o)
                0x000000000044aec0                __memcmp_evex_movbe
 .text          0x000000000044b1bf        0x0 /usr/lib/gcc/x86_64-linux-gnu/11/../../../x86_64-linux-gnu/libc.a(memmove-evex-unaligned-erms.o)
 *fill*         0x000000000044b1bf        0x1 
 .text.evex     0x000000000044b1c0      0x83b /usr/lib/gcc/x86_64-linux-gnu/11/../../../x86_64-linux-gnu/libc.a(memmove-evex-unaligned-erms.o)
                0x000000000044b1c0                __mempcpy_evex_unaligned
                0x000000000044b1d0                __memmove_evex_unaligned
                0x000000000044b1d0                __memcpy_evex_unaligned
                0x000000000044b210                __mempcpy_evex_unaligned_erms
                0x000000000044b240                __memmove_evex_unaligned_erms
                0x000000000044b240                __memcpy_evex_unaligned_erms
 .text          0x000000000044b9fb        0x0 /usr/lib/gcc/x86_64-linux-gnu/11/../../../x86_64-linux-gnu/libc.a(memset-evex-unaligned-erms.o)
 *fill*         0x000000000044b9fb        0x5 
 .text.evex     0x000000000044ba00      0x1c9 /usr/lib/gcc/x86_64-linux-gnu/11/../../../x86_64-linux-gnu/libc.a(memset-evex-unaligned-erms.o)
                0x000000000044ba00                __wmemset_evex_unaligned
                0x000000000044ba20                __memset_evex_unaligned
                0x000000000044ba50                __memset_evex_erms
                0x000000000044ba80                __memset_evex_unaligned_erms
 .text          0x000000000044bbc9        0x0 /usr/lib/gcc/x86_64-linux-gnu/11/../../../x86_64-linux-gnu/libc.a(rawmemchr-evex.o)
 *fill*         0x000000000044bbc9       0x17 
 .text.evex     0x000000000044bbe0      0x17d /usr/lib/gcc/x86_64-linux-gnu/11/../../../x86_64-linux-gnu/libc.a(rawmemchr-evex.o)
                0x000000000044bbe0                __rawmemchr_evex
 .text          0x000000000044bd5d        0x0 /usr/lib/gcc/x86_64-linux-gnu/11/../../../x86_64-linux-gnu/libc.a(stpcpy-evex.o)
 *fill*         0x000000000044bd5d        0x3 
 .text.evex     0x000000000044bd60      0x447 /usr/lib/gcc/x86_64-linux-gnu/11/../../../x86_64-linux-gnu/libc.a(stpcpy-evex.o)
                0x000000000044bd60                __stpcpy_evex
 .text          0x000000000044c1a7        0x0 /usr/lib/gcc/x86_64-linux-gnu/11/../../../x86_64-linux-gnu/libc.a(strchr-evex.o)
 *fill*         0x000000000044c1a7       0x19 
 .text.evex     0x000000000044c1c0      0x28f /usr/lib/gcc/x86_64-linux-gnu/11/../../../x86_64-linux-gnu/libc.a(strchr-evex.o)
                0x000000000044c1c0                __strchr_evex
 .text          0x000000000044c44f        0x0 /usr/lib/gcc/x86_64-linux-gnu/11/../../../x86_64-linux-gnu/libc.a(strchrnul-evex.o)
 *fill*         0x000000000044c44f       0x11 
 .text.evex     0x000000000044c460      0x259 /usr/lib/gcc/x86_64-linux-gnu/11/../../../x86_64-linux-gnu/libc.a(strchrnul-evex.o)
                0x000000000044c460                __strchrnul_evex
 .text          0x000000000044c6b9        0x0 /usr/lib/gcc/x86_64-linux-gnu/11/../../../x86_64-linux-gnu/libc.a(strcmp-evex.o)
 *fill*         0x000000000044c6b9        0x7 
 .text.evex     0x000000000044c6c0      0x46c /usr/lib/gcc/x86_64-linux-gnu/11/../../../x86_64-linux-gnu/libc.a(strcmp-evex.o)
                0x000000000044c6c0                __strcmp_evex
 .text          0x000000000044cb2c        0x0 /usr/lib/gcc/x86_64-linux-gnu/11/../../../x86_64-linux-gnu/libc.a(strcpy-evex.o)
 *fill*         0x000000000044cb2c        0x4 
 .text.evex     0x000000000044cb30      0x433 /usr/lib/gcc/x86_64-linux-gnu/11/../../../x86_64-linux-gnu/libc.a(strcpy-evex.o)
                0x000000000044cb30                __strcpy_evex
 .text          0x000000000044cf63        0x0 /usr/lib/gcc/x86_64-linux-gnu/11/../../../x86_64-linux-gnu/libc.a(strlen-evex.o)
 *fill*         0x000000000044cf63       0x1d 
 .text.evex     0x000000000044cf80      0x174 /usr/lib/gcc/x86_64-linux-gnu/11/../../../x86_64-linux-gnu/libc.a(strlen-evex.o)
                0x000000000044cf80                __strlen_evex
 .text          0x000000000044d0f4        0x0 /usr/lib/gcc/x86_64-linux-gnu/11/../../../x86_64-linux-gnu/libc.a(strncmp-evex.o)
 *fill*         0x000000000044d0f4        0xc 
 .text.evex     0x000000000044d100      0x565 /usr/lib/gcc/x86_64-linux-gnu/11/../../../x86_64-linux-gnu/libc.a(strncmp-evex.o)
                0x000000000044d100                __strncmp_evex
 .text          0x000000000044d665        0x0 /usr/lib/gcc/x86_64-linux-gnu/11/../../../x86_64-linux-gnu/libc.a(strnlen-evex.o)
 *fill*         0x000000000044d665       0x1b 
 .text.evex     0x000000000044d680      0x2be /usr/lib/gcc/x86_64-linux-gnu/11/../../../x86_64-linux-gnu/libc.a(strnlen-evex.o)
                0x000000000044d680                __strnlen_evex
 .text          0x000000000044d93e        0x0 /usr/lib/gcc/x86_64-linux-gnu/11/../../../x86_64-linux-gnu/libc.a(rawmemchr-evex-rtm.o)
 *fill*         0x000000000044d93e        0x2 
 .text.evex.rtm
                0x000000000044d940      0x19a /usr/lib/gcc/x86_64-linux-gnu/11/../../../x86_64-linux-gnu/libc.a(rawmemchr-evex-rtm.o)
                0x000000000044d940                __rawmemchr_evex_rtm
 *fill*         0x000000000044dada        0x6 
 .text          0x000000000044dae0       0x43 /usr/lib/gcc/x86_64-linux-gnu/11/../../../x86_64-linux-gnu/libc.a(strcasecmp_l-nonascii.o)
                0x000000000044dae0                __strcasecmp_l_nonascii
 *fill*         0x000000000044db23        0xd 
 .text          0x000000000044db30        0xd /usr/lib/gcc/x86_64-linux-gnu/11/../../../x86_64-linux-gnu/libc.a(wmempcpy.o)
                0x000000000044db30                wmempcpy
                0x000000000044db30                __wmempcpy
 *fill*         0x000000000044db3d        0x3 
 .text          0x000000000044db40      0x1e4 /usr/lib/gcc/x86_64-linux-gnu/11/../../../x86_64-linux-gnu/libc.a(wcrtomb.o)
                0x000000000044db40                __wcrtomb
                0x000000000044db40                wcrtomb
 *fill*         0x000000000044dd24        0xc 
 .text          0x000000000044dd30       0x22 /usr/lib/gcc/x86_64-linux-gnu/11/../../../x86_64-linux-gnu/libc.a(mbsrtowcs.o)
                0x000000000044dd30                mbsrtowcs
                0x000000000044dd30                __mbsrtowcs
 *fill*         0x000000000044dd52        0xe 
 .text          0x000000000044dd60      0x2fa /usr/lib/gcc/x86_64-linux-gnu/11/../../../x86_64-linux-gnu/libc.a(wcsrtombs.o)
                0x000000000044dd60                wcsrtombs
                0x000000000044dd60                __wcsrtombs
 *fill*         0x000000000044e05a        0x6 
 .text          0x000000000044e060       0x70 /usr/lib/gcc/x86_64-linux-gnu/11/../../../x86_64-linux-gnu/libc.a(wcsnlen.o)
                0x000000000044e060                wcsnlen
                0x000000000044e060                __wcsnlen
 .text          0x000000000044e0d0      0x684 /usr/lib/gcc/x86_64-linux-gnu/11/../../../x86_64-linux-gnu/libc.a(wcsmbsload.o)
                0x000000000044e0d0                _nl_cleanup_ctype
                0x000000000044e120                __wcsmbs_getfct
                0x000000000044e1a0                __wcsmbs_load_conv
                0x000000000044e560                __wcsmbs_clone_conv
                0x000000000044e650                __wcsmbs_named_conv
 *fill*         0x000000000044e754        0xc 
 .text          0x000000000044e760      0x38d /usr/lib/gcc/x86_64-linux-gnu/11/../../../x86_64-linux-gnu/libc.a(mbsrtowcs_l.o)
                0x000000000044e760                __mbsrtowcs_l
 *fill*         0x000000000044eaed        0x3 
 .text          0x000000000044eaf0       0x38 /usr/lib/gcc/x86_64-linux-gnu/11/../../../x86_64-linux-gnu/libc.a(wcsnlen-c.o)
                0x000000000044eaf0                __wcsnlen_sse2
 *fill*         0x000000000044eb28        0x8 
 .text          0x000000000044eb30      0x22c /usr/lib/gcc/x86_64-linux-gnu/11/../../../x86_64-linux-gnu/libc.a(wcsnlen-sse4_1.o)
                0x000000000044eb30                __wcsnlen_sse4_1
 .text          0x000000000044ed5c        0x0 /usr/lib/gcc/x86_64-linux-gnu/11/../../../x86_64-linux-gnu/libc.a(wcsnlen-avx2.o)
 *fill*         0x000000000044ed5c        0x4 
 .text.avx      0x000000000044ed60      0x364 /usr/lib/gcc/x86_64-linux-gnu/11/../../../x86_64-linux-gnu/libc.a(wcsnlen-avx2.o)
                0x000000000044ed60                __wcsnlen_avx2
 .text          0x000000000044f0c4        0x0 /usr/lib/gcc/x86_64-linux-gnu/11/../../../x86_64-linux-gnu/libc.a(wcsnlen-avx2-rtm.o)
 *fill*         0x000000000044f0c4       0x1c 
 .text.avx.rtm  0x000000000044f0e0      0x372 /usr/lib/gcc/x86_64-linux-gnu/11/../../../x86_64-linux-gnu/libc.a(wcsnlen-avx2-rtm.o)
                0x000000000044f0e0                __wcsnlen_avx2_rtm
 .text          0x000000000044f452        0x0 /usr/lib/gcc/x86_64-linux-gnu/11/../../../x86_64-linux-gnu/libc.a(wcsnlen-evex.o)
 *fill*         0x000000000044f452        0xe 
 .text.evex     0x000000000044f460      0x301 /usr/lib/gcc/x86_64-linux-gnu/11/../../../x86_64-linux-gnu/libc.a(wcsnlen-evex.o)
                0x000000000044f460                __wcsnlen_evex
 *fill*         0x000000000044f761        0xf 
 .text          0x000000000044f770       0x83 /usr/lib/gcc/x86_64-linux-gnu/11/../../../x86_64-linux-gnu/libc.a(clock_gettime.o)
                0x000000000044f770                clock_gettime
                0x000000000044f770                __clock_gettime
 *fill*         0x000000000044f7f3        0xd 
 .text          0x000000000044f800       0x50 /usr/lib/gcc/x86_64-linux-gnu/11/../../../x86_64-linux-gnu/libc.a(_exit.o)
                0x000000000044f800                _Exit
                0x000000000044f800                _exit
 .text          0x000000000044f850        0xc /usr/lib/gcc/x86_64-linux-gnu/11/../../../x86_64-linux-gnu/libc.a(getpid.o)
                0x000000000044f850                __getpid
                0x000000000044f850                getpid
 *fill*         0x000000000044f85c        0x4 
 .text          0x000000000044f860      0x716 /usr/lib/gcc/x86_64-linux-gnu/11/../../../x86_64-linux-gnu/libc.a(sysconf.o)
                0x000000000044f990                sysconf
                0x000000000044f990                __sysconf
 *fill*         0x000000000044ff76        0xa 
 .text          0x000000000044ff80       0x25 /usr/lib/gcc/x86_64-linux-gnu/11/../../../x86_64-linux-gnu/libc.a(sched_yield.o)
                0x000000000044ff80                __sched_yield
                0x000000000044ff80                sched_yield
 *fill*         0x000000000044ffa5        0xb 
 .text          0x000000000044ffb0       0x56 /usr/lib/gcc/x86_64-linux-gnu/11/../../../x86_64-linux-gnu/libc.a(get_child_max.o)
                0x000000000044ffb0                __get_child_max
 .text          0x0000000000450006        0x0 /usr/lib/gcc/x86_64-linux-gnu/11/../../../x86_64-linux-gnu/libc.a(environ.o)
 *fill*         0x0000000000450006        0xa 
 .text          0x0000000000450010       0x16 /usr/lib/gcc/x86_64-linux-gnu/11/../../../x86_64-linux-gnu/libc.a(stat64.o)
                0x0000000000450010                stat64
                0x0000000000450010                __stat
                0x0000000000450010                __stat64
                0x0000000000450010                stat
 *fill*         0x0000000000450026        0xa 
 .text          0x0000000000450030       0x34 /usr/lib/gcc/x86_64-linux-gnu/11/../../../x86_64-linux-gnu/libc.a(fstat64.o)
                0x0000000000450030                fstat64
                0x0000000000450030                fstat
                0x0000000000450030                __fstat64
                0x0000000000450030                __fstat
 *fill*         0x0000000000450064        0xc 
 .text          0x0000000000450070       0x32 /usr/lib/gcc/x86_64-linux-gnu/11/../../../x86_64-linux-gnu/libc.a(fstatat64.o)
                0x0000000000450070                fstatat
                0x0000000000450070                __fstatat
                0x0000000000450070                fstatat64
                0x0000000000450070                __fstatat64
                0x0000000000450070                __GI___fstatat
 *fill*         0x00000000004500a2        0xe 
 .text          0x00000000004500b0      0x128 /usr/lib/gcc/x86_64-linux-gnu/11/../../../x86_64-linux-gnu/libc.a(open64.o)
                0x00000000004500b0                __open
                0x00000000004500b0                __libc_open64
                0x00000000004500b0                __libc_open
                0x00000000004500b0                open64
                0x00000000004500b0                open
                0x00000000004500b0                __open64
 *fill*         0x00000000004501d8        0x8 
 .text          0x00000000004501e0       0x9d /usr/lib/gcc/x86_64-linux-gnu/11/../../../x86_64-linux-gnu/libc.a(read.o)
                0x00000000004501e0                __read
                0x00000000004501e0                __libc_read
                0x00000000004501e0                read
 *fill*         0x000000000045027d        0x3 
 .text          0x0000000000450280       0x9d /usr/lib/gcc/x86_64-linux-gnu/11/../../../x86_64-linux-gnu/libc.a(write.o)
                0x0000000000450280                __write
                0x0000000000450280                write
                0x0000000000450280                __libc_write
 *fill*         0x000000000045031d        0x3 
 .text          0x0000000000450320       0x2c /usr/lib/gcc/x86_64-linux-gnu/11/../../../x86_64-linux-gnu/libc.a(lseek64.o)
                0x0000000000450320                __lseek64
                0x0000000000450320                lseek
                0x0000000000450320                __libc_lseek64
                0x0000000000450320                __lseek
                0x0000000000450320                __libc_lseek
                0x0000000000450320                lseek64
 *fill*         0x000000000045034c        0x4 
 .text          0x0000000000450350      0x720 /usr/lib/gcc/x86_64-linux-gnu/11/../../../x86_64-linux-gnu/libc.a(getcwd.o)
                0x0000000000450350                __getcwd
                0x0000000000450350                getcwd
 .text          0x0000000000450a70       0x2a /usr/lib/gcc/x86_64-linux-gnu/11/../../../x86_64-linux-gnu/libc.a(close_nocancel.o)
                0x0000000000450a70                __close_nocancel
 *fill*         0x0000000000450a9a        0x6 
 .text          0x0000000000450aa0      0x138 /usr/lib/gcc/x86_64-linux-gnu/11/../../../x86_64-linux-gnu/libc.a(fcntl_nocancel.o)
                0x0000000000450aa0                __fcntl64_nocancel
                0x0000000000450b50                __fcntl64_nocancel_adjusted
 *fill*         0x0000000000450bd8        0x8 
 .text          0x0000000000450be0       0xb0 /usr/lib/gcc/x86_64-linux-gnu/11/../../../x86_64-linux-gnu/libc.a(open64_nocancel.o)
                0x0000000000450be0                __open_nocancel
                0x0000000000450be0                __open64_nocancel
 .text          0x0000000000450c90       0x2c /usr/lib/gcc/x86_64-linux-gnu/11/../../../x86_64-linux-gnu/libc.a(read_nocancel.o)
                0x0000000000450c90                __read_nocancel
 *fill*         0x0000000000450cbc        0x4 
 .text          0x0000000000450cc0       0x2c /usr/lib/gcc/x86_64-linux-gnu/11/../../../x86_64-linux-gnu/libc.a(write_nocancel.o)
                0x0000000000450cc0                __write_nocancel
 *fill*         0x0000000000450cec        0x4 
 .text          0x0000000000450cf0       0x32 /usr/lib/gcc/x86_64-linux-gnu/11/../../../x86_64-linux-gnu/libc.a(getrlimit64.o)
                0x0000000000450cf0                getrlimit
                0x0000000000450cf0                getrlimit64
                0x0000000000450cf0                __getrlimit
                0x0000000000450cf0                __GI___getrlimit
                0x0000000000450cf0                __GI_getrlimit
                0x0000000000450cf0                __getrlimit64
 *fill*         0x0000000000450d22        0xe 
 .text          0x0000000000450d30       0x34 /usr/lib/gcc/x86_64-linux-gnu/11/../../../x86_64-linux-gnu/libc.a(brk.o)
                0x0000000000450d30                __brk
                0x0000000000450d30                brk
 *fill*         0x0000000000450d64        0xc 
 .text          0x0000000000450d70       0x8c /usr/lib/gcc/x86_64-linux-gnu/11/../../../x86_64-linux-gnu/libc.a(sbrk.o)
                0x0000000000450d70                sbrk
                0x0000000000450d70                __sbrk
 *fill*         0x0000000000450dfc        0x4 
 .text          0x0000000000450e00       0x31 /usr/lib/gcc/x86_64-linux-gnu/11/../../../x86_64-linux-gnu/libc.a(getpagesize.o)
                0x0000000000450e00                getpagesize
                0x0000000000450e00                __getpagesize
 *fill*         0x0000000000450e31        0xf 
 .text          0x0000000000450e40       0x4a /usr/lib/gcc/x86_64-linux-gnu/11/../../../x86_64-linux-gnu/libc.a(getdtsz.o)
                0x0000000000450e40                __getdtablesize
                0x0000000000450e40                getdtablesize
 *fill*         0x0000000000450e8a        0x6 
 .text          0x0000000000450e90       0x54 /usr/lib/gcc/x86_64-linux-gnu/11/../../../x86_64-linux-gnu/libc.a(mmap64.o)
                0x0000000000450e90                __mmap
                0x0000000000450e90                mmap
                0x0000000000450e90                __mmap64
                0x0000000000450e90                mmap64
 *fill*         0x0000000000450ee4        0xc 
 .text          0x0000000000450ef0       0x25 /usr/lib/gcc/x86_64-linux-gnu/11/../../../x86_64-linux-gnu/libc.a(munmap.o)
                0x0000000000450ef0                munmap
                0x0000000000450ef0                __munmap
 *fill*         0x0000000000450f15        0xb 
 .text          0x0000000000450f20       0x25 /usr/lib/gcc/x86_64-linux-gnu/11/../../../x86_64-linux-gnu/libc.a(mprotect.o)
                0x0000000000450f20                __mprotect
                0x0000000000450f20                mprotect
 *fill*         0x0000000000450f45        0xb 
 .text          0x0000000000450f50       0x25 /usr/lib/gcc/x86_64-linux-gnu/11/../../../x86_64-linux-gnu/libc.a(madvise.o)
                0x0000000000450f50                madvise
                0x0000000000450f50                __madvise
 *fill*         0x0000000000450f75        0xb 
 .text          0x0000000000450f80     0x10ed /usr/lib/gcc/x86_64-linux-gnu/11/../../../x86_64-linux-gnu/libc.a(tsearch.o)
                0x0000000000451280                tsearch
                0x0000000000451280                __tsearch
                0x0000000000451680                tfind
                0x0000000000451680                __tfind
                0x0000000000451700                tdelete
                0x0000000000451700                __tdelete
                0x0000000000451d60                __twalk
                0x0000000000451d60                twalk
                0x0000000000451e10                twalk_r
                0x0000000000451e10                __twalk_r
                0x0000000000451ec0                __tdestroy
                0x0000000000451ec0                tdestroy
 *fill*         0x000000000045206d        0x3 
 .text          0x0000000000452070      0x6bb /usr/lib/gcc/x86_64-linux-gnu/11/../../../x86_64-linux-gnu/libc.a(getsysstats.o)
                0x0000000000452450                __get_nprocs_sched
                0x00000000004524d0                __get_nprocs
                0x00000000004524d0                get_nprocs
                0x0000000000452510                __get_nprocs_conf
                0x0000000000452510                get_nprocs_conf
                0x0000000000452610                get_phys_pages
                0x0000000000452610                __get_phys_pages
                0x00000000004526a0                get_avphys_pages
                0x00000000004526a0                __get_avphys_pages
 *fill*         0x000000000045272b        0x5 
 .text          0x0000000000452730       0x15 /usr/lib/gcc/x86_64-linux-gnu/11/../../../x86_64-linux-gnu/libc.a(getclktck.o)
                0x0000000000452730                __getclktck
 *fill*         0x0000000000452745        0xb 
 .text          0x0000000000452750       0x51 /usr/lib/gcc/x86_64-linux-gnu/11/../../../x86_64-linux-gnu/libc.a(init-misc.o)
                0x0000000000452750                __init_misc
 *fill*         0x00000000004527a1        0xf 
 .text          0x00000000004527b0       0x92 /usr/lib/gcc/x86_64-linux-gnu/11/../../../x86_64-linux-gnu/libc.a(mremap.o)
                0x00000000004527b0                mremap
                0x00000000004527b0                __mremap
 *fill*         0x0000000000452842        0xe 
 .text          0x0000000000452850       0x25 /usr/lib/gcc/x86_64-linux-gnu/11/../../../x86_64-linux-gnu/libc.a(sysinfo.o)
                0x0000000000452850                sysinfo
                0x0000000000452850                __sysinfo
 *fill*         0x0000000000452875        0xb 
 .text          0x0000000000452880      0x3e4 /usr/lib/gcc/x86_64-linux-gnu/11/../../../x86_64-linux-gnu/libc.a(malloc-hugepages.o)
                0x0000000000452880                __malloc_default_thp_pagesize
                0x0000000000452930                __malloc_thp_mode
                0x0000000000452a00                __malloc_hugepage_config
 *fill*         0x0000000000452c64        0xc 
 .text          0x0000000000452c70       0x85 /usr/lib/gcc/x86_64-linux-gnu/11/../../../x86_64-linux-gnu/libc.a(wctrans.o)
                0x0000000000452c70                __wctrans
                0x0000000000452c70                wctrans
 *fill*         0x0000000000452cf5        0xb 
 .text          0x0000000000452d00       0x4d /usr/lib/gcc/x86_64-linux-gnu/11/../../../x86_64-linux-gnu/libc.a(towctrans.o)
                0x0000000000452d00                towctrans
                0x0000000000452d00                __towctrans
 *fill*         0x0000000000452d4d        0x3 
 .text          0x0000000000452d50       0x16 /usr/lib/gcc/x86_64-linux-gnu/11/../../../x86_64-linux-gnu/libc.a(chk_fail.o)
                0x0000000000452d50                __chk_fail
 *fill*         0x0000000000452d66        0xa 
 .text          0x0000000000452d70      0x204 /usr/lib/gcc/x86_64-linux-gnu/11/../../../x86_64-linux-gnu/libc.a(readonly-area.o)
                0x0000000000452d70                __readonly_area
 *fill*         0x0000000000452f74        0xc 
 .text          0x0000000000452f80       0x16 /usr/lib/gcc/x86_64-linux-gnu/11/../../../x86_64-linux-gnu/libc.a(stack_chk_fail.o)
                0x0000000000452f80                __stack_chk_fail_local
                0x0000000000452f80                __stack_chk_fail
 *fill*         0x0000000000452f96        0xa 
 .text          0x0000000000452fa0       0x2c /usr/lib/gcc/x86_64-linux-gnu/11/../../../x86_64-linux-gnu/libc.a(fortify_fail.o)
                0x0000000000452fa0                __fortify_fail
 *fill*         0x0000000000452fcc        0x4 
 .text          0x0000000000452fd0       0xf2 /usr/lib/gcc/x86_64-linux-gnu/11/../../../x86_64-linux-gnu/libc.a(dl-debug.o)
                0x0000000000452fd0                _dl_debug_state
                0x0000000000452fe0                _dl_debug_update
                0x0000000000453030                _dl_debug_initialize
 .text          0x00000000004530c2        0x0 /usr/lib/gcc/x86_64-linux-gnu/11/../../../x86_64-linux-gnu/libc.a(dl-debug-symbols.o)
 *fill*         0x00000000004530c2        0xe 
 .text          0x00000000004530d0      0xc5c /usr/lib/gcc/x86_64-linux-gnu/11/../../../x86_64-linux-gnu/libc.a(dl-tls.o)
                0x0000000000453180                _dl_tls_static_surplus_init
                0x0000000000453220                _dl_assign_tls_modid
                0x0000000000453330                _dl_count_modids
                0x00000000004533a0                _dl_get_tls_static_info
                0x00000000004533c0                _dl_allocate_tls_storage
                0x0000000000453490                _dl_allocate_tls_init
                0x0000000000453720                _dl_allocate_tls
                0x00000000004539f0                _dl_deallocate_tls
                0x0000000000453a80                _dl_tls_get_addr_soft
                0x0000000000453b00                _dl_add_to_slotinfo
                0x0000000000453c00                _dl_init_static_tls
 *fill*         0x0000000000453d2c        0x4 
 .text          0x0000000000453d30      0x18c /usr/lib/gcc/x86_64-linux-gnu/11/../../../x86_64-linux-gnu/libc.a(dl-tls_init_tp.o)
                0x0000000000453d30                __tls_pre_init_tp
                0x0000000000453d80                __tls_init_tp
 *fill*         0x0000000000453ebc        0x4 
 .text          0x0000000000453ec0      0xabd /usr/lib/gcc/x86_64-linux-gnu/11/../../../x86_64-linux-gnu/libc.a(dl-tunables.o)
                0x00000000004543c0                __tunable_set_val