Archive member included to satisfy reference by file (symbol)

/usr/lib/gcc/x86_64-linux-gnu/11/../../../x86_64-linux-gnu/libc.a(libc-start.o)
                              /usr/lib/gcc/x86_64-linux-gnu/11/../../../x86_64-linux-gnu/crt1.o (__libc_start_main)
/usr/lib/gcc/x86_64-linux-gnu/11/../../../x86_64-linux-gnu/libc.a(check_fds.o)
                              /usr/lib/gcc/x86_64-linux-gnu/11/../../../x86_64-linux-gnu/libc.a(libc-start.o) (__libc_check_standard_fds)
/usr/lib/gcc/x86_64-linux-gnu/11/../../../x86_64-linux-gnu/libc.a(libc-tls.o)
                              /usr/lib/gcc/x86_64-linux-gnu/11/../../../x86_64-linux-gnu/libc.a(libc-start.o) (__libc_setup_tls)
/usr/lib/gcc/x86_64-linux-gnu/11/../../../x86_64-linux-gnu/libc.a(errno.o)
                              /usr/lib/gcc/x86_64-linux-gnu/11/../../../x86_64-linux-gnu/libc.a(check_fds.o) (__libc_errno)
/usr/lib/gcc/x86_64-linux-gnu/11/../../../x86_64-linux-gnu/libc.a(assert.o)
                              /usr/lib/gcc/x86_64-linux-gnu/11/../../../x86_64-linux-gnu/libc.a(libc-start.o) (__assert_fail)
/usr/lib/gcc/x86_64-linux-gnu/11/../../../x86_64-linux-gnu/libc.a(dcgettext.o)
                              /usr/lib/gcc/x86_64-linux-gnu/11/../../../x86_64-linux-gnu/libc.a(assert.o) (__dcgettext)
/usr/lib/gcc/x86_64-linux-gnu/11/../../../x86_64-linux-gnu/libc.a(dcigettext.o)
                              /usr/lib/gcc/x86_64-linux-gnu/11/../../../x86_64-linux-gnu/libc.a(dcgettext.o) (__dcigettext)
/usr/lib/gcc/x86_64-linux-gnu/11/../../../x86_64-linux-gnu/libc.a(finddomain.o)
                              /usr/lib/gcc/x86_64-linux-gnu/11/../../../x86_64-linux-gnu/libc.a(dcigettext.o) (_nl_find_domain)
/usr/lib/gcc/x86_64-linux-gnu/11/../../../x86_64-linux-gnu/libc.a(loadmsgcat.o)
                              /usr/lib/gcc/x86_64-linux-gnu/11/../../../x86_64-linux-gnu/libc.a(dcigettext.o) (_nl_load_domain)
/usr/lib/gcc/x86_64-linux-gnu/11/../../../x86_64-linux-gnu/libc.a(localealias.o)
                              /usr/lib/gcc/x86_64-linux-gnu/11/../../../x86_64-linux-gnu/libc.a(finddomain.o) (_nl_expand_alias)
/usr/lib/gcc/x86_64-linux-gnu/11/../../../x86_64-linux-gnu/libc.a(l10nflist.o)
                              /usr/lib/gcc/x86_64-linux-gnu/11/../../../x86_64-linux-gnu/libc.a(finddomain.o) (_nl_make_l10nflist)
/usr/lib/gcc/x86_64-linux-gnu/11/../../../x86_64-linux-gnu/libc.a(explodename.o)
                              /usr/lib/gcc/x86_64-linux-gnu/11/../../../x86_64-linux-gnu/libc.a(finddomain.o) (_nl_explode_name)
/usr/lib/gcc/x86_64-linux-gnu/11/../../../x86_64-linux-gnu/libc.a(plural.o)
                              /usr/lib/gcc/x86_64-linux-gnu/11/../../../x86_64-linux-gnu/libc.a(loadmsgcat.o) (__gettext_free_exp)
/usr/lib/gcc/x86_64-linux-gnu/11/../../../x86_64-linux-gnu/libc.a(plural-exp.o)
                              /usr/lib/gcc/x86_64-linux-gnu/11/../../../x86_64-linux-gnu/libc.a(loadmsgcat.o) (__gettext_extract_plural)
/usr/lib/gcc/x86_64-linux-gnu/11/../../../x86_64-linux-gnu/libc.a(hash-string.o)
                              /usr/lib/gcc/x86_64-linux-gnu/11/../../../x86_64-linux-gnu/libc.a(dcigettext.o) (__hash_string)
/usr/lib/gcc/x86_64-linux-gnu/11/../../../x86_64-linux-gnu/libc.a(bsd-_setjmp.o)
                              /usr/lib/gcc/x86_64-linux-gnu/11/../../../x86_64-linux-gnu/libc.a(libc-start.o) (_setjmp)
/usr/lib/gcc/x86_64-linux-gnu/11/../../../x86_64-linux-gnu/libc.a(raise.o)
                              /usr/lib/gcc/x86_64-linux-gnu/11/../../../x86_64-linux-gnu/libc.a(dcigettext.o) (raise)
/usr/lib/gcc/x86_64-linux-gnu/11/../../../x86_64-linux-gnu/libc.a(atoi.o)
                              /tmp/cc98YQBP.o (atoi)
/usr/lib/gcc/x86_64-linux-gnu/11/../../../x86_64-linux-gnu/libc.a(abort.o)
                              /usr/lib/gcc/x86_64-linux-gnu/11/../../../x86_64-linux-gnu/libc.a(assert.o) (abort)
/usr/lib/gcc/x86_64-linux-gnu/11/../../../x86_64-linux-gnu/libc.a(msort.o)
                              /usr/lib/gcc/x86_64-linux-gnu/11/../../../x86_64-linux-gnu/libc.a(localealias.o) (qsort)
/usr/lib/gcc/x86_64-linux-gnu/11/../../../x86_64-linux-gnu/libc.a(getenv.o)
                              /usr/lib/gcc/x86_64-linux-gnu/11/../../../x86_64-linux-gnu/libc.a(dcigettext.o) (getenv)
/usr/lib/gcc/x86_64-linux-gnu/11/../../../x86_64-linux-gnu/libc.a(exit.o)
                              /tmp/cc98YQBP.o (exit)
/usr/lib/gcc/x86_64-linux-gnu/11/../../../x86_64-linux-gnu/libc.a(cxa_atexit.o)
                              /usr/lib/gcc/x86_64-linux-gnu/11/../../../x86_64-linux-gnu/libc.a(exit.o) (__exit_funcs_lock)
/usr/lib/gcc/x86_64-linux-gnu/11/../../../x86_64-linux-gnu/libc.a(strtol.o)
                              /usr/lib/gcc/x86_64-linux-gnu/11/../../../x86_64-linux-gnu/libc.a(atoi.o) (strtol)
/usr/lib/gcc/x86_64-linux-gnu/11/../../../x86_64-linux-gnu/libc.a(strtoul.o)
                              /usr/lib/gcc/x86_64-linux-gnu/11/../../../x86_64-linux-gnu/libc.a(plural-exp.o) (strtoul)
[...]
Memory Configuration

Name             Origin             Length             Attributes
*default*        0x0000000000000000 0xffffffffffffffff

Linker script and memory map

LOAD /usr/lib/gcc/x86_64-linux-gnu/11/../../../x86_64-linux-gnu/crt1.o
LOAD /usr/lib/gcc/x86_64-linux-gnu/11/../../../x86_64-linux-gnu/crti.o
LOAD /usr/lib/gcc/x86_64-linux-gnu/11/crtbeginT.o
LOAD /tmp/cc98YQBP.o
START GROUP
LOAD /usr/lib/gcc/x86_64-linux-gnu/11/libgcc.a
LOAD /usr/lib/gcc/x86_64-linux-gnu/11/libgcc_eh.a
LOAD /usr/lib/gcc/x86_64-linux-gnu/11/../../../x86_64-linux-gnu/libc.a
END GROUP
LOAD /usr/lib/gcc/x86_64-linux-gnu/11/crtend.o
LOAD /usr/lib/gcc/x86_64-linux-gnu/11/../../../x86_64-linux-gnu/crtn.o
                [!provide]                        PROVIDE (__executable_start = SEGMENT_START ("text-segment", 0x400000))
                0x0000000000400270                . = (SEGMENT_START ("text-segment", 0x400000) + SIZEOF_HEADERS)

.interp
 *(.interp)

.note.gnu.property
                0x0000000000400270       0x30
 .note.gnu.property
                0x0000000000400270       0x30 /usr/lib/gcc/x86_64-linux-gnu/11/../../../x86_64-linux-gnu/crt1.o

.note.gnu.build-id
                0x00000000004002a0       0x24
 *(.note.gnu.build-id)
 .note.gnu.build-id
                0x00000000004002a0       0x24 /usr/lib/gcc/x86_64-linux-gnu/11/../../../x86_64-linux-gnu/crt1.o

.note.ABI-tag   0x00000000004002c4       0x20
 .note.ABI-tag  0x00000000004002c4       0x20 /usr/lib/gcc/x86_64-linux-gnu/11/../../../x86_64-linux-gnu/crt1.o

.hash
 *(.hash)

.gnu.hash
 *(.gnu.hash)

.dynsym
 *(.dynsym)

.dynstr
 *(.dynstr)

.gnu.version
 *(.gnu.version)

.gnu.version_d
 *(.gnu.version_d)

.gnu.version_r
 *(.gnu.version_r)

.rela.dyn       0x00000000004002e8        0x0
 *(.rela.init)
 *(.rela.text .rela.text.* .rela.gnu.linkonce.t.*)
 .rela.text     0x00000000004002e8        0x0 /usr/lib/gcc/x86_64-linux-gnu/11/../../../x86_64-linux-gnu/crt1.o
 *(.rela.fini)
 *(.rela.rodata .rela.rodata.* .rela.gnu.linkonce.r.*)
 *(.rela.data .rela.data.* .rela.gnu.linkonce.d.*)
 .rela.data.rel.ro
                0x00000000004002e8        0x0 /usr/lib/gcc/x86_64-linux-gnu/11/../../../x86_64-linux-gnu/crt1.o
 *(.rela.tdata .rela.tdata.* .rela.gnu.linkonce.td.*)
 *(.rela.tbss .rela.tbss.* .rela.gnu.linkonce.tb.*)
 *(.rela.ctors)
 *(.rela.dtors)
 *(.rela.got)
 .rela.got      0x00000000004002e8        0x0 /usr/lib/gcc/x86_64-linux-gnu/11/../../../x86_64-linux-gnu/crt1.o
 *(.rela.bss .rela.bss.* .rela.gnu.linkonce.b.*)
 *(.rela.ldata .rela.ldata.* .rela.gnu.linkonce.l.*)
 *(.rela.lbss .rela.lbss.* .rela.gnu.linkonce.lb.*)
 *(.rela.lrodata .rela.lrodata.* .rela.gnu.linkonce.lr.*)
 *(.rela.ifunc)
 .rela.eh_frame
                0x00000000004002e8        0x0 /usr/lib/gcc/x86_64-linux-gnu/11/../../../x86_64-linux-gnu/crt1.o
 .rela__libc_IO_vtables
                0x00000000004002e8        0x0 /usr/lib/gcc/x86_64-linux-gnu/11/../../../x86_64-linux-gnu/crt1.o

.rela.plt       0x00000000004002e8      0x240
 *(.rela.plt)
                0x00000000004002e8                PROVIDE (__rela_iplt_start = .)
 *(.rela.iplt)
 .rela.iplt     0x00000000004002e8      0x240 /usr/lib/gcc/x86_64-linux-gnu/11/../../../x86_64-linux-gnu/crt1.o
                0x0000000000400528                PROVIDE (__rela_iplt_end = .)

.relr.dyn
 *(.relr.dyn)
                0x0000000000401000                . = ALIGN (CONSTANT (MAXPAGESIZE))

.init           0x0000000000401000       0x1b
 *(SORT_NONE(.init))
 .init          0x0000000000401000       0x16 /usr/lib/gcc/x86_64-linux-gnu/11/../../../x86_64-linux-gnu/crti.o
                0x0000000000401000                _init
 .init          0x0000000000401016        0x5 /usr/lib/gcc/x86_64-linux-gnu/11/../../../x86_64-linux-gnu/crtn.o

.plt            0x0000000000401020      0x180
 *(.plt)
 *(.iplt)
 *fill*         0x0000000000401020        0x0 
 .iplt          0x0000000000401020      0x180 /usr/lib/gcc/x86_64-linux-gnu/11/../../../x86_64-linux-gnu/crt1.o

.plt.got
 *(.plt.got)

.plt.sec
 *(.plt.sec)

.text           0x00000000004011c0    0x95398
 *(.text.unlikely .text.*_unlikely .text.unlikely.*)
 .text.unlikely
                0x00000000004011c0        0xf /usr/lib/gcc/x86_64-linux-gnu/11/../../../x86_64-linux-gnu/libc.a(assert.o)
 .text.unlikely
                0x00000000004011cf        0x5 /usr/lib/gcc/x86_64-linux-gnu/11/../../../x86_64-linux-gnu/libc.a(loadmsgcat.o)
 .text.unlikely
                0x00000000004011d4      0x199 /usr/lib/gcc/x86_64-linux-gnu/11/../../../x86_64-linux-gnu/libc.a(abort.o)
                0x00000000004011d4                abort
 .text.unlikely
                0x000000000040136d       0x37 /usr/lib/gcc/x86_64-linux-gnu/11/../../../x86_64-linux-gnu/libc.a(iofclose.o)
 .text.unlikely
                0x00000000004013a4       0x36 /usr/lib/gcc/x86_64-linux-gnu/11/../../../x86_64-linux-gnu/libc.a(iofflush.o)
 .text.unlikely
                0x00000000004013da       0x37 /usr/lib/gcc/x86_64-linux-gnu/11/../../../x86_64-linux-gnu/libc.a(ioputs.o)
 .text.unlikely
                0x0000000000401411       0x37 /usr/lib/gcc/x86_64-linux-gnu/11/../../../x86_64-linux-gnu/libc.a(wfileops.o)
 .text.unlikely
                0x0000000000401448       0x39 /usr/lib/gcc/x86_64-linux-gnu/11/../../../x86_64-linux-gnu/libc.a(fileops.o)
 .text.unlikely
                0x0000000000401481        0xa /usr/lib/gcc/x86_64-linux-gnu/11/../../../x86_64-linux-gnu/libc.a(sysconf.o)
 .text.unlikely
                0x000000000040148b        0xc /usr/lib/gcc/x86_64-linux-gnu/11/../../../x86_64-linux-gnu/libc.a(init-first.o)
                0x000000000040148b                _dl_start
 .text.unlikely
                0x0000000000401497        0x5 /usr/lib/gcc/x86_64-linux-gnu/11/../../../x86_64-linux-gnu/libc.a(printf_fp.o)
 .text.unlikely
                0x000000000040149c        0x5 /usr/lib/gcc/x86_64-linux-gnu/11/../../../x86_64-linux-gnu/libc.a(printf_fphex.o)
 .text.unlikely
                0x00000000004014a1       0x36 /usr/lib/gcc/x86_64-linux-gnu/11/../../../x86_64-linux-gnu/libc.a(iofputs.o)
 .text.unlikely
                0x00000000004014d7       0x36 /usr/lib/gcc/x86_64-linux-gnu/11/../../../x86_64-linux-gnu/libc.a(iofwrite.o)
 .text.unlikely
                0x000000000040150d       0x36 /usr/lib/gcc/x86_64-linux-gnu/11/../../../x86_64-linux-gnu/libc.a(iogetdelim.o)
 .text.unlikely
                0x0000000000401543       0x29 /usr/lib/gcc/x86_64-linux-gnu/11/../../../x86_64-linux-gnu/libc.a(pthread_once.o)
 .text.unlikely
                0x000000000040156c       0x34 /usr/lib/gcc/x86_64-linux-gnu/11/../../../x86_64-linux-gnu/libc.a(dl-load.o)
 .text.unlikely
                0x00000000004015a0        0x5 /usr/lib/gcc/x86_64-linux-gnu/11/../../../x86_64-linux-gnu/libc.a(nptl-stack.o)
 .text.unlikely
                0x00000000004015a5       0x57 /usr/lib/gcc/x86_64-linux-gnu/11/libgcc_eh.a(unwind-dw2.o)
 .text.unlikely
                0x00000000004015fc       0x33 /usr/lib/gcc/x86_64-linux-gnu/11/libgcc_eh.a(unwind-dw2-fde-dip.o)
 .text.unlikely
                0x000000000040162f       0x11 /usr/lib/gcc/x86_64-linux-gnu/11/libgcc_eh.a(unwind-c.o)
 .text.unlikely
                0x0000000000401640       0x10 /usr/lib/gcc/x86_64-linux-gnu/11/../../../x86_64-linux-gnu/libc.a(dl-iteratephdr.o)
 *(.text.exit .text.exit.*)
 *(.text.startup .text.startup.*)
 *(.text.hot .text.hot.*)
 *(SORT_BY_NAME(.text.sorted.*))
 *(.text .stub .text.* .gnu.linkonce.t.*)
 .text          0x0000000000401650       0x35 /usr/lib/gcc/x86_64-linux-gnu/11/../../../x86_64-linux-gnu/crt1.o
                0x0000000000401650                _start
                0x0000000000401680                _dl_relocate_static_pie
 .text          0x0000000000401685        0x0 /usr/lib/gcc/x86_64-linux-gnu/11/../../../x86_64-linux-gnu/crti.o
 *fill*         0x0000000000401685        0xb 
 .text          0x0000000000401690       0xe5 /usr/lib/gcc/x86_64-linux-gnu/11/crtbeginT.o
 .text          0x0000000000401775      0x352 /tmp/cc98YQBP.o
                0x0000000000401775                main
 *fill*         0x0000000000401ac7        0x9 
 .text          0x0000000000401ad0     0x26cf /usr/lib/gcc/x86_64-linux-gnu/11/../../../x86_64-linux-gnu/libc.a(libc-start.o)
                0x0000000000402d70                __libc_start_main_impl
                0x0000000000402d70                __libc_start_main
 *fill*         0x000000000040419f        0x1 
 .text          0x00000000004041a0      0x19f /usr/lib/gcc/x86_64-linux-gnu/11/../../../x86_64-linux-gnu/libc.a(check_fds.o)
                0x00000000004041a0                __libc_check_standard_fds
 *fill*         0x000000000040433f        0x1 
 .text          0x0000000000404340      0x2ca /usr/lib/gcc/x86_64-linux-gnu/11/../../../x86_64-linux-gnu/libc.a(libc-tls.o)
                0x0000000000404340                __libc_setup_tls
 .text          0x000000000040460a        0x0 /usr/lib/gcc/x86_64-linux-gnu/11/../../../x86_64-linux-gnu/libc.a(errno.o)
 *fill*         0x000000000040460a        0x6 
 .text          0x0000000000404610      0x196 /usr/lib/gcc/x86_64-linux-gnu/11/../../../x86_64-linux-gnu/libc.a(assert.o)
                0x0000000000404610                __assert_fail_base
                0x0000000000404760                __assert_fail
 *fill*         0x00000000004047a6        0xa 
 .text          0x00000000004047b0       0x13 /usr/lib/gcc/x86_64-linux-gnu/11/../../../x86_64-linux-gnu/libc.a(dcgettext.o)
                0x00000000004047b0                __dcgettext
                0x00000000004047b0                dcgettext
 *fill*         0x00000000004047c3        0xd 
 .text          0x00000000004047d0     0x14df /usr/lib/gcc/x86_64-linux-gnu/11/../../../x86_64-linux-gnu/libc.a(dcigettext.o)
                0x0000000000404a40                _nl_find_msg
                0x00000000004053d0                __dcigettext
 *fill*         0x0000000000405caf        0x1 
 .text          0x0000000000405cb0      0x277 /usr/lib/gcc/x86_64-linux-gnu/11/../../../x86_64-linux-gnu/libc.a(finddomain.o)
                0x0000000000405cb0                _nl_find_domain
 *fill*         0x0000000000405f27        0x9 
 .text          0x0000000000405f30     0x14b5 /usr/lib/gcc/x86_64-linux-gnu/11/../../../x86_64-linux-gnu/libc.a(loadmsgcat.o)
                0x0000000000405f30                _nl_load_domain
 *fill*         0x00000000004073e5        0xb 
 .text          0x00000000004073f0      0x6c1 /usr/lib/gcc/x86_64-linux-gnu/11/../../../x86_64-linux-gnu/libc.a(localealias.o)
                0x0000000000407910                _nl_expand_alias
 *fill*         0x0000000000407ab1        0xf 
 .text          0x0000000000407ac0      0x6f2 /usr/lib/gcc/x86_64-linux-gnu/11/../../../x86_64-linux-gnu/libc.a(l10nflist.o)
                0x0000000000407ac0                _nl_make_l10nflist
                0x00000000004080a0                _nl_normalize_codeset
 *fill*         0x00000000004081b2        0xe 
 .text          0x00000000004081c0      0x1f5 /usr/lib/gcc/x86_64-linux-gnu/11/../../../x86_64-linux-gnu/libc.a(explodename.o)
                0x00000000004081c0                _nl_explode_name
 *fill*         0x00000000004083b5        0xb 
 .text          0x00000000004083c0     0x1d0b /usr/lib/gcc/x86_64-linux-gnu/11/../../../x86_64-linux-gnu/libc.a(plural.o)
                0x00000000004083c0                __gettext_free_exp
                0x0000000000409880                __gettextparse
 *fill*         0x000000000040a0cb        0x5 
 .text          0x000000000040a0d0      0x115 /usr/lib/gcc/x86_64-linux-gnu/11/../../../x86_64-linux-gnu/libc.a(plural-exp.o)
                0x000000000040a0d0                __gettext_extract_plural
 *fill*         0x000000000040a1e5        0xb 
 .text          0x000000000040a1f0       0x5b /usr/lib/gcc/x86_64-linux-gnu/11/../../../x86_64-linux-gnu/libc.a(hash-string.o)
                0x000000000040a1f0                __hash_string
 *fill*         0x000000000040a24b        0x5 
 .text          0x000000000040a250        0xb /usr/lib/gcc/x86_64-linux-gnu/11/../../../x86_64-linux-gnu/libc.a(bsd-_setjmp.o)
                0x000000000040a250                _setjmp
 *fill*         0x000000000040a25b        0x5 
 .text          0x000000000040a260       0x31 /usr/lib/gcc/x86_64-linux-gnu/11/../../../x86_64-linux-gnu/libc.a(raise.o)
                0x000000000040a260                gsignal
                0x000000000040a260                raise
 *fill*         0x000000000040a291        0xf 
 .text          0x000000000040a2a0       0x19 /usr/lib/gcc/x86_64-linux-gnu/11/../../../x86_64-linux-gnu/libc.a(atoi.o)
                0x000000000040a2a0                atoi
 .text          0x000000000040a2b9        0x0 /usr/lib/gcc/x86_64-linux-gnu/11/../../../x86_64-linux-gnu/libc.a(abort.o)
 *fill*         0x000000000040a2b9        0x7 
 .text          0x000000000040a2c0      0x80c /usr/lib/gcc/x86_64-linux-gnu/11/../../../x86_64-linux-gnu/libc.a(msort.o)
                0x000000000040a6e0                __qsort_r
                0x000000000040a6e0                qsort_r
                0x000000000040aac0                qsort
 *fill*         0x000000000040aacc        0x4 
 .text          0x000000000040aad0       0xe8 /usr/lib/gcc/x86_64-linux-gnu/11/../../../x86_64-linux-gnu/libc.a(getenv.o)
                0x000000000040aad0                getenv
 *fill*         0x000000000040abb8        0x8 
 .text          0x000000000040abc0      0x280 /usr/lib/gcc/x86_64-linux-gnu/11/../../../x86_64-linux-gnu/libc.a(exit.o)
                0x000000000040abc0                __run_exit_handlers
                0x000000000040ae20                exit
 .text          0x000000000040ae40      0x2cd /usr/lib/gcc/x86_64-linux-gnu/11/../../../x86_64-linux-gnu/libc.a(cxa_atexit.o)
                0x000000000040ae40                __new_exitfn
                0x000000000040af50                __internal_atexit
                0x000000000040b030                __cxa_atexit
 *fill*         0x000000000040b10d        0x3 
 .text          0x000000000040b110       0x36 /usr/lib/gcc/x86_64-linux-gnu/11/../../../x86_64-linux-gnu/libc.a(strtol.o)
                0x000000000040b110                __strtol_internal
                0x000000000040b110                __strtoll_internal
                0x000000000040b130                strtoimax
                0x000000000040b130                strtoll
                0x000000000040b130                strtoq
                0x000000000040b130                strtol
                0x000000000040b130                __strtol
 *fill*         0x000000000040b146        0xa 
 .text          0x000000000040b150       0x36 /usr/lib/gcc/x86_64-linux-gnu/11/../../../x86_64-linux-gnu/libc.a(strtoul.o)
                0x000000000040b150                __strtoull_internal
                0x000000000040b150                __strtoul_internal
                0x000000000040b170                strtoumax
                0x000000000040b170                strtoul
                0x000000000040b170                strtoull
                0x000000000040b170                strtouq
                0x000000000040b170                __strtoul
 *fill*         0x000000000040b186        0xa 
 .text          0x000000000040b190      0x52e /usr/lib/gcc/x86_64-linux-gnu/11/../../../x86_64-linux-gnu/libc.a(strtol_l.o)
                0x000000000040b190                ____strtol_l_internal
                0x000000000040b190                ____strtoll_l_internal
                0x000000000040b6b0                strtoll_l
                0x000000000040b6b0                strtol_l
                0x000000000040b6b0                __strtoll_l
                0x000000000040b6b0                __strtol_l
 *fill*         0x000000000040b6be        0x2 
 .text          0x000000000040b6c0      0x4ce /usr/lib/gcc/x86_64-linux-gnu/11/../../../x86_64-linux-gnu/libc.a(strtoul_l.o)
                0x000000000040b6c0                ____strtoul_l_internal
                0x000000000040b6c0                ____strtoull_l_internal
                0x000000000040bb80                __strtoull_l
                0x000000000040bb80                strtoull_l
                0x000000000040bb80                strtoul_l
                0x000000000040bb80                __strtoul_l
 *fill*         0x000000000040bb8e        0x2 
 .text          0x000000000040bb90      0x327 /usr/lib/gcc/x86_64-linux-gnu/11/../../../x86_64-linux-gnu/libc.a(grouping.o)
                0x000000000040bb90                __correctly_grouped_prefixmb
 *fill*         0x000000000040beb7        0x9 
 .text          0x000000000040bec0       0xc9 /usr/lib/gcc/x86_64-linux-gnu/11/../../../x86_64-linux-gnu/libc.a(printf.o)
                0x000000000040bec0                __printf
                0x000000000040bec0                printf
                0x000000000040bec0                _IO_printf
 *fill*         0x000000000040bf89        0x7 
 .text          0x000000000040bf90       0xb7 /usr/lib/gcc/x86_64-linux-gnu/11/../../../x86_64-linux-gnu/libc.a(asprintf.o)
                0x000000000040bf90                __asprintf
                0x000000000040bf90                asprintf
                0x000000000040bf90                ___asprintf
 *fill*         0x000000000040c047        0x9 
 .text          0x000000000040c050     0x550f /usr/lib/gcc/x86_64-linux-gnu/11/../../../x86_64-linux-gnu/libc.a(vfprintf-internal.o)
                0x000000000040efe0                __vfprintf_internal
 *fill*         0x000000000041155f        0x1 
 .text          0x0000000000411560       0x53 /usr/lib/gcc/x86_64-linux-gnu/11/../../../x86_64-linux-gnu/libc.a(errlist.o)
                0x0000000000411560                __get_errlist
                0x0000000000411580                __get_errname
 *fill*         0x00000000004115b3        0xd 
 .text          0x00000000004115c0      0x8c8 /usr/lib/gcc/x86_64-linux-gnu/11/../../../x86_64-linux-gnu/libc.a(printf-parsemb.o)
                0x00000000004115c0                __parse_one_specmb
 *fill*         0x0000000000411e88        0x8 
 .text          0x0000000000411e90      0x579 /usr/lib/gcc/x86_64-linux-gnu/11/../../../x86_64-linux-gnu/libc.a(fxprintf.o)
                0x0000000000412050                __vfxprintf
                0x0000000000412120                __fxprintf
                0x0000000000412290                __fxprintf_nocancel
 *fill*         0x0000000000412409        0x7 
 .text          0x0000000000412410      0x1e6 /usr/lib/gcc/x86_64-linux-gnu/11/../../../x86_64-linux-gnu/libc.a(iofclose.o)
                0x0000000000412410                _IO_fclose
                0x0000000000412410                _IO_new_fclose
                0x0000000000412410                fclose
                0x0000000000412410                __new_fclose
 *fill*         0x00000000004125f6        0xa 
 .text          0x0000000000412600       0xf6 /usr/lib/gcc/x86_64-linux-gnu/11/../../../x86_64-linux-gnu/libc.a(iofflush.o)
                0x0000000000412600                _IO_fflush
                0x0000000000412600                fflush
 *fill*         0x00000000004126f6        0xa 
 .text          0x0000000000412700      0x246 /usr/lib/gcc/x86_64-linux-gnu/11/../../../x86_64-linux-gnu/libc.a(iofopen.o)
                0x0000000000412700                __fopen_maybe_mmap
                0x0000000000412750                __fopen_internal
                0x0000000000412850                _IO_fopen64
                0x0000000000412850                _IO_new_fopen
                0x0000000000412850                fopen
                0x0000000000412850                _IO_fopen
                0x0000000000412850                __new_fopen
                0x0000000000412850                fopen64
 *fill*         0x0000000000412946        0xa 
 .text          0x0000000000412950      0x135 /usr/lib/gcc/x86_64-linux-gnu/11/../../../x86_64-linux-gnu/libc.a(iopadn.o)
                0x0000000000412950                _IO_padn
 *fill*         0x0000000000412a85        0xb 
 .text          0x0000000000412a90      0x199 /usr/lib/gcc/x86_64-linux-gnu/11/../../../x86_64-linux-gnu/libc.a(ioputs.o)
                0x0000000000412a90                puts
                0x0000000000412a90                _IO_puts
 *fill*         0x0000000000412c29        0x7 
 .text          0x0000000000412c30     0x1a94 /usr/lib/gcc/x86_64-linux-gnu/11/../../../x86_64-linux-gnu/libc.a(wfileops.o)
                0x0000000000412c30                _IO_wfile_underflow
                0x00000000004133a0                _IO_wfile_seekoff
                0x0000000000413df0                _IO_wdo_write
                0x0000000000413fe0                _IO_wfile_overflow
                0x00000000004142f0                _IO_wfile_sync
                0x0000000000414490                _IO_wfile_xsputn
 *fill*         0x00000000004146c4        0xc 
 .text          0x00000000004146d0      0x4b8 /usr/lib/gcc/x86_64-linux-gnu/11/../../../x86_64-linux-gnu/libc.a(iofwide.o)
                0x00000000004146d0                _IO_fwide
                0x0000000000414850                __libio_codecvt_out
                0x0000000000414950                __libio_codecvt_in
                0x0000000000414a50                __libio_codecvt_encoding
                0x0000000000414a80                __libio_codecvt_length
 *fill*         0x0000000000414b88        0x8 
 .text          0x0000000000414b90      0x1ab /usr/lib/gcc/x86_64-linux-gnu/11/../../../x86_64-linux-gnu/libc.a(vasprintf.o)
                0x0000000000414b90                __vasprintf_internal
                0x0000000000414d30                __vasprintf
                0x0000000000414d30                vasprintf
 *fill*         0x0000000000414d3b        0x5 
 .text          0x0000000000414d40      0x470 /usr/lib/gcc/x86_64-linux-gnu/11/../../../x86_64-linux-gnu/libc.a(libc_fatal.o)
                0x0000000000414ea0                __libc_message
                0x0000000000415190                __libc_fatal
 .text          0x00000000004151b0       0x1c /usr/lib/gcc/x86_64-linux-gnu/11/../../../x86_64-linux-gnu/libc.a(vtables.o)
                0x00000000004151b0                _IO_vtable_check
 *fill*         0x00000000004151cc        0x4 
 .text          0x00000000004151d0       0x98 /usr/lib/gcc/x86_64-linux-gnu/11/../../../x86_64-linux-gnu/libc.a(iofgets_u.o)
                0x00000000004151d0                __fgets_unlocked
                0x00000000004151d0                fgets_unlocked
 *fill*         0x0000000000415268        0x8 
 .text          0x0000000000415270     0x2b11 /usr/lib/gcc/x86_64-linux-gnu/11/../../../x86_64-linux-gnu/libc.a(fileops.o)
                0x00000000004152e0                _IO_file_close
                0x00000000004152f0                _IO_file_setbuf
                0x00000000004152f0                _IO_new_file_setbuf
                0x0000000000415320                _IO_file_setbuf_mmap
                0x00000000004153a0                _IO_file_underflow
                0x00000000004153a0                _IO_new_file_underflow
                0x0000000000415690                _IO_file_close_mmap
                0x00000000004156c0                _IO_file_seek
                0x0000000000415930                _IO_file_seekoff
                0x0000000000415930                _IO_new_file_seekoff
                0x0000000000415f00                _IO_file_stat
                0x0000000000415f10                _IO_file_write
                0x0000000000415f10                _IO_new_file_write
                0x00000000004162f0                _IO_file_xsgetn
                0x00000000004164f0                _IO_file_seekoff_mmap
                0x0000000000416620                _IO_new_file_xsputn
                0x0000000000416620                _IO_file_xsputn
                0x0000000000416920                _IO_file_read
                0x0000000000416950                _IO_file_underflow_maybe_mmap
                0x0000000000416b40                _IO_file_underflow_mmap
                0x0000000000416e00                _IO_new_file_init_internal
                0x0000000000416e30                _IO_new_file_init
                0x0000000000416e30                _IO_file_init
                0x0000000000416e60                _IO_file_open
                0x0000000000416f50                _IO_new_file_attach
                0x0000000000416f50                _IO_file_attach
                0x0000000000417000                _IO_new_do_write
                0x0000000000417000                _IO_do_write
                0x0000000000417180                _IO_new_file_close_it
                0x0000000000417180                _IO_file_close_it
                0x00000000004172e0                _IO_new_file_fopen
                0x00000000004172e0                _IO_file_fopen
                0x00000000004179e0                _IO_file_finish
                0x00000000004179e0                _IO_new_file_finish
                0x0000000000417a80                _IO_file_overflow
                0x0000000000417a80                _IO_new_file_overflow
                0x0000000000417ca0                _IO_file_sync
                0x0000000000417ca0                _IO_new_file_sync
 *fill*         0x0000000000417d81        0xf 
 .text          0x0000000000417d90     0x26db /usr/lib/gcc/x86_64-linux-gnu/11/../../../x86_64-linux-gnu/libc.a(genops.o)
                0x0000000000418240                _IO_un_link
                0x0000000000418260                _IO_link_in
                0x0000000000418460                _IO_least_marker
                0x0000000000418490                _IO_switch_to_main_get_area
                0x00000000004184d0                _IO_switch_to_backup_area
                0x0000000000418500                _IO_switch_to_get_mode
                0x00000000004185a0                _IO_free_backup_area
                0x00000000004185f0                __overflow
                0x0000000000418660                __underflow
                0x0000000000418830                __uflow
                0x0000000000418a20                _IO_setb
                0x0000000000418a90                _IO_doallocbuf
                0x0000000000418b50                _IO_default_underflow
                0x0000000000418b60                _IO_default_uflow
                0x0000000000418bc0                _IO_default_xsputn
                0x0000000000418da0                _IO_sgetn
                0x0000000000418e10                _IO_default_xsgetn
                0x0000000000419150                _IO_default_setbuf
                0x0000000000419250                _IO_default_seekpos
                0x00000000004192c0                _IO_default_doallocate
                0x0000000000419340                _IO_init_internal
                0x00000000004193d0                _IO_init
                0x0000000000419460                _IO_enable_locks
                0x00000000004194a0                _IO_old_init
                0x0000000000419510                _IO_no_init
                0x00000000004195e0                _IO_default_sync
                0x00000000004195f0                _IO_default_finish
                0x0000000000419660                _IO_default_seekoff
                0x0000000000419670                _IO_sputbackc
                0x00000000004196f0                _IO_sungetc
                0x0000000000419770                _IO_adjust_column
                0x00000000004197a0                _IO_flush_all_lockp
                0x0000000000419a10                _IO_cleanup
                0x0000000000419cc0                _IO_flush_all
                0x0000000000419cd0                _IO_flush_all_linebuffered
                0x0000000000419cd0                _flushlbf
                0x0000000000419ef0                _IO_init_marker
                0x0000000000419fe0                _IO_remove_marker
                0x000000000041a020                _IO_marker_difference
                0x000000000041a030                _IO_marker_delta
                0x000000000041a070                _IO_seekmark
                0x000000000041a120                _IO_unsave_markers
                0x000000000041a180                _IO_default_pbackfail
                0x000000000041a320                _IO_default_seek
                0x000000000041a330                _IO_default_stat
                0x000000000041a340                _IO_default_read
                0x000000000041a350                _IO_default_write
                0x000000000041a360                _IO_default_showmanyc
                0x000000000041a370                _IO_default_imbue
                0x000000000041a380                _IO_iter_begin
                0x000000000041a390                _IO_iter_end
                0x000000000041a3a0                _IO_iter_next
                0x000000000041a3b0                _IO_iter_file
                0x000000000041a3c0                _IO_list_lock
                0x000000000041a410                _IO_list_unlock
                0x000000000041a450                _IO_list_resetlock
 .text          0x000000000041a46b        0x0 /usr/lib/gcc/x86_64-linux-gnu/11/../../../x86_64-linux-gnu/libc.a(stdfiles.o)
 .text          0x000000000041a46b        0x0 /usr/lib/gcc/x86_64-linux-gnu/11/../../../x86_64-linux-gnu/libc.a(stdio.o)
 *fill*         0x000000000041a46b        0x5 
 .text          0x000000000041a470      0x9d8 /usr/lib/gcc/x86_64-linux-gnu/11/../../../x86_64-linux-gnu/libc.a(strops.o)
                0x000000000041a470                _IO_str_underflow
                0x000000000041a4d0                _IO_str_overflow
                0x000000000041a890                _IO_str_seekoff
                0x000000000041ab70                _IO_str_pbackfail
                0x000000000041ab90                _IO_str_finish
                0x000000000041abd0                _IO_str_init_static_internal
                0x000000000041aca0                _IO_str_init_static
                0x000000000041ad80                _IO_str_init_readonly
                0x000000000041ae30                _IO_str_count
 *fill*         0x000000000041ae48        0x8 
 .text          0x000000000041ae50       0x48 /usr/lib/gcc/x86_64-linux-gnu/11/../../../x86_64-linux-gnu/libc.a(alloca_cutoff.o)
                0x000000000041ae50                __libc_alloca_cutoff
 *fill*         0x000000000041ae98        0x8 
 .text          0x000000000041aea0       0x6d /usr/lib/gcc/x86_64-linux-gnu/11/../../../x86_64-linux-gnu/libc.a(libc-cleanup.o)
                0x000000000041aea0                __libc_cleanup_push_defer
                0x000000000041aee0                __libc_cleanup_pop_restore
 *fill*         0x000000000041af0d        0x3 
 .text          0x000000000041af10      0x108 /usr/lib/gcc/x86_64-linux-gnu/11/../../../x86_64-linux-gnu/libc.a(lowlevellock.o)
                0x000000000041af10                __lll_lock_wait_private
                0x000000000041af70                __lll_lock_wait
                0x000000000041afe0                __lll_lock_wake_private
                0x000000000041b000                __lll_lock_wake
 *fill*         0x000000000041b018        0x8 
 .text          0x000000000041b020      0x143 /usr/lib/gcc/x86_64-linux-gnu/11/../../../x86_64-linux-gnu/libc.a(nptl_deallocate_tsd.o)
                0x000000000041b020                __nptl_deallocate_tsd
 .text          0x000000000041b163        0x0 /usr/lib/gcc/x86_64-linux-gnu/11/../../../x86_64-linux-gnu/libc.a(nptl_nthreads.o)
 .text          0x000000000041b163        0x0 /usr/lib/gcc/x86_64-linux-gnu/11/../../../x86_64-linux-gnu/libc.a(pthread_keys.o)
 *fill*         0x000000000041b163        0xd 
 .text          0x000000000041b170      0x2ca /usr/lib/gcc/x86_64-linux-gnu/11/../../../x86_64-linux-gnu/libc.a(pthread_kill.o)
                0x000000000041b170                __pthread_kill_internal
                0x000000000041b2d0                pthread_kill
                0x000000000041b2d0                __pthread_kill
 *fill*         0x000000000041b43a        0x6 
 .text          0x000000000041b440       0x3e /usr/lib/gcc/x86_64-linux-gnu/11/../../../x86_64-linux-gnu/libc.a(pthread_rwlock_init.o)
                0x000000000041b440                pthread_rwlock_init
                0x000000000041b440                __pthread_rwlock_init
                0x000000000041b440                ___pthread_rwlock_init
 *fill*         0x000000000041b47e        0x2 
 .text          0x000000000041b480      0x1ed /usr/lib/gcc/x86_64-linux-gnu/11/../../../x86_64-linux-gnu/libc.a(pthread_rwlock_rdlock.o)
                0x000000000041b480                pthread_rwlock_rdlock
                0x000000000041b480                __pthread_rwlock_rdlock
                0x000000000041b480                ___pthread_rwlock_rdlock
 *fill*         0x000000000041b66d        0x3 
 .text          0x000000000041b670      0x1cf /usr/lib/gcc/x86_64-linux-gnu/11/../../../x86_64-linux-gnu/libc.a(pthread_rwlock_unlock.o)
                0x000000000041b670                pthread_rwlock_unlock
                0x000000000041b670                __pthread_rwlock_unlock
                0x000000000041b670                ___pthread_rwlock_unlock
 *fill*         0x000000000041b83f        0x1 
 .text          0x000000000041b840      0x36e /usr/lib/gcc/x86_64-linux-gnu/11/../../../x86_64-linux-gnu/libc.a(pthread_rwlock_wrlock.o)
                0x000000000041b840                ___pthread_rwlock_wrlock
                0x000000000041b840                __pthread_rwlock_wrlock
                0x000000000041b840                pthread_rwlock_wrlock
 *fill*         0x000000000041bbae        0x2 
 .text          0x000000000041bbb0        0xe /usr/lib/gcc/x86_64-linux-gnu/11/../../../x86_64-linux-gnu/libc.a(pthread_self.o)
                0x000000000041bbb0                pthread_self
                0x000000000041bbb0                __pthread_self
 *fill*         0x000000000041bbbe        0x2 
 .text          0x000000000041bbc0       0x2f /usr/lib/gcc/x86_64-linux-gnu/11/../../../x86_64-linux-gnu/libc.a(pthread_setcancelstate.o)
                0x000000000041bbc0                __pthread_setcancelstate
                0x000000000041bbc0                pthread_setcancelstate
 *fill*         0x000000000041bbef        0x1 
 .text          0x000000000041bbf0       0x4b /usr/lib/gcc/x86_64-linux-gnu/11/../../../x86_64-linux-gnu/libc.a(pthread_testcancel.o)
                0x000000000041bbf0                ___pthread_testcancel
                0x000000000041bbf0                pthread_testcancel
                0x000000000041bbf0                __pthread_testcancel
 *fill*         0x000000000041bc3b        0x5 
 .text          0x000000000041bc40     0x67da /usr/lib/gcc/x86_64-linux-gnu/11/../../../x86_64-linux-gnu/libc.a(malloc.o)
                0x000000000041fec0                __glibc_morecore
                0x000000000041ff00                __malloc_fork_lock_parent
                0x000000000041ff80                __malloc_fork_unlock_parent
                0x0000000000420000                __malloc_fork_unlock_child
                0x00000000004200b0                malloc
                0x00000000004200b0                __malloc
                0x00000000004200b0                __libc_malloc
                0x00000000004203f0                __free
                0x00000000004203f0                __libc_free
                0x00000000004203f0                free
                0x00000000004204f0                __malloc_arena_thread_freeres
                0x0000000000420740                __libc_realloc
                0x0000000000420740                realloc
                0x0000000000420740                __realloc
                0x0000000000420c40                __libc_memalign
                0x0000000000420c40                __memalign
                0x0000000000420c40                memalign
                0x0000000000420c40                aligned_alloc
                0x0000000000420f20                __libc_valloc
                0x0000000000420f20                valloc
                0x0000000000420f20                __valloc
                0x0000000000421200                pvalloc
                0x0000000000421200                __libc_pvalloc
                0x0000000000421200                __pvalloc
                0x0000000000421500                __calloc
                0x0000000000421500                calloc
                0x0000000000421500                __libc_calloc
                0x0000000000421850                __malloc_trim
                0x0000000000421850                malloc_trim
                0x0000000000421af0                malloc_usable_size
                0x0000000000421af0                __malloc_usable_size
                0x0000000000421b30                __mallinfo2
                0x0000000000421b30                mallinfo2
                0x0000000000421b30                __libc_mallinfo2
                0x0000000000421c50                __mallinfo
                0x0000000000421c50                __libc_mallinfo
                0x0000000000421c50                mallinfo
                0x0000000000421cd0                malloc_stats
                0x0000000000421cd0                __malloc_stats
                0x0000000000421f00                __libc_mallopt
                0x0000000000421f00                mallopt
                0x0000000000421f00                __mallopt
                0x00000000004220e0                __posix_memalign
                0x00000000004220e0                posix_memalign
                0x00000000004223e0                __malloc_info
                0x00000000004223e0                malloc_info
 *fill*         0x000000000042241a        0x6 
 .text          0x0000000000422420       0xb1 /usr/lib/gcc/x86_64-linux-gnu/11/../../../x86_64-linux-gnu/libc.a(scratch_buffer_grow_preserve.o)
                0x0000000000422420                __libc_scratch_buffer_grow_preserve
 *fill*         0x00000000004224d1        0xf 
 .text          0x00000000004224e0       0xae /usr/lib/gcc/x86_64-linux-gnu/11/../../../x86_64-linux-gnu/libc.a(scratch_buffer_set_array_size.o)
                0x00000000004224e0                __libc_scratch_buffer_set_array_size
 *fill*         0x000000000042258e        0x2 
 .text          0x0000000000422590       0x70 /usr/lib/gcc/x86_64-linux-gnu/11/../../../x86_64-linux-gnu/libc.a(strchr.o)
                0x0000000000422590                index
                0x0000000000422590                strchr
 .text          0x0000000000422600       0x79 /usr/lib/gcc/x86_64-linux-gnu/11/../../../x86_64-linux-gnu/libc.a(strcmp.o)
                0x0000000000422600                strcmp
 *fill*         0x0000000000422679        0x7 
 .text          0x0000000000422680       0x71 /usr/lib/gcc/x86_64-linux-gnu/11/../../../x86_64-linux-gnu/libc.a(strcpy.o)
                0x0000000000422680                strcpy
 *fill*         0x00000000004226f1        0xf 
 .text          0x0000000000422700       0x1e /usr/lib/gcc/x86_64-linux-gnu/11/../../../x86_64-linux-gnu/libc.a(strcspn.o)
                0x0000000000422700                strcspn
 *fill*         0x000000000042271e        0x2 
 .text          0x0000000000422720       0x40 /usr/lib/gcc/x86_64-linux-gnu/11/../../../x86_64-linux-gnu/libc.a(strdup.o)
                0x0000000000422720                __strdup
                0x0000000000422720                strdup
 .text          0x0000000000422760       0x72 /usr/lib/gcc/x86_64-linux-gnu/11/../../../x86_64-linux-gnu/libc.a(_strerror.o)
                0x0000000000422760                __strerror_r
                0x0000000000422760                strerror_r
 *fill*         0x00000000004227d2        0xe 
 .text          0x00000000004227e0       0x70 /usr/lib/gcc/x86_64-linux-gnu/11/../../../x86_64-linux-gnu/libc.a(strlen.o)
                0x00000000004227e0                strlen
 .text          0x0000000000422850       0x70 /usr/lib/gcc/x86_64-linux-gnu/11/../../../x86_64-linux-gnu/libc.a(strnlen.o)
                0x0000000000422850                __strnlen
                0x0000000000422850                strnlen
 .text          0x00000000004228c0       0x91 /usr/lib/gcc/x86_64-linux-gnu/11/../../../x86_64-linux-gnu/libc.a(strncmp.o)
                0x00000000004228c0                strncmp
 *fill*         0x0000000000422951        0xf 
 .text          0x0000000000422960      0x7fe /usr/lib/gcc/x86_64-linux-gnu/11/../../../x86_64-linux-gnu/libc.a(strstr.o)
                0x0000000000422df0                __strstr_sse2
                0x0000000000423140                strstr
                0x0000000000423140                __libc_strstr
 *fill*         0x000000000042315e        0x2 
 .text          0x0000000000423160       0x91 /usr/lib/gcc/x86_64-linux-gnu/11/../../../x86_64-linux-gnu/libc.a(memcmp.o)
                0x0000000000423160                bcmp
                0x0000000000423160                memcmp
 *fill*         0x00000000004231f1        0xf 
 .text          0x0000000000423200      0x106 /usr/lib/gcc/x86_64-linux-gnu/11/../../../x86_64-linux-gnu/libc.a(memmove.o)
                0x0000000000423200                memmove
                0x0000000000423200                __libc_memmove
 *fill*         0x0000000000423306        0xa 
 .text          0x0000000000423310       0xf1 /usr/lib/gcc/x86_64-linux-gnu/11/../../../x86_64-linux-gnu/libc.a(memset.o)
                0x0000000000423310                memset
 *fill*         0x0000000000423401        0xf 
 .text          0x0000000000423410      0x106 /usr/lib/gcc/x86_64-linux-gnu/11/../../../x86_64-linux-gnu/libc.a(mempcpy.o)
                0x0000000000423410                mempcpy
                0x0000000000423410                __mempcpy
 *fill*         0x0000000000423516        0xa 
 .text          0x0000000000423520       0x71 /usr/lib/gcc/x86_64-linux-gnu/11/../../../x86_64-linux-gnu/libc.a(stpcpy.o)
                0x0000000000423520                stpcpy
                0x0000000000423520                __stpcpy
 *fill*         0x0000000000423591        0xf 
 .text          0x00000000004235a0       0x47 /usr/lib/gcc/x86_64-linux-gnu/11/../../../x86_64-linux-gnu/libc.a(strcasecmp_l.o)
                0x00000000004235a0                strcasecmp_l
                0x00000000004235a0                __strcasecmp_l
 *fill*         0x00000000004235e7        0x9 
 .text          0x00000000004235f0      0x106 /usr/lib/gcc/x86_64-linux-gnu/11/../../../x86_64-linux-gnu/libc.a(memcpy.o)
                0x00000000004235f0                memcpy
                0x00000000004235f0                __new_memcpy
 *fill*         0x00000000004236f6        0xa 
 .text          0x0000000000423700       0x7d /usr/lib/gcc/x86_64-linux-gnu/11/../../../x86_64-linux-gnu/libc.a(rawmemchr.o)
                0x0000000000423700                __rawmemchr
                0x0000000000423700                rawmemchr
 *fill*         0x000000000042377d        0x3 
 .text          0x0000000000423780       0x70 /usr/lib/gcc/x86_64-linux-gnu/11/../../../x86_64-linux-gnu/libc.a(strchrnul.o)
                0x0000000000423780                __strchrnul
                0x0000000000423780                strchrnul
 .text          0x00000000004237f0     0x1449 /usr/lib/gcc/x86_64-linux-gnu/11/../../../x86_64-linux-gnu/libc.a(strcmp-sse2.o)
                0x00000000004237f0                __strcmp_sse2
 *fill*         0x0000000000424c39        0x7 
 .text          0x0000000000424c40      0x2a3 /usr/lib/gcc/x86_64-linux-gnu/11/../../../x86_64-linux-gnu/libc.a(strcmp-sse2-unaligned.o)
                0x0000000000424c40                __strcmp_sse2_unaligned
 .text          0x0000000000424ee3        0x0 /usr/lib/gcc/x86_64-linux-gnu/11/../../../x86_64-linux-gnu/libc.a(strcmp-ssse3.o)
 *fill*         0x0000000000424ee3        0xd 
 .text.ssse3    0x0000000000424ef0     0x1269 /usr/lib/gcc/x86_64-linux-gnu/11/../../../x86_64-linux-gnu/libc.a(strcmp-ssse3.o)
                0x0000000000424ef0                __strcmp_ssse3
 .text          0x0000000000426159        0x0 /usr/lib/gcc/x86_64-linux-gnu/11/../../../x86_64-linux-gnu/libc.a(strcmp-avx2.o)
 *fill*         0x0000000000426159        0x7 
 .text.avx      0x0000000000426160      0x43f /usr/lib/gcc/x86_64-linux-gnu/11/../../../x86_64-linux-gnu/libc.a(strcmp-avx2.o)
                0x0000000000426160                __strcmp_avx2
 *fill*         0x000000000042659f        0x1 
 .text          0x00000000004265a0     0x1859 /usr/lib/gcc/x86_64-linux-gnu/11/../../../x86_64-linux-gnu/libc.a(strncmp-sse2.o)
                0x00000000004265a0                __strncmp_sse2
 .text          0x0000000000427df9        0x0 /usr/lib/gcc/x86_64-linux-gnu/11/../../../x86_64-linux-gnu/libc.a(strncmp-ssse3.o)
 *fill*         0x0000000000427df9        0x7 
 .text.ssse3    0x0000000000427e00     0x1769 /usr/lib/gcc/x86_64-linux-gnu/11/../../../x86_64-linux-gnu/libc.a(strncmp-ssse3.o)
                0x0000000000427e00                __strncmp_ssse3
 .text          0x0000000000429569        0x0 /usr/lib/gcc/x86_64-linux-gnu/11/../../../x86_64-linux-gnu/libc.a(strncmp-sse4_2.o)
 *fill*         0x0000000000429569        0x7 
 .text.sse4.2   0x0000000000429570      0xfd9 /usr/lib/gcc/x86_64-linux-gnu/11/../../../x86_64-linux-gnu/libc.a(strncmp-sse4_2.o)
                0x0000000000429570                __strncmp_sse42
 .text          0x000000000042a549        0x0 /usr/lib/gcc/x86_64-linux-gnu/11/../../../x86_64-linux-gnu/libc.a(strncmp-avx2.o)
 *fill*         0x000000000042a549        0x7 
 .text.avx      0x000000000042a550      0x528 /usr/lib/gcc/x86_64-linux-gnu/11/../../../x86_64-linux-gnu/libc.a(strncmp-avx2.o)
                0x000000000042a550                __strncmp_avx2
 *fill*         0x000000000042aa78        0x8 
 .text          0x000000000042aa80      0x209 /usr/lib/gcc/x86_64-linux-gnu/11/../../../x86_64-linux-gnu/libc.a(rawmemchr-sse2.o)
                0x000000000042aa80                __rawmemchr_sse2
 .text          0x000000000042ac89        0x0 /usr/lib/gcc/x86_64-linux-gnu/11/../../../x86_64-linux-gnu/libc.a(rawmemchr-avx2.o)
 *fill*         0x000000000042ac89        0x7 
 .text.avx      0x000000000042ac90      0x16f /usr/lib/gcc/x86_64-linux-gnu/11/../../../x86_64-linux-gnu/libc.a(rawmemchr-avx2.o)
                0x000000000042ac90                __rawmemchr_avx2
 *fill*         0x000000000042adff        0x1 
 .text          0x000000000042ae00      0x400 /usr/lib/gcc/x86_64-linux-gnu/11/../../../x86_64-linux-gnu/libc.a(memcmp-sse2.o)
                0x000000000042ae00                __memcmp_sse2
 .text          0x000000000042b200        0x0 /usr/lib/gcc/x86_64-linux-gnu/11/../../../x86_64-linux-gnu/libc.a(memcmp-avx2-movbe.o)
 .text.avx      0x000000000042b200      0x43d /usr/lib/gcc/x86_64-linux-gnu/11/../../../x86_64-linux-gnu/libc.a(memcmp-avx2-movbe.o)
                0x000000000042b200                __memcmp_avx2_movbe
 .text          0x000000000042b63d        0x0 /usr/lib/gcc/x86_64-linux-gnu/11/../../../x86_64-linux-gnu/libc.a(memcmp-sse4.o)
 *fill*         0x000000000042b63d        0x3 
 .text.sse4.1   0x000000000042b640      0x89f /usr/lib/gcc/x86_64-linux-gnu/11/../../../x86_64-linux-gnu/libc.a(memcmp-sse4.o)
                0x000000000042b640                __memcmp_sse4_1
 .text          0x000000000042bedf        0x0 /usr/lib/gcc/x86_64-linux-gnu/11/../../../x86_64-linux-gnu/libc.a(memcpy-ssse3.o)
 *fill*         0x000000000042bedf        0x1 
 .text.ssse3    0x000000000042bee0     0x29f7 /usr/lib/gcc/x86_64-linux-gnu/11/../../../x86_64-linux-gnu/libc.a(memcpy-ssse3.o)
                0x000000000042bee0                __mempcpy_chk_ssse3
                0x000000000042bef0                __mempcpy_ssse3
                0x000000000042bf00                __memcpy_chk_ssse3
                0x000000000042bf10                __memcpy_ssse3
 .text          0x000000000042e8d7        0x0 /usr/lib/gcc/x86_64-linux-gnu/11/../../../x86_64-linux-gnu/libc.a(memmove-ssse3.o)
 *fill*         0x000000000042e8d7        0x9 
 .text.ssse3    0x000000000042e8e0     0x2b88 /usr/lib/gcc/x86_64-linux-gnu/11/../../../x86_64-linux-gnu/libc.a(memmove-ssse3.o)
                0x000000000042e8e0                __memmove_chk_ssse3
                0x000000000042e8f0                __memmove_ssse3
 .text          0x0000000000431468        0x0 /usr/lib/gcc/x86_64-linux-gnu/11/../../../x86_64-linux-gnu/libc.a(memcpy-ssse3-back.o)
 *fill*         0x0000000000431468        0x8 
 .text.ssse3    0x0000000000431470     0x2b06 /usr/lib/gcc/x86_64-linux-gnu/11/../../../x86_64-linux-gnu/libc.a(memcpy-ssse3-back.o)
                0x0000000000431470                __mempcpy_chk_ssse3_back
                0x0000000000431480                __mempcpy_ssse3_back
                0x0000000000431490                __memcpy_chk_ssse3_back
                0x00000000004314a0                __memcpy_ssse3_back
 .text          0x0000000000433f76        0x0 /usr/lib/gcc/x86_64-linux-gnu/11/../../../x86_64-linux-gnu/libc.a(memmove-ssse3-back.o)
 *fill*         0x0000000000433f76        0xa 
 .text.ssse3    0x0000000000433f80     0x2b26 /usr/lib/gcc/x86_64-linux-gnu/11/../../../x86_64-linux-gnu/libc.a(memmove-ssse3-back.o)
                0x0000000000433f80                __memmove_chk_ssse3_back
                0x0000000000433f90                __memmove_ssse3_back
 .text          0x0000000000436aa6        0x0 /usr/lib/gcc/x86_64-linux-gnu/11/../../../x86_64-linux-gnu/libc.a(memmove-avx512-no-vzeroupper.o)
 *fill*         0x0000000000436aa6        0xa 
 .text.avx512   0x0000000000436ab0      0x76f /usr/lib/gcc/x86_64-linux-gnu/11/../../../x86_64-linux-gnu/libc.a(memmove-avx512-no-vzeroupper.o)
                0x0000000000436ab0                __mempcpy_chk_avx512_no_vzeroupper
                0x0000000000436ac0                __mempcpy_avx512_no_vzeroupper
                0x0000000000436ad0                __memcpy_chk_avx512_no_vzeroupper
                0x0000000000436ad0                __memmove_chk_avx512_no_vzeroupper
                0x0000000000436ae0                __memcpy_avx512_no_vzeroupper
                0x0000000000436ae0                __memmove_avx512_no_vzeroupper
 *fill*         0x000000000043721f        0x1 
 .text          0x0000000000437220     0x2246 /usr/lib/gcc/x86_64-linux-gnu/11/../../../x86_64-linux-gnu/libc.a(strcasecmp_l-sse2.o)
                0x0000000000437220                __strcasecmp_sse2
                0x0000000000437240                __strcasecmp_l_sse2
 .text          0x0000000000439466        0x0 /usr/lib/gcc/x86_64-linux-gnu/11/../../../x86_64-linux-gnu/libc.a(strcasecmp_l-ssse3.o)
 *fill*         0x0000000000439466        0xa 
 .text.ssse3    0x0000000000439470     0x2156 /usr/lib/gcc/x86_64-linux-gnu/11/../../../x86_64-linux-gnu/libc.a(strcasecmp_l-ssse3.o)
                0x0000000000439470                __strcasecmp_ssse3
                0x0000000000439490                __strcasecmp_l_ssse3
 .text          0x000000000043b5c6        0x0 /usr/lib/gcc/x86_64-linux-gnu/11/../../../x86_64-linux-gnu/libc.a(strcasecmp_l-sse4_2.o)
 *fill*         0x000000000043b5c6        0xa 
 .text.sse4.2   0x000000000043b5d0     0x1ba6 /usr/lib/gcc/x86_64-linux-gnu/11/../../../x86_64-linux-gnu/libc.a(strcasecmp_l-sse4_2.o)
                0x000000000043b5d0                __strcasecmp_sse42
                0x000000000043b5e4                __strcasecmp_l_sse42
 .text          0x000000000043d176        0x0 /usr/lib/gcc/x86_64-linux-gnu/11/../../../x86_64-linux-gnu/libc.a(strcasecmp_l-avx.o)
 *fill*         0x000000000043d176        0xa 
 .text.avx      0x000000000043d180     0x1676 /usr/lib/gcc/x86_64-linux-gnu/11/../../../x86_64-linux-gnu/libc.a(strcasecmp_l-avx.o)
                0x000000000043d180                __strcasecmp_avx
                0x000000000043d194                __strcasecmp_l_avx
 *fill*         0x000000000043e7f6        0xa 
 .text          0x000000000043e800      0x22a /usr/lib/gcc/x86_64-linux-gnu/11/../../../x86_64-linux-gnu/libc.a(strchr-sse2.o)
                0x000000000043e800                __strchr_sse2
 *fill*         0x000000000043ea2a        0x6 
 .text          0x000000000043ea30      0x20a /usr/lib/gcc/x86_64-linux-gnu/11/../../../x86_64-linux-gnu/libc.a(strchrnul-sse2.o)
                0x000000000043ea30                __strchrnul_sse2
 .text          0x000000000043ec3a        0x0 /usr/lib/gcc/x86_64-linux-gnu/11/../../../x86_64-linux-gnu/libc.a(strchr-avx2.o)
 *fill*         0x000000000043ec3a        0x6 
 .text.avx      0x000000000043ec40      0x271 /usr/lib/gcc/x86_64-linux-gnu/11/../../../x86_64-linux-gnu/libc.a(strchr-avx2.o)
                0x000000000043ec40                __strchr_avx2
 .text          0x000000000043eeb1        0x0 /usr/lib/gcc/x86_64-linux-gnu/11/../../../x86_64-linux-gnu/libc.a(strchrnul-avx2.o)
 *fill*         0x000000000043eeb1        0xf 
 .text.avx      0x000000000043eec0      0x206 /usr/lib/gcc/x86_64-linux-gnu/11/../../../x86_64-linux-gnu/libc.a(strchrnul-avx2.o)
                0x000000000043eec0                __strchrnul_avx2
 *fill*         0x000000000043f0c6        0xa 
 .text          0x000000000043f0d0      0x19c /usr/lib/gcc/x86_64-linux-gnu/11/../../../x86_64-linux-gnu/libc.a(strlen-sse2.o)
                0x000000000043f0d0                __strlen_sse2
 *fill*         0x000000000043f26c        0x4 
 .text          0x000000000043f270      0x218 /usr/lib/gcc/x86_64-linux-gnu/11/../../../x86_64-linux-gnu/libc.a(strnlen-sse2.o)
                0x000000000043f270                __strnlen_sse2
 .text          0x000000000043f488        0x0 /usr/lib/gcc/x86_64-linux-gnu/11/../../../x86_64-linux-gnu/libc.a(strlen-avx2.o)
 *fill*         0x000000000043f488       0x18 
 .text.avx      0x000000000043f4a0      0x172 /usr/lib/gcc/x86_64-linux-gnu/11/../../../x86_64-linux-gnu/libc.a(strlen-avx2.o)
                0x000000000043f4a0                __strlen_avx2
 .text          0x000000000043f612        0x0 /usr/lib/gcc/x86_64-linux-gnu/11/../../../x86_64-linux-gnu/libc.a(strnlen-avx2.o)
 *fill*         0x000000000043f612        0xe 
 .text.avx      0x000000000043f620      0x2ce /usr/lib/gcc/x86_64-linux-gnu/11/../../../x86_64-linux-gnu/libc.a(strnlen-avx2.o)
                0x000000000043f620                __strnlen_avx2
 .text          0x000000000043f8ee        0x0 /usr/lib/gcc/x86_64-linux-gnu/11/../../../x86_64-linux-gnu/libc.a(strcpy-avx2.o)
 *fill*         0x000000000043f8ee        0x2 
 .text.avx      0x000000000043f8f0      0x388 /usr/lib/gcc/x86_64-linux-gnu/11/../../../x86_64-linux-gnu/libc.a(strcpy-avx2.o)
                0x000000000043f8f0                __strcpy_avx2
 *fill*         0x000000000043fc78        0x8 
 .text          0x000000000043fc80       0xec /usr/lib/gcc/x86_64-linux-gnu/11/../../../x86_64-linux-gnu/libc.a(strcpy-sse2.o)
                0x000000000043fc80                __strcpy_sse2
 *fill*         0x000000000043fd6c        0x4 
 .text          0x000000000043fd70       0xec /usr/lib/gcc/x86_64-linux-gnu/11/../../../x86_64-linux-gnu/libc.a(stpcpy-sse2.o)
                0x000000000043fd70                __stpcpy_sse2
 .text          0x000000000043fe5c        0x0 /usr/lib/gcc/x86_64-linux-gnu/11/../../../x86_64-linux-gnu/libc.a(strcpy-ssse3.o)
 *fill*         0x000000000043fe5c        0x4 
 .text.ssse3    0x000000000043fe60     0x17a2 /usr/lib/gcc/x86_64-linux-gnu/11/../../../x86_64-linux-gnu/libc.a(strcpy-ssse3.o)
                0x000000000043fe60                __strcpy_ssse3
 .text          0x0000000000441602        0x0 /usr/lib/gcc/x86_64-linux-gnu/11/../../../x86_64-linux-gnu/libc.a(stpcpy-ssse3.o)
 *fill*         0x0000000000441602        0xe 
 .text.ssse3    0x0000000000441610     0x1803 /usr/lib/gcc/x86_64-linux-gnu/11/../../../x86_64-linux-gnu/libc.a(stpcpy-ssse3.o)
                0x0000000000441610                __stpcpy_ssse3
 *fill*         0x0000000000442e13        0xd 
 .text          0x0000000000442e20      0x630 /usr/lib/gcc/x86_64-linux-gnu/11/../../../x86_64-linux-gnu/libc.a(strcpy-sse2-unaligned.o)
                0x0000000000442e20                __strcpy_sse2_unaligned
 .text          0x0000000000443450      0x6c0 /usr/lib/gcc/x86_64-linux-gnu/11/../../../x86_64-linux-gnu/libc.a(stpcpy-sse2-unaligned.o)
                0x0000000000443450                __stpcpy_sse2_unaligned
 .text          0x0000000000443b10        0x0 /usr/lib/gcc/x86_64-linux-gnu/11/../../../x86_64-linux-gnu/libc.a(stpcpy-avx2.o)
 .text.avx      0x0000000000443b10      0x3ac /usr/lib/gcc/x86_64-linux-gnu/11/../../../x86_64-linux-gnu/libc.a(stpcpy-avx2.o)
                0x0000000000443b10                __stpcpy_avx2
 .text          0x0000000000443ebc        0x0 /usr/lib/gcc/x86_64-linux-gnu/11/../../../x86_64-linux-gnu/libc.a(strchr-sse2-no-bsf.o)
 *fill*         0x0000000000443ebc        0x4 
 .text.atom     0x0000000000443ec0      0x315 /usr/lib/gcc/x86_64-linux-gnu/11/../../../x86_64-linux-gnu/libc.a(strchr-sse2-no-bsf.o)
                0x0000000000443ec0                __strchr_sse2_no_bsf
 .text          0x00000000004441d5        0x0 /usr/lib/gcc/x86_64-linux-gnu/11/../../../x86_64-linux-gnu/libc.a(memcmp-ssse3.o)
 *fill*         0x00000000004441d5        0xb 
 .text.atom     0x00000000004441e0     0x1763 /usr/lib/gcc/x86_64-linux-gnu/11/../../../x86_64-linux-gnu/libc.a(memcmp-ssse3.o)
                0x00000000004441e0                __memcmp_ssse3
 *fill*         0x0000000000445943        0xd 
 .text          0x0000000000445950      0x493 /usr/lib/gcc/x86_64-linux-gnu/11/../../../x86_64-linux-gnu/libc.a(strstr-sse2-unaligned.o)
                0x0000000000445950                __strstr_sse2_unaligned
 *fill*         0x0000000000445de3        0xd 
 .text          0x0000000000445df0       0xa7 /usr/lib/gcc/x86_64-linux-gnu/11/../../../x86_64-linux-gnu/libc.a(strcspn-sse2.o)
                0x0000000000445df0                __strcspn_sse2
 .text          0x0000000000445e97        0x0 /usr/lib/gcc/x86_64-linux-gnu/11/../../../x86_64-linux-gnu/libc.a(strcspn-c.o)
 *fill*         0x0000000000445e97        0x9 
 .text.sse4.2   0x0000000000445ea0      0x13f /usr/lib/gcc/x86_64-linux-gnu/11/../../../x86_64-linux-gnu/libc.a(strcspn-c.o)
                0x0000000000445ea0                __strcspn_sse42
 .text          0x0000000000445fdf        0x0 /usr/lib/gcc/x86_64-linux-gnu/11/../../../x86_64-linux-gnu/libc.a(varshift.o)
 .text          0x0000000000445fdf        0x0 /usr/lib/gcc/x86_64-linux-gnu/11/../../../x86_64-linux-gnu/libc.a(memset-avx512-no-vzeroupper.o)
 *fill*         0x0000000000445fdf        0x1 
 .text.avx512   0x0000000000445fe0      0x284 /usr/lib/gcc/x86_64-linux-gnu/11/../../../x86_64-linux-gnu/libc.a(memset-avx512-no-vzeroupper.o)
                0x0000000000445fe0                __memset_chk_avx512_no_vzeroupper
                0x0000000000445ff0                __memset_avx512_no_vzeroupper
 *fill*         0x0000000000446264       0x1c 
 .text          0x0000000000446280      0x652 /usr/lib/gcc/x86_64-linux-gnu/11/../../../x86_64-linux-gnu/libc.a(memmove-sse2-unaligned-erms.o)
                0x0000000000446280                __mempcpy_sse2_unaligned
                0x0000000000446290                __memmove_sse2_unaligned
                0x0000000000446290                __memcpy_sse2_unaligned
                0x00000000004462c0                __mempcpy_chk_erms
                0x00000000004462d0                __mempcpy_erms
                0x00000000004462f0                __memcpy_chk_erms
                0x00000000004462f0                __memmove_chk_erms
                0x0000000000446300                __memmove_erms
                0x0000000000446300                __memcpy_erms
                0x0000000000446340                __mempcpy_sse2_unaligned_erms
                0x0000000000446380                __memmove_sse2_unaligned_erms
                0x0000000000446380                __memcpy_sse2_unaligned_erms
 .text          0x00000000004468d2        0x0 /usr/lib/gcc/x86_64-linux-gnu/11/../../../x86_64-linux-gnu/libc.a(memmove-avx-unaligned-erms.o)
 *fill*         0x00000000004468d2       0x2e 
 .text.avx      0x0000000000446900      0x75e /usr/lib/gcc/x86_64-linux-gnu/11/../../../x86_64-linux-gnu/libc.a(memmove-avx-unaligned-erms.o)
                0x0000000000446900                __mempcpy_avx_unaligned
                0x0000000000446910                __memcpy_avx_unaligned
                0x0000000000446910                __memmove_avx_unaligned
                0x0000000000446950                __mempcpy_avx_unaligned_erms
                0x0000000000446980                __memcpy_avx_unaligned_erms
                0x0000000000446980                __memmove_avx_unaligned_erms
 .text          0x000000000044705e        0x0 /usr/lib/gcc/x86_64-linux-gnu/11/../../../x86_64-linux-gnu/libc.a(memmove-avx512-unaligned-erms.o)
 *fill*         0x000000000044705e       0x22 
 .text.evex512  0x0000000000447080      0x840 /usr/lib/gcc/x86_64-linux-gnu/11/../../../x86_64-linux-gnu/libc.a(memmove-avx512-unaligned-erms.o)
                0x0000000000447080                __mempcpy_avx512_unaligned
                0x0000000000447090                __memmove_avx512_unaligned
                0x0000000000447090                __memcpy_avx512_unaligned
                0x00000000004470d0                __mempcpy_avx512_unaligned_erms
                0x0000000000447100                __memmove_avx512_unaligned_erms
                0x0000000000447100                __memcpy_avx512_unaligned_erms
 .text          0x00000000004478c0      0x1b9 /usr/lib/gcc/x86_64-linux-gnu/11/../../../x86_64-linux-gnu/libc.a(memset-sse2-unaligned-erms.o)
                0x00000000004478c0                __bzero
                0x00000000004478c0                bzero
                0x00000000004478e0                __wmemset_sse2_unaligned
                0x0000000000447900                __memset_sse2_unaligned
                0x0000000000447940                __memset_chk_erms
                0x0000000000447950                __memset_erms
                0x0000000000447980                __memset_sse2_unaligned_erms
 .text          0x0000000000447a79        0x0 /usr/lib/gcc/x86_64-linux-gnu/11/../../../x86_64-linux-gnu/libc.a(memset-avx2-unaligned-erms.o)
 *fill*         0x0000000000447a79        0x7 
 .text.avx      0x0000000000447a80      0x1bc /usr/lib/gcc/x86_64-linux-gnu/11/../../../x86_64-linux-gnu/libc.a(memset-avx2-unaligned-erms.o)
                0x0000000000447a80                __wmemset_avx2_unaligned
                0x0000000000447aa0                __memset_avx2_unaligned
                0x0000000000447ae0                __memset_avx2_erms
                0x0000000000447b00                __memset_avx2_unaligned_erms
 .text          0x0000000000447c3c        0x0 /usr/lib/gcc/x86_64-linux-gnu/11/../../../x86_64-linux-gnu/libc.a(memset-avx512-unaligned-erms.o)
 *fill*         0x0000000000447c3c        0x4 
 .text.evex512  0x0000000000447c40      0x1e9 /usr/lib/gcc/x86_64-linux-gnu/11/../../../x86_64-linux-gnu/libc.a(memset-avx512-unaligned-erms.o)
                0x0000000000447c40                __wmemset_avx512_unaligned
                0x0000000000447c60                __memset_avx512_unaligned
                0x0000000000447ca0                __memset_avx512_erms
                0x0000000000447cc0                __memset_avx512_unaligned_erms
 .text          0x0000000000447e29        0x0 /usr/lib/gcc/x86_64-linux-gnu/11/../../../x86_64-linux-gnu/libc.a(memcmp-avx2-movbe-rtm.o)
 *fill*         0x0000000000447e29       0x17 
 .text.avx.rtm  0x0000000000447e40      0x43d /usr/lib/gcc/x86_64-linux-gnu/11/../../../x86_64-linux-gnu/libc.a(memcmp-avx2-movbe-rtm.o)
                0x0000000000447e40                __memcmp_avx2_movbe_rtm
 .text          0x000000000044827d        0x0 /usr/lib/gcc/x86_64-linux-gnu/11/../../../x86_64-linux-gnu/libc.a(memmove-avx-unaligned-erms-rtm.o)
 *fill*         0x000000000044827d        0x3 
 .text.avx.rtm  0x0000000000448280      0x75f /usr/lib/gcc/x86_64-linux-gnu/11/../../../x86_64-linux-gnu/libc.a(memmove-avx-unaligned-erms-rtm.o)
                0x0000000000448280                __mempcpy_avx_unaligned_rtm
                0x0000000000448290                __memcpy_avx_unaligned_rtm
                0x0000000000448290                __memmove_avx_unaligned_rtm
                0x00000000004482d0                __mempcpy_avx_unaligned_erms_rtm
                0x0000000000448300                __memmove_avx_unaligned_erms_rtm
                0x0000000000448300                __memcpy_avx_unaligned_erms_rtm
 .text          0x00000000004489df        0x0 /usr/lib/gcc/x86_64-linux-gnu/11/../../../x86_64-linux-gnu/libc.a(memset-avx2-unaligned-erms-rtm.o)
 *fill*         0x00000000004489df       0x21 
 .text.avx.rtm  0x0000000000448a00      0x1bd /usr/lib/gcc/x86_64-linux-gnu/11/../../../x86_64-linux-gnu/libc.a(memset-avx2-unaligned-erms-rtm.o)
                0x0000000000448a00                __wmemset_avx2_unaligned_rtm
                0x0000000000448a20                __memset_avx2_unaligned_rtm
                0x0000000000448a60                __memset_avx2_erms_rtm
                0x0000000000448a80                __memset_avx2_unaligned_erms_rtm
 .text          0x0000000000448bbd        0x0 /usr/lib/gcc/x86_64-linux-gnu/11/../../../x86_64-linux-gnu/libc.a(rawmemchr-avx2-rtm.o)
 *fill*         0x0000000000448bbd        0x3 
 .text.avx.rtm  0x0000000000448bc0      0x160 /usr/lib/gcc/x86_64-linux-gnu/11/../../../x86_64-linux-gnu/libc.a(rawmemchr-avx2-rtm.o)
                0x0000000000448bc0                __rawmemchr_avx2_rtm
 .text          0x0000000000448d20        0x0 /usr/lib/gcc/x86_64-linux-gnu/11/../../../x86_64-linux-gnu/libc.a(strchr-avx2-rtm.o)
 .text.avx.rtm  0x0000000000448d20      0x27a /usr/lib/gcc/x86_64-linux-gnu/11/../../../x86_64-linux-gnu/libc.a(strchr-avx2-rtm.o)
                0x0000000000448d20                __strchr_avx2_rtm
 .text          0x0000000000448f9a        0x0 /usr/lib/gcc/x86_64-linux-gnu/11/../../../x86_64-linux-gnu/libc.a(strcmp-avx2-rtm.o)
 *fill*         0x0000000000448f9a        0x6 
 .text.avx.rtm  0x0000000000448fa0      0x470 /usr/lib/gcc/x86_64-linux-gnu/11/../../../x86_64-linux-gnu/libc.a(strcmp-avx2-rtm.o)
                0x0000000000448fa0                __strcmp_avx2_rtm
 .text          0x0000000000449410        0x0 /usr/lib/gcc/x86_64-linux-gnu/11/../../../x86_64-linux-gnu/libc.a(strchrnul-avx2-rtm.o)
 *fill*         0x0000000000449410       0x10 
 .text.avx.rtm  0x0000000000449420      0x20f /usr/lib/gcc/x86_64-linux-gnu/11/../../../x86_64-linux-gnu/libc.a(strchrnul-avx2-rtm.o)
                0x0000000000449420                __strchrnul_avx2_rtm
 .text          0x000000000044962f        0x0 /usr/lib/gcc/x86_64-linux-gnu/11/../../../x86_64-linux-gnu/libc.a(stpcpy-avx2-rtm.o)
 *fill*         0x000000000044962f        0x1 
 .text.avx.rtm  0x0000000000449630      0x3bd /usr/lib/gcc/x86_64-linux-gnu/11/../../../x86_64-linux-gnu/libc.a(stpcpy-avx2-rtm.o)
                0x0000000000449630                __stpcpy_avx2_rtm
 .text          0x00000000004499ed        0x0 /usr/lib/gcc/x86_64-linux-gnu/11/../../../x86_64-linux-gnu/libc.a(strcpy-avx2-rtm.o)
 *fill*         0x00000000004499ed        0x3 
 .text.avx.rtm  0x00000000004499f0      0x3a9 /usr/lib/gcc/x86_64-linux-gnu/11/../../../x86_64-linux-gnu/libc.a(strcpy-avx2-rtm.o)
                0x00000000004499f0                __strcpy_avx2_rtm
 .text          0x0000000000449d99        0x0 /usr/lib/gcc/x86_64-linux-gnu/11/../../../x86_64-linux-gnu/libc.a(strlen-avx2-rtm.o)
 *fill*         0x0000000000449d99        0x7 
 .text.avx.rtm  0x0000000000449da0      0x16b /usr/lib/gcc/x86_64-linux-gnu/11/../../../x86_64-linux-gnu/libc.a(strlen-avx2-rtm.o)
                0x0000000000449da0                __strlen_avx2_rtm
 .text          0x0000000000449f0b        0x0 /usr/lib/gcc/x86_64-linux-gnu/11/../../../x86_64-linux-gnu/libc.a(strncmp-avx2-rtm.o)
 *fill*         0x0000000000449f0b        0x5 
 .text.avx.rtm  0x0000000000449f10      0x54d /usr/lib/gcc/x86_64-linux-gnu/11/../../../x86_64-linux-gnu/libc.a(strncmp-avx2-rtm.o)
                0x0000000000449f10                __strncmp_avx2_rtm
 .text          0x000000000044a45d        0x0 /usr/lib/gcc/x86_64-linux-gnu/11/../../../x86_64-linux-gnu/libc.a(strnlen-avx2-rtm.o)
 *fill*         0x000000000044a45d        0x3 
 .text.avx.rtm  0x000000000044a460      0x2fc /usr/lib/gcc/x86_64-linux-gnu/11/../../../x86_64-linux-gnu/libc.a(strnlen-avx2-rtm.o)
                0x000000000044a460                __strnlen_avx2_rtm
 .text          0x000000000044a75c        0x0 /usr/lib/gcc/x86_64-linux-gnu/11/../../../x86_64-linux-gnu/libc.a(memcmp-evex-movbe.o)
 *fill*         0x000000000044a75c       0x24 
 .text.evex     0x000000000044a780      0x2ff /usr/lib/gcc/x86_64-linux-gnu/11/../../../x86_64-linux-gnu/libc.a(memcmp-evex-movbe.o)
                0x000000000044a780                __memcmp_evex_movbe
 .text          0x000000000044aa7f        0x0 /usr/lib/gcc/x86_64-linux-gnu/11/../../../x86_64-linux-gnu/libc.a(memmove-evex-unaligned-erms.o)
 *fill*         0x000000000044aa7f        0x1 
 .text.evex     0x000000000044aa80      0x83b /usr/lib/gcc/x86_64-linux-gnu/11/../../../x86_64-linux-gnu/libc.a(memmove-evex-unaligned-erms.o)
                0x000000000044aa80                __mempcpy_evex_unaligned
                0x000000000044aa90                __memmove_evex_unaligned
                0x000000000044aa90                __memcpy_evex_unaligned
                0x000000000044aad0                __mempcpy_evex_unaligned_erms
                0x000000000044ab00                __memmove_evex_unaligned_erms
                0x000000000044ab00                __memcpy_evex_unaligned_erms
 .text          0x000000000044b2bb        0x0 /usr/lib/gcc/x86_64-linux-gnu/11/../../../x86_64-linux-gnu/libc.a(memset-evex-unaligned-erms.o)
 *fill*         0x000000000044b2bb        0x5 
 .text.evex     0x000000000044b2c0      0x1c9 /usr/lib/gcc/x86_64-linux-gnu/11/../../../x86_64-linux-gnu/libc.a(memset-evex-unaligned-erms.o)
                0x000000000044b2c0                __wmemset_evex_unaligned
                0x000000000044b2e0                __memset_evex_unaligned
                0x000000000044b310                __memset_evex_erms
                0x000000000044b340                __memset_evex_unaligned_erms
 .text          0x000000000044b489        0x0 /usr/lib/gcc/x86_64-linux-gnu/11/../../../x86_64-linux-gnu/libc.a(rawmemchr-evex.o)
 *fill*         0x000000000044b489       0x17 
 .text.evex     0x000000000044b4a0      0x17d /usr/lib/gcc/x86_64-linux-gnu/11/../../../x86_64-linux-gnu/libc.a(rawmemchr-evex.o)
                0x000000000044b4a0                __rawmemchr_evex
 .text          0x000000000044b61d        0x0 /usr/lib/gcc/x86_64-linux-gnu/11/../../../x86_64-linux-gnu/libc.a(stpcpy-evex.o)
 *fill*         0x000000000044b61d        0x3 
 .text.evex     0x000000000044b620      0x447 /usr/lib/gcc/x86_64-linux-gnu/11/../../../x86_64-linux-gnu/libc.a(stpcpy-evex.o)
                0x000000000044b620                __stpcpy_evex
 .text          0x000000000044ba67        0x0 /usr/lib/gcc/x86_64-linux-gnu/11/../../../x86_64-linux-gnu/libc.a(strchr-evex.o)
 *fill*         0x000000000044ba67       0x19 
 .text.evex     0x000000000044ba80      0x28f /usr/lib/gcc/x86_64-linux-gnu/11/../../../x86_64-linux-gnu/libc.a(strchr-evex.o)
                0x000000000044ba80                __strchr_evex
 .text          0x000000000044bd0f        0x0 /usr/lib/gcc/x86_64-linux-gnu/11/../../../x86_64-linux-gnu/libc.a(strchrnul-evex.o)
 *fill*         0x000000000044bd0f       0x11 
 .text.evex     0x000000000044bd20      0x259 /usr/lib/gcc/x86_64-linux-gnu/11/../../../x86_64-linux-gnu/libc.a(strchrnul-evex.o)
                0x000000000044bd20                __strchrnul_evex
 .text          0x000000000044bf79        0x0 /usr/lib/gcc/x86_64-linux-gnu/11/../../../x86_64-linux-gnu/libc.a(strcmp-evex.o)
 *fill*         0x000000000044bf79        0x7 
 .text.evex     0x000000000044bf80      0x46c /usr/lib/gcc/x86_64-linux-gnu/11/../../../x86_64-linux-gnu/libc.a(strcmp-evex.o)
                0x000000000044bf80                __strcmp_evex
 .text          0x000000000044c3ec        0x0 /usr/lib/gcc/x86_64-linux-gnu/11/../../../x86_64-linux-gnu/libc.a(strcpy-evex.o)
 *fill*         0x000000000044c3ec        0x4 
 .text.evex     0x000000000044c3f0      0x433 /usr/lib/gcc/x86_64-linux-gnu/11/../../../x86_64-linux-gnu/libc.a(strcpy-evex.o)
                0x000000000044c3f0                __strcpy_evex
 .text          0x000000000044c823        0x0 /usr/lib/gcc/x86_64-linux-gnu/11/../../../x86_64-linux-gnu/libc.a(strlen-evex.o)
 *fill*         0x000000000044c823       0x1d 
 .text.evex     0x000000000044c840      0x174 /usr/lib/gcc/x86_64-linux-gnu/11/../../../x86_64-linux-gnu/libc.a(strlen-evex.o)
                0x000000000044c840                __strlen_evex
 .text          0x000000000044c9b4        0x0 /usr/lib/gcc/x86_64-linux-gnu/11/../../../x86_64-linux-gnu/libc.a(strncmp-evex.o)
 *fill*         0x000000000044c9b4        0xc 
 .text.evex     0x000000000044c9c0      0x565 /usr/lib/gcc/x86_64-linux-gnu/11/../../../x86_64-linux-gnu/libc.a(strncmp-evex.o)
                0x000000000044c9c0                __strncmp_evex
 .text          0x000000000044cf25        0x0 /usr/lib/gcc/x86_64-linux-gnu/11/../../../x86_64-linux-gnu/libc.a(strnlen-evex.o)
 *fill*         0x000000000044cf25       0x1b 
 .text.evex     0x000000000044cf40      0x2be /usr/lib/gcc/x86_64-linux-gnu/11/../../../x86_64-linux-gnu/libc.a(strnlen-evex.o)
                0x000000000044cf40                __strnlen_evex
 .text          0x000000000044d1fe        0x0 /usr/lib/gcc/x86_64-linux-gnu/11/../../../x86_64-linux-gnu/libc.a(rawmemchr-evex-rtm.o)
 *fill*         0x000000000044d1fe        0x2 
 .text.evex.rtm
                0x000000000044d200      0x19a /usr/lib/gcc/x86_64-linux-gnu/11/../../../x86_64-linux-gnu/libc.a(rawmemchr-evex-rtm.o)
                0x000000000044d200                __rawmemchr_evex_rtm
 *fill*         0x000000000044d39a        0x6 
 .text          0x000000000044d3a0       0x43 /usr/lib/gcc/x86_64-linux-gnu/11/../../../x86_64-linux-gnu/libc.a(strcasecmp_l-nonascii.o)
                0x000000000044d3a0                __strcasecmp_l_nonascii
 *fill*         0x000000000044d3e3        0xd 
 .text          0x000000000044d3f0        0xd /usr/lib/gcc/x86_64-linux-gnu/11/../../../x86_64-linux-gnu/libc.a(wmempcpy.o)
                0x000000000044d3f0                wmempcpy
                0x000000000044d3f0                __wmempcpy
 *fill*         0x000000000044d3fd        0x3 
 .text          0x000000000044d400      0x1e4 /usr/lib/gcc/x86_64-linux-gnu/11/../../../x86_64-linux-gnu/libc.a(wcrtomb.o)
                0x000000000044d400                __wcrtomb
                0x000000000044d400                wcrtomb
 *fill*         0x000000000044d5e4        0xc 
 .text          0x000000000044d5f0       0x22 /usr/lib/gcc/x86_64-linux-gnu/11/../../../x86_64-linux-gnu/libc.a(mbsrtowcs.o)
                0x000000000044d5f0                mbsrtowcs
                0x000000000044d5f0                __mbsrtowcs
 *fill*         0x000000000044d612        0xe 
 .text          0x000000000044d620      0x2fa /usr/lib/gcc/x86_64-linux-gnu/11/../../../x86_64-linux-gnu/libc.a(wcsrtombs.o)
                0x000000000044d620                wcsrtombs
                0x000000000044d620                __wcsrtombs
 *fill*         0x000000000044d91a        0x6 
 .text          0x000000000044d920       0x70 /usr/lib/gcc/x86_64-linux-gnu/11/../../../x86_64-linux-gnu/libc.a(wcsnlen.o)
                0x000000000044d920                wcsnlen
                0x000000000044d920                __wcsnlen
 .text          0x000000000044d990      0x684 /usr/lib/gcc/x86_64-linux-gnu/11/../../../x86_64-linux-gnu/libc.a(wcsmbsload.o)
                0x000000000044d990                _nl_cleanup_ctype
                0x000000000044d9e0                __wcsmbs_getfct
                0x000000000044da60                __wcsmbs_load_conv
                0x000000000044de20                __wcsmbs_clone_conv
                0x000000000044df10                __wcsmbs_named_conv
 *fill*         0x000000000044e014        0xc 
 .text          0x000000000044e020      0x38d /usr/lib/gcc/x86_64-linux-gnu/11/../../../x86_64-linux-gnu/libc.a(mbsrtowcs_l.o)
                0x000000000044e020                __mbsrtowcs_l
 *fill*         0x000000000044e3ad        0x3 
 .text          0x000000000044e3b0       0x38 /usr/lib/gcc/x86_64-linux-gnu/11/../../../x86_64-linux-gnu/libc.a(wcsnlen-c.o)
                0x000000000044e3b0                __wcsnlen_sse2
 *fill*         0x000000000044e3e8        0x8 
 .text          0x000000000044e3f0      0x22c /usr/lib/gcc/x86_64-linux-gnu/11/../../../x86_64-linux-gnu/libc.a(wcsnlen-sse4_1.o)
                0x000000000044e3f0                __wcsnlen_sse4_1
 .text          0x000000000044e61c        0x0 /usr/lib/gcc/x86_64-linux-gnu/11/../../../x86_64-linux-gnu/libc.a(wcsnlen-avx2.o)
 *fill*         0x000000000044e61c        0x4 
 .text.avx      0x000000000044e620      0x364 /usr/lib/gcc/x86_64-linux-gnu/11/../../../x86_64-linux-gnu/libc.a(wcsnlen-avx2.o)
                0x000000000044e620                __wcsnlen_avx2
 .text          0x000000000044e984        0x0 /usr/lib/gcc/x86_64-linux-gnu/11/../../../x86_64-linux-gnu/libc.a(wcsnlen-avx2-rtm.o)
 *fill*         0x000000000044e984       0x1c 
 .text.avx.rtm  0x000000000044e9a0      0x372 /usr/lib/gcc/x86_64-linux-gnu/11/../../../x86_64-linux-gnu/libc.a(wcsnlen-avx2-rtm.o)
                0x000000000044e9a0                __wcsnlen_avx2_rtm
 .text          0x000000000044ed12        0x0 /usr/lib/gcc/x86_64-linux-gnu/11/../../../x86_64-linux-gnu/libc.a(wcsnlen-evex.o)
 *fill*         0x000000000044ed12        0xe 
 .text.evex     0x000000000044ed20      0x301 /usr/lib/gcc/x86_64-linux-gnu/11/../../../x86_64-linux-gnu/libc.a(wcsnlen-evex.o)
                0x000000000044ed20                __wcsnlen_evex
 *fill*         0x000000000044f021        0xf 
 .text          0x000000000044f030       0x83 /usr/lib/gcc/x86_64-linux-gnu/11/../../../x86_64-linux-gnu/libc.a(clock_gettime.o)
                0x000000000044f030                clock_gettime
                0x000000000044f030                __clock_gettime
 *fill*         0x000000000044f0b3        0xd 
 .text          0x000000000044f0c0       0x50 /usr/lib/gcc/x86_64-linux-gnu/11/../../../x86_64-linux-gnu/libc.a(_exit.o)
                0x000000000044f0c0                _Exit
                0x000000000044f0c0                _exit
 .text          0x000000000044f110        0xc /usr/lib/gcc/x86_64-linux-gnu/11/../../../x86_64-linux-gnu/libc.a(getpid.o)
                0x000000000044f110                __getpid
                0x000000000044f110                getpid
 *fill*         0x000000000044f11c        0x4 
 .text          0x000000000044f120      0x716 /usr/lib/gcc/x86_64-linux-gnu/11/../../../x86_64-linux-gnu/libc.a(sysconf.o)
                0x000000000044f250                sysconf
                0x000000000044f250                __sysconf
 *fill*         0x000000000044f836        0xa 
 .text          0x000000000044f840       0x25 /usr/lib/gcc/x86_64-linux-gnu/11/../../../x86_64-linux-gnu/libc.a(sched_yield.o)
                0x000000000044f840                __sched_yield
                0x000000000044f840                sched_yield
 *fill*         0x000000000044f865        0xb 
 .text          0x000000000044f870       0x56 /usr/lib/gcc/x86_64-linux-gnu/11/../../../x86_64-linux-gnu/libc.a(get_child_max.o)
                0x000000000044f870                __get_child_max
 .text          0x000000000044f8c6        0x0 /usr/lib/gcc/x86_64-linux-gnu/11/../../../x86_64-linux-gnu/libc.a(environ.o)
 *fill*         0x000000000044f8c6        0xa 
 .text          0x000000000044f8d0       0x16 /usr/lib/gcc/x86_64-linux-gnu/11/../../../x86_64-linux-gnu/libc.a(stat64.o)
                0x000000000044f8d0                stat64
                0x000000000044f8d0                __stat
                0x000000000044f8d0                __stat64
                0x000000000044f8d0                stat
 *fill*         0x000000000044f8e6        0xa 
 .text          0x000000000044f8f0       0x34 /usr/lib/gcc/x86_64-linux-gnu/11/../../../x86_64-linux-gnu/libc.a(fstat64.o)
                0x000000000044f8f0                fstat64
                0x000000000044f8f0                fstat
                0x000000000044f8f0                __fstat64
                0x000000000044f8f0                __fstat
 *fill*         0x000000000044f924        0xc 
 .text          0x000000000044f930       0x32 /usr/lib/gcc/x86_64-linux-gnu/11/../../../x86_64-linux-gnu/libc.a(fstatat64.o)
                0x000000000044f930                fstatat
                0x000000000044f930                __fstatat
                0x000000000044f930                fstatat64
                0x000000000044f930                __fstatat64
                0x000000000044f930                __GI___fstatat
 *fill*         0x000000000044f962        0xe 
 .text          0x000000000044f970      0x128 /usr/lib/gcc/x86_64-linux-gnu/11/../../../x86_64-linux-gnu/libc.a(open64.o)
                0x000000000044f970                __open
                0x000000000044f970                __libc_open64
                0x000000000044f970                __libc_open
                0x000000000044f970                open64
                0x000000000044f970                open
                0x000000000044f970                __open64
 *fill*         0x000000000044fa98        0x8 
 .text          0x000000000044faa0       0x9d /usr/lib/gcc/x86_64-linux-gnu/11/../../../x86_64-linux-gnu/libc.a(read.o)
                0x000000000044faa0                __read
                0x000000000044faa0                __libc_read
                0x000000000044faa0                read
 *fill*         0x000000000044fb3d        0x3 
 .text          0x000000000044fb40       0x9d /usr/lib/gcc/x86_64-linux-gnu/11/../../../x86_64-linux-gnu/libc.a(write.o)
                0x000000000044fb40                __write
                0x000000000044fb40                write
                0x000000000044fb40                __libc_write
 *fill*         0x000000000044fbdd        0x3 
 .text          0x000000000044fbe0       0x2c /usr/lib/gcc/x86_64-linux-gnu/11/../../../x86_64-linux-gnu/libc.a(lseek64.o)
                0x000000000044fbe0                __lseek64
                0x000000000044fbe0                lseek
                0x000000000044fbe0                __libc_lseek64
                0x000000000044fbe0                __lseek
                0x000000000044fbe0                __libc_lseek
                0x000000000044fbe0                lseek64
 *fill*         0x000000000044fc0c        0x4 
 .text          0x000000000044fc10      0x720 /usr/lib/gcc/x86_64-linux-gnu/11/../../../x86_64-linux-gnu/libc.a(getcwd.o)
                0x000000000044fc10                __getcwd
                0x000000000044fc10                getcwd
 .text          0x0000000000450330       0x2a /usr/lib/gcc/x86_64-linux-gnu/11/../../../x86_64-linux-gnu/libc.a(close_nocancel.o)
                0x0000000000450330                __close_nocancel
 *fill*         0x000000000045035a        0x6 
 .text          0x0000000000450360      0x138 /usr/lib/gcc/x86_64-linux-gnu/11/../../../x86_64-linux-gnu/libc.a(fcntl_nocancel.o)
                0x0000000000450360                __fcntl64_nocancel
                0x0000000000450410                __fcntl64_nocancel_adjusted
 *fill*         0x0000000000450498        0x8 
 .text          0x00000000004504a0       0xb0 /usr/lib/gcc/x86_64-linux-gnu/11/../../../x86_64-linux-gnu/libc.a(open64_nocancel.o)
                0x00000000004504a0                __open_nocancel
                0x00000000004504a0                __open64_nocancel
 .text          0x0000000000450550       0x2c /usr/lib/gcc/x86_64-linux-gnu/11/../../../x86_64-linux-gnu/libc.a(read_nocancel.o)
                0x0000000000450550                __read_nocancel
 *fill*         0x000000000045057c        0x4 
 .text          0x0000000000450580       0x2c /usr/lib/gcc/x86_64-linux-gnu/11/../../../x86_64-linux-gnu/libc.a(write_nocancel.o)
                0x0000000000450580                __write_nocancel
 *fill*         0x00000000004505ac        0x4 
 .text          0x00000000004505b0       0x32 /usr/lib/gcc/x86_64-linux-gnu/11/../../../x86_64-linux-gnu/libc.a(getrlimit64.o)
                0x00000000004505b0                getrlimit
                0x00000000004505b0                getrlimit64
                0x00000000004505b0                __getrlimit
                0x00000000004505b0                __GI___getrlimit
                0x00000000004505b0                __GI_getrlimit
                0x00000000004505b0                __getrlimit64
 *fill*         0x00000000004505e2        0xe 
 .text          0x00000000004505f0       0x34 /usr/lib/gcc/x86_64-linux-gnu/11/../../../x86_64-linux-gnu/libc.a(brk.o)
                0x00000000004505f0                __brk
                0x00000000004505f0                brk
 *fill*         0x0000000000450624        0xc 
 .text          0x0000000000450630       0x8c /usr/lib/gcc/x86_64-linux-gnu/11/../../../x86_64-linux-gnu/libc.a(sbrk.o)
                0x0000000000450630                sbrk
                0x0000000000450630                __sbrk
 *fill*         0x00000000004506bc        0x4 
 .text          0x00000000004506c0       0x31 /usr/lib/gcc/x86_64-linux-gnu/11/../../../x86_64-linux-gnu/libc.a(getpagesize.o)
                0x00000000004506c0                getpagesize
                0x00000000004506c0                __getpagesize
 *fill*         0x00000000004506f1        0xf 
 .text          0x0000000000450700       0x4a /usr/lib/gcc/x86_64-linux-gnu/11/../../../x86_64-linux-gnu/libc.a(getdtsz.o)
                0x0000000000450700                __getdtablesize
                0x0000000000450700                getdtablesize
 *fill*         0x000000000045074a        0x6 
 .text          0x0000000000450750       0x54 /usr/lib/gcc/x86_64-linux-gnu/11/../../../x86_64-linux-gnu/libc.a(mmap64.o)
                0x0000000000450750                __mmap
                0x0000000000450750                mmap
                0x0000000000450750                __mmap64
                0x0000000000450750                mmap64
 *fill*         0x00000000004507a4        0xc 
 .text          0x00000000004507b0       0x25 /usr/lib/gcc/x86_64-linux-gnu/11/../../../x86_64-linux-gnu/libc.a(munmap.o)
                0x00000000004507b0                munmap
                0x00000000004507b0                __munmap
 *fill*         0x00000000004507d5        0xb 
 .text          0x00000000004507e0       0x25 /usr/lib/gcc/x86_64-linux-gnu/11/../../../x86_64-linux-gnu/libc.a(mprotect.o)
                0x00000000004507e0                __mprotect
                0x00000000004507e0                mprotect
 *fill*         0x0000000000450805        0xb 
 .text          0x0000000000450810       0x25 /usr/lib/gcc/x86_64-linux-gnu/11/../../../x86_64-linux-gnu/libc.a(madvise.o)
                0x0000000000450810                madvise
                0x0000000000450810                __madvise
 *fill*         0x0000000000450835        0xb 
 .text          0x0000000000450840     0x10ed /usr/lib/gcc/x86_64-linux-gnu/11/../../../x86_64-linux-gnu/libc.a(tsearch.o)
                0x0000000000450b40                tsearch
                0x0000000000450b40                __tsearch
                0x0000000000450f40                tfind
                0x0000000000450f40                __tfind
                0x0000000000450fc0                tdelete
                0x0000000000450fc0                __tdelete
                0x0000000000451620                __twalk
                0x0000000000451620                twalk
                0x00000000004516d0                twalk_r
                0x00000000004516d0                __twalk_r
                0x0000000000451780                __tdestroy
                0x0000000000451780                tdestroy
 *fill*         0x000000000045192d        0x3 
 .text          0x0000000000451930      0x6bb /usr/lib/gcc/x86_64-linux-gnu/11/../../../x86_64-linux-gnu/libc.a(getsysstats.o)
                0x0000000000451d10                __get_nprocs_sched
                0x0000000000451d90                __get_nprocs
                0x0000000000451d90                get_nprocs
                0x0000000000451dd0                __get_nprocs_conf
                0x0000000000451dd0                get_nprocs_conf
                0x0000000000451ed0                get_phys_pages
                0x0000000000451ed0                __get_phys_pages
                0x0000000000451f60                get_avphys_pages
                0x0000000000451f60                __get_avphys_pages
 *fill*         0x0000000000451feb        0x5 
 .text          0x0000000000451ff0       0x15 /usr/lib/gcc/x86_64-linux-gnu/11/../../../x86_64-linux-gnu/libc.a(getclktck.o)
                0x0000000000451ff0                __getclktck
 *fill*         0x0000000000452005        0xb 
 .text          0x0000000000452010       0x51 /usr/lib/gcc/x86_64-linux-gnu/11/../../../x86_64-linux-gnu/libc.a(init-misc.o)
                0x0000000000452010                __init_misc
 *fill*         0x0000000000452061        0xf 
 .text          0x0000000000452070       0x92 /usr/lib/gcc/x86_64-linux-gnu/11/../../../x86_64-linux-gnu/libc.a(mremap.o)
                0x0000000000452070                mremap
                0x0000000000452070                __mremap
 *fill*         0x0000000000452102        0xe 
 .text          0x0000000000452110       0x25 /usr/lib/gcc/x86_64-linux-gnu/11/../../../x86_64-linux-gnu/libc.a(sysinfo.o)
                0x0000000000452110                sysinfo
                0x0000000000452110                __sysinfo
 *fill*         0x0000000000452135        0xb 
 .text          0x0000000000452140      0x3e4 /usr/lib/gcc/x86_64-linux-gnu/11/../../../x86_64-linux-gnu/libc.a(malloc-hugepages.o)
                0x0000000000452140                __malloc_default_thp_pagesize
                0x00000000004521f0                __malloc_thp_mode
                0x00000000004522c0                __malloc_hugepage_config
 *fill*         0x0000000000452524        0xc 
 .text          0x0000000000452530       0x85 /usr/lib/gcc/x86_64-linux-gnu/11/../../../x86_64-linux-gnu/libc.a(wctrans.o)
                0x0000000000452530                __wctrans
                0x0000000000452530                wctrans
 *fill*         0x00000000004525b5        0xb 
 .text          0x00000000004525c0       0x4d /usr/lib/gcc/x86_64-linux-gnu/11/../../../x86_64-linux-gnu/libc.a(towctrans.o)
                0x00000000004525c0                towctrans
                0x00000000004525c0                __towctrans
 *fill*         0x000000000045260d        0x3 
 .text          0x0000000000452610       0x16 /usr/lib/gcc/x86_64-linux-gnu/11/../../../x86_64-linux-gnu/libc.a(chk_fail.o)
                0x0000000000452610                __chk_fail
 *fill*         0x0000000000452626        0xa 
 .text          0x0000000000452630      0x204 /usr/lib/gcc/x86_64-linux-gnu/11/../../../x86_64-linux-gnu/libc.a(readonly-area.o)
                0x0000000000452630                __readonly_area
 *fill*         0x0000000000452834        0xc 
 .text          0x0000000000452840       0x16 /usr/lib/gcc/x86_64-linux-gnu/11/../../../x86_64-linux-gnu/libc.a(stack_chk_fail.o)
                0x0000000000452840                __stack_chk_fail_local
                0x0000000000452840                __stack_chk_fail
 *fill*         0x0000000000452856        0xa 
 .text          0x0000000000452860       0x2c /usr/lib/gcc/x86_64-linux-gnu/11/../../../x86_64-linux-gnu/libc.a(fortify_fail.o)
                0x0000000000452860                __fortify_fail
 *fill*         0x000000000045288c        0x4 
 .text          0x0000000000452890       0xf2 /usr/lib/gcc/x86_64-linux-gnu/11/../../../x86_64-linux-gnu/libc.a(dl-debug.o)
                0x0000000000452890                _dl_debug_state
                0x00000000004528a0                _dl_debug_update
                0x00000000004528f0                _dl_debug_initialize
 .text          0x0000000000452982        0x0 /usr/lib/gcc/x86_64-linux-gnu/11/../../../x86_64-linux-gnu/libc.a(dl-debug-symbols.o)
 *fill*         0x0000000000452982        0xe 
 .text          0x0000000000452990      0xc5c /usr/lib/gcc/x86_64-linux-gnu/11/../../../x86_64-linux-gnu/libc.a(dl-tls.o)
                0x0000000000452a40                _dl_tls_static_surplus_init
                0x0000000000452ae0                _dl_assign_tls_modid
                0x0000000000452bf0                _dl_count_modids
                0x0000000000452c60                _dl_get_tls_static_info
                0x0000000000452c80                _dl_allocate_tls_storage
                0x0000000000452d50                _dl_allocate_tls_init
                0x0000000000452fe0                _dl_allocate_tls
                0x00000000004532b0                _dl_deallocate_tls
                0x0000000000453340                _dl_tls_get_addr_soft
                0x00000000004533c0                _dl_add_to_slotinfo
                0x00000000004534c0                _dl_init_static_tls
 *fill*         0x00000000004535ec        0x4 
 .text          0x00000000004535f0      0x18c /usr/lib/gcc/x86_64-linux-gnu/11/../../../x86_64-linux-gnu/libc.a(dl-tls_init_tp.o)
                0x00000000004535f0                __tls_pre_init_tp
                0x0000000000453640                __tls_init_tp
 *fill*         0x000000000045377c        0x4 
 .text          0x0000000000453780      0xabd /usr/lib/gcc/x86_64-linux-gnu/11/../../../x86_64-linux-gnu/libc.a(dl-tunables.o)
                0x0000000000453c80                __tunable_set_val
                0x0000000000453dd0                __tunables_init
                0x00000000004540c0                __tunables_print
                0x00000000004541d0                __tunable_get_val
 *fill*         0x000000000045423d        0x3 
 .text          0x0000000000454240      0x2ea /usr/lib/gcc/x86_64-linux-gnu/11/../../../x86_64-linux-gnu/libc.a(dl-error.o)
                0x00000000004542f0                _dl_signal_exception